Archive member included to satisfy reference by file (symbol)

c:/program files (x86)/atmel/studio/7.0/toolchain/arm/arm-gnu-toolchain/bin/../lib/gcc/arm-none-eabi/6.2.1/thumb/v7e-m\libgcc.a(_aeabi_uldivmod.o)
                              src/main.o (__aeabi_uldivmod)
c:/program files (x86)/atmel/studio/7.0/toolchain/arm/arm-gnu-toolchain/bin/../lib/gcc/arm-none-eabi/6.2.1/thumb/v7e-m\libgcc.a(_udivmoddi4.o)
                              c:/program files (x86)/atmel/studio/7.0/toolchain/arm/arm-gnu-toolchain/bin/../lib/gcc/arm-none-eabi/6.2.1/thumb/v7e-m\libgcc.a(_aeabi_uldivmod.o) (__udivmoddi4)
c:/program files (x86)/atmel/studio/7.0/toolchain/arm/arm-gnu-toolchain/bin/../lib/gcc/arm-none-eabi/6.2.1/thumb/v7e-m\libgcc.a(_dvmd_tls.o)
                              c:/program files (x86)/atmel/studio/7.0/toolchain/arm/arm-gnu-toolchain/bin/../lib/gcc/arm-none-eabi/6.2.1/thumb/v7e-m\libgcc.a(_aeabi_uldivmod.o) (__aeabi_ldiv0)
c:/program files (x86)/atmel/studio/7.0/toolchain/arm/arm-gnu-toolchain/bin/../lib/gcc/arm-none-eabi/6.2.1/../../../../arm-none-eabi/lib/thumb/v7e-m\libc.a(lib_a-exit.o)
                              c:/program files (x86)/atmel/studio/7.0/toolchain/arm/arm-gnu-toolchain/bin/../lib/gcc/arm-none-eabi/6.2.1/../../../../arm-none-eabi/lib/thumb/v7e-m/crt0.o (exit)
c:/program files (x86)/atmel/studio/7.0/toolchain/arm/arm-gnu-toolchain/bin/../lib/gcc/arm-none-eabi/6.2.1/../../../../arm-none-eabi/lib/thumb/v7e-m\libc.a(lib_a-impure.o)
                              c:/program files (x86)/atmel/studio/7.0/toolchain/arm/arm-gnu-toolchain/bin/../lib/gcc/arm-none-eabi/6.2.1/../../../../arm-none-eabi/lib/thumb/v7e-m\libc.a(lib_a-exit.o) (_global_impure_ptr)
c:/program files (x86)/atmel/studio/7.0/toolchain/arm/arm-gnu-toolchain/bin/../lib/gcc/arm-none-eabi/6.2.1/../../../../arm-none-eabi/lib/thumb/v7e-m\libc.a(lib_a-init.o)
                              c:/program files (x86)/atmel/studio/7.0/toolchain/arm/arm-gnu-toolchain/bin/../lib/gcc/arm-none-eabi/6.2.1/../../../../arm-none-eabi/lib/thumb/v7e-m/crt0.o (__libc_init_array)
c:/program files (x86)/atmel/studio/7.0/toolchain/arm/arm-gnu-toolchain/bin/../lib/gcc/arm-none-eabi/6.2.1/../../../../arm-none-eabi/lib/thumb/v7e-m\libc.a(lib_a-iprintf.o)
                              src/main.o (iprintf)
c:/program files (x86)/atmel/studio/7.0/toolchain/arm/arm-gnu-toolchain/bin/../lib/gcc/arm-none-eabi/6.2.1/../../../../arm-none-eabi/lib/thumb/v7e-m\libc.a(lib_a-memset.o)
                              c:/program files (x86)/atmel/studio/7.0/toolchain/arm/arm-gnu-toolchain/bin/../lib/gcc/arm-none-eabi/6.2.1/../../../../arm-none-eabi/lib/thumb/v7e-m/crt0.o (memset)
c:/program files (x86)/atmel/studio/7.0/toolchain/arm/arm-gnu-toolchain/bin/../lib/gcc/arm-none-eabi/6.2.1/../../../../arm-none-eabi/lib/thumb/v7e-m\libc.a(lib_a-setbuf.o)
                              src/main.o (setbuf)
c:/program files (x86)/atmel/studio/7.0/toolchain/arm/arm-gnu-toolchain/bin/../lib/gcc/arm-none-eabi/6.2.1/../../../../arm-none-eabi/lib/thumb/v7e-m\libc.a(lib_a-setvbuf.o)
                              c:/program files (x86)/atmel/studio/7.0/toolchain/arm/arm-gnu-toolchain/bin/../lib/gcc/arm-none-eabi/6.2.1/../../../../arm-none-eabi/lib/thumb/v7e-m\libc.a(lib_a-setbuf.o) (setvbuf)
c:/program files (x86)/atmel/studio/7.0/toolchain/arm/arm-gnu-toolchain/bin/../lib/gcc/arm-none-eabi/6.2.1/../../../../arm-none-eabi/lib/thumb/v7e-m\libc.a(lib_a-vfiprintf.o)
                              c:/program files (x86)/atmel/studio/7.0/toolchain/arm/arm-gnu-toolchain/bin/../lib/gcc/arm-none-eabi/6.2.1/../../../../arm-none-eabi/lib/thumb/v7e-m\libc.a(lib_a-iprintf.o) (_vfiprintf_r)
c:/program files (x86)/atmel/studio/7.0/toolchain/arm/arm-gnu-toolchain/bin/../lib/gcc/arm-none-eabi/6.2.1/../../../../arm-none-eabi/lib/thumb/v7e-m\libc.a(lib_a-wsetup.o)
                              c:/program files (x86)/atmel/studio/7.0/toolchain/arm/arm-gnu-toolchain/bin/../lib/gcc/arm-none-eabi/6.2.1/../../../../arm-none-eabi/lib/thumb/v7e-m\libc.a(lib_a-vfiprintf.o) (__swsetup_r)
c:/program files (x86)/atmel/studio/7.0/toolchain/arm/arm-gnu-toolchain/bin/../lib/gcc/arm-none-eabi/6.2.1/../../../../arm-none-eabi/lib/thumb/v7e-m\libc.a(lib_a-__call_atexit.o)
                              c:/program files (x86)/atmel/studio/7.0/toolchain/arm/arm-gnu-toolchain/bin/../lib/gcc/arm-none-eabi/6.2.1/../../../../arm-none-eabi/lib/thumb/v7e-m\libc.a(lib_a-exit.o) (__call_exitprocs)
c:/program files (x86)/atmel/studio/7.0/toolchain/arm/arm-gnu-toolchain/bin/../lib/gcc/arm-none-eabi/6.2.1/../../../../arm-none-eabi/lib/thumb/v7e-m\libc.a(lib_a-atexit.o)
                              c:/program files (x86)/atmel/studio/7.0/toolchain/arm/arm-gnu-toolchain/bin/../lib/gcc/arm-none-eabi/6.2.1/../../../../arm-none-eabi/lib/thumb/v7e-m\libc.a(lib_a-__call_atexit.o) (atexit)
[...]
Memory Configuration

Name             Origin             Length             Attributes
rom              0x00400000         0x00200000         xr
ram              0x20400000         0x00060000         xrw
*default*        0x00000000         0xffffffff

Linker script and memory map

LOAD c:/program files (x86)/atmel/studio/7.0/toolchain/arm/arm-gnu-toolchain/bin/../lib/gcc/arm-none-eabi/6.2.1/thumb/v7e-m/crti.o
LOAD c:/program files (x86)/atmel/studio/7.0/toolchain/arm/arm-gnu-toolchain/bin/../lib/gcc/arm-none-eabi/6.2.1/thumb/v7e-m/crtbegin.o
LOAD c:/program files (x86)/atmel/studio/7.0/toolchain/arm/arm-gnu-toolchain/bin/../lib/gcc/arm-none-eabi/6.2.1/../../../../arm-none-eabi/lib/thumb/v7e-m/crt0.o
LOAD src/ASF/common/services/clock/same70/sysclk.o
LOAD src/ASF/common/services/delay/sam/cycle_counter.o
LOAD src/ASF/common/services/serial/usart_serial.o
LOAD src/ASF/common/services/sleepmgr/sam/sleepmgr.o
LOAD src/ASF/common/utils/interrupt/interrupt_sam_nvic.o
LOAD src/ASF/common/utils/stdio/read.o
LOAD src/ASF/common/utils/stdio/write.o
LOAD src/ASF/sam/boards/same70_xplained/init.o
LOAD src/ASF/sam/drivers/matrix/matrix.o
LOAD src/ASF/sam/drivers/mpu/mpu.o
LOAD src/ASF/sam/drivers/pio/pio.o
LOAD src/ASF/sam/drivers/pio/pio_handler.o
LOAD src/ASF/sam/drivers/pmc/pmc.o
LOAD src/ASF/sam/drivers/pmc/sleep.o
LOAD src/ASF/sam/drivers/rtc/rtc.o
LOAD src/ASF/sam/drivers/tc/tc.o
LOAD src/ASF/sam/drivers/twihs/twihs.o
LOAD src/ASF/sam/drivers/uart/uart.o
LOAD src/ASF/sam/drivers/usart/usart.o
LOAD src/ASF/sam/drivers/xdmac/xdmac.o
LOAD src/ASF/sam/utils/cmsis/same70/source/templates/gcc/startup_same70.o
LOAD src/ASF/sam/utils/cmsis/same70/source/templates/system_same70.o
LOAD src/ASF/sam/utils/syscalls/gcc/syscalls.o
LOAD src/main.o
START GROUP
LOAD ../src/ASF/thirdparty/CMSIS/Lib/GCC\libarm_cortexM7lfsp_math_softfp.a
LOAD c:/program files (x86)/atmel/studio/7.0/toolchain/arm/arm-gnu-toolchain/bin/../lib/gcc/arm-none-eabi/6.2.1/../../../../arm-none-eabi/lib/thumb/v7e-m\libm.a
END GROUP
START GROUP
LOAD c:/program files (x86)/atmel/studio/7.0/toolchain/arm/arm-gnu-toolchain/bin/../lib/gcc/arm-none-eabi/6.2.1/thumb/v7e-m\libgcc.a
LOAD c:/program files (x86)/atmel/studio/7.0/toolchain/arm/arm-gnu-toolchain/bin/../lib/gcc/arm-none-eabi/6.2.1/../../../../arm-none-eabi/lib/thumb/v7e-m\libc.a
END GROUP
LOAD c:/program files (x86)/atmel/studio/7.0/toolchain/arm/arm-gnu-toolchain/bin/../lib/gcc/arm-none-eabi/6.2.1/thumb/v7e-m/crtend.o
LOAD c:/program files (x86)/atmel/studio/7.0/toolchain/arm/arm-gnu-toolchain/bin/../lib/gcc/arm-none-eabi/6.2.1/thumb/v7e-m/crtn.o
                0x00002000                STACK_SIZE = DEFINED (STACK_SIZE)?STACK_SIZE:0x2000
                0x2045fffc                __ram_end__ = ((ORIGIN (ram) + LENGTH (ram)) - 0x4)
                0x00000200                HEAP_SIZE = DEFINED (HEAP_SIZE)?HEAP_SIZE:0x200

.text           0x00400000     0x58f8
                0x00400000                . = ALIGN (0x4)
                0x00400000                _sfixed = .
 *(.vectors .vectors.*)
 .vectors       0x00400000      0x140 src/ASF/sam/utils/cmsis/same70/source/templates/gcc/startup_same70.o
                0x00400000                exception_table
 *(.text .text.* .gnu.linkonce.t.*)
 .text          0x00400140       0x6c c:/program files (x86)/atmel/studio/7.0/toolchain/arm/arm-gnu-toolchain/bin/../lib/gcc/arm-none-eabi/6.2.1/thumb/v7e-m/crtbegin.o
 .text.osc_enable
                0x004001ac       0x88 src/ASF/common/services/clock/same70/sysclk.o
 .text.osc_is_ready
                0x00400234       0x70 src/ASF/common/services/clock/same70/sysclk.o
 .text.osc_get_rate
                0x004002a4       0x74 src/ASF/common/services/clock/same70/sysclk.o
 .text.osc_wait_ready
                0x00400318       0x2c src/ASF/common/services/clock/same70/sysclk.o
 .text.pll_config_init
                0x00400344       0x6c src/ASF/common/services/clock/same70/sysclk.o
 .text.pll_enable
                0x004003b0       0x40 src/ASF/common/services/clock/same70/sysclk.o
 .text.pll_is_locked
                0x004003f0       0x2c src/ASF/common/services/clock/same70/sysclk.o
 .text.pll_enable_source
                0x0040041c       0x38 src/ASF/common/services/clock/same70/sysclk.o
 .text.pll_wait_for_lock
                0x00400454       0x24 src/ASF/common/services/clock/same70/sysclk.o
 .text.sysclk_get_main_hz
                0x00400478       0x20 src/ASF/common/services/clock/same70/sysclk.o
 .text.sysclk_get_cpu_hz
                0x00400498       0x14 src/ASF/common/services/clock/same70/sysclk.o
 .text.sysclk_init
                0x004004ac       0x7c src/ASF/common/services/clock/same70/sysclk.o
                0x004004ac                sysclk_init
 .text._read    0x00400528       0x54 src/ASF/common/utils/stdio/read.o
                0x00400528                _read
 .text._write   0x0040057c       0x6c src/ASF/common/utils/stdio/write.o
                0x0040057c                _write
 .text.SCB_EnableICache
                0x004005e8       0x38 src/ASF/sam/boards/same70_xplained/init.o
 .text.SCB_EnableDCache
                0x00400620       0xa4 src/ASF/sam/boards/same70_xplained/init.o
 .text.sysclk_enable_peripheral_clock
                0x004006c4       0x1c src/ASF/sam/boards/same70_xplained/init.o
 .text.ioport_init
                0x004006e0       0x2c src/ASF/sam/boards/same70_xplained/init.o
 .text.ioport_disable_pin
                0x0040070c       0x4c src/ASF/sam/boards/same70_xplained/init.o
 .text.ioport_set_pin_mode
                0x00400758      0x11c src/ASF/sam/boards/same70_xplained/init.o
 .text.ioport_set_pin_dir
                0x00400874       0x88 src/ASF/sam/boards/same70_xplained/init.o
 .text.ioport_set_pin_level
                0x004008fc       0x6c src/ASF/sam/boards/same70_xplained/init.o
 .text.ioport_set_pin_sense_mode
                0x00400968       0xd0 src/ASF/sam/boards/same70_xplained/init.o
 .text.tcm_disable
                0x00400a38       0x44 src/ASF/sam/boards/same70_xplained/init.o
 .text.board_init
                0x00400a7c       0xd4 src/ASF/sam/boards/same70_xplained/init.o
                0x00400a7c                board_init
 .text.pio_pull_up
                0x00400b50       0x2c src/ASF/sam/drivers/pio/pio.o
                0x00400b50                pio_pull_up
 .text.pio_set  0x00400b7c       0x1c src/ASF/sam/drivers/pio/pio.o
                0x00400b7c                pio_set
 .text.pio_clear
                0x00400b98       0x1c src/ASF/sam/drivers/pio/pio.o
                0x00400b98                pio_clear
 .text.pio_set_peripheral
                0x00400bb4      0x110 src/ASF/sam/drivers/pio/pio.o
                0x00400bb4                pio_set_peripheral
 .text.pio_set_input
                0x00400cc4       0x80 src/ASF/sam/drivers/pio/pio.o
                0x00400cc4                pio_set_input
 .text.pio_set_output
                0x00400d44       0x64 src/ASF/sam/drivers/pio/pio.o
                0x00400d44                pio_set_output
 .text.pio_get_output_data_status
                0x00400da8       0x28 src/ASF/sam/drivers/pio/pio.o
                0x00400da8                pio_get_output_data_status
 .text.pio_configure_interrupt
                0x00400dd0       0x6c src/ASF/sam/drivers/pio/pio.o
                0x00400dd0                pio_configure_interrupt
 .text.pio_enable_interrupt
                0x00400e3c       0x1c src/ASF/sam/drivers/pio/pio.o
                0x00400e3c                pio_enable_interrupt
 .text.pio_disable_interrupt
                0x00400e58       0x1c src/ASF/sam/drivers/pio/pio.o
                0x00400e58                pio_disable_interrupt
 .text.pio_get_interrupt_status
                0x00400e74       0x18 src/ASF/sam/drivers/pio/pio.o
                0x00400e74                pio_get_interrupt_status
 .text.pio_get_interrupt_mask
                0x00400e8c       0x18 src/ASF/sam/drivers/pio/pio.o
                0x00400e8c                pio_get_interrupt_mask
 .text.pio_handler_process
                0x00400ea4       0xb4 src/ASF/sam/drivers/pio/pio_handler.o
                0x00400ea4                pio_handler_process
 .text.pio_handler_set
                0x00400f58       0xa0 src/ASF/sam/drivers/pio/pio_handler.o
                0x00400f58                pio_handler_set
 .text.PIOA_Handler
                0x00400ff8       0x18 src/ASF/sam/drivers/pio/pio_handler.o
                0x00400ff8                PIOA_Handler
 .text.PIOB_Handler
                0x00401010       0x18 src/ASF/sam/drivers/pio/pio_handler.o
                0x00401010                PIOB_Handler
 .text.PIOC_Handler
                0x00401028       0x18 src/ASF/sam/drivers/pio/pio_handler.o
                0x00401028                PIOC_Handler
 .text.PIOD_Handler
                0x00401040       0x18 src/ASF/sam/drivers/pio/pio_handler.o
                0x00401040                PIOD_Handler
 .text.PIOE_Handler
                0x00401058       0x18 src/ASF/sam/drivers/pio/pio_handler.o
                0x00401058                PIOE_Handler
 .text.pmc_mck_set_division
                0x00401070       0x7c src/ASF/sam/drivers/pmc/pmc.o
                0x00401070                pmc_mck_set_division
 .text.pmc_switch_mck_to_pllack
                0x004010ec       0x84 src/ASF/sam/drivers/pmc/pmc.o
                0x004010ec                pmc_switch_mck_to_pllack
 .text.pmc_switch_sclk_to_32kxtal
                0x00401170       0x38 src/ASF/sam/drivers/pmc/pmc.o
                0x00401170                pmc_switch_sclk_to_32kxtal
 .text.pmc_osc_is_ready_32kxtal
                0x004011a8       0x34 src/ASF/sam/drivers/pmc/pmc.o
                0x004011a8                pmc_osc_is_ready_32kxtal
 .text.pmc_switch_mainck_to_fastrc
                0x004011dc       0x70 src/ASF/sam/drivers/pmc/pmc.o
                0x004011dc                pmc_switch_mainck_to_fastrc
 .text.pmc_switch_mainck_to_xtal
                0x0040124c       0x78 src/ASF/sam/drivers/pmc/pmc.o
                0x0040124c                pmc_switch_mainck_to_xtal
 .text.pmc_osc_is_ready_mainck
                0x004012c4       0x1c src/ASF/sam/drivers/pmc/pmc.o
                0x004012c4                pmc_osc_is_ready_mainck
 .text.pmc_disable_pllack
                0x004012e0       0x1c src/ASF/sam/drivers/pmc/pmc.o
                0x004012e0                pmc_disable_pllack
 .text.pmc_is_locked_pllack
                0x004012fc       0x1c src/ASF/sam/drivers/pmc/pmc.o
                0x004012fc                pmc_is_locked_pllack
 .text.pmc_is_locked_upll
                0x00401318       0x1c src/ASF/sam/drivers/pmc/pmc.o
                0x00401318                pmc_is_locked_upll
 .text.pmc_enable_periph_clk
                0x00401334       0x84 src/ASF/sam/drivers/pmc/pmc.o
                0x00401334                pmc_enable_periph_clk
 .text.twihs_enable_master_mode
                0x004013b8       0x26 src/ASF/sam/drivers/twihs/twihs.o
                0x004013b8                twihs_enable_master_mode
 *fill*         0x004013de        0x2 
 .text.twihs_master_init
                0x004013e0       0x58 src/ASF/sam/drivers/twihs/twihs.o
                0x004013e0                twihs_master_init
 .text.twihs_set_speed
                0x00401438       0xf4 src/ASF/sam/drivers/twihs/twihs.o
                0x00401438                twihs_set_speed
 .text.twihs_mk_addr
                0x0040152c       0x5c src/ASF/sam/drivers/twihs/twihs.o
 .text.twihs_master_read
                0x00401588       0xe8 src/ASF/sam/drivers/twihs/twihs.o
                0x00401588                twihs_master_read
 .text.twihs_master_write
                0x00401670       0xdc src/ASF/sam/drivers/twihs/twihs.o
                0x00401670                twihs_master_write
 .text.twihs_reset
                0x0040174c       0x1e src/ASF/sam/drivers/twihs/twihs.o
                0x0040174c                twihs_reset
 .text.uart_init
                0x0040176a       0x58 src/ASF/sam/drivers/uart/uart.o
                0x0040176a                uart_init
 .text.uart_write
                0x004017c2       0x30 src/ASF/sam/drivers/uart/uart.o
                0x004017c2                uart_write
 .text.uart_read
                0x004017f2       0x32 src/ASF/sam/drivers/uart/uart.o
                0x004017f2                uart_read
 .text.usart_set_async_baudrate
                0x00401824       0x8a src/ASF/sam/drivers/usart/usart.o
                0x00401824                usart_set_async_baudrate
 *fill*         0x004018ae        0x2 
 .text.usart_reset
                0x004018b0       0x54 src/ASF/sam/drivers/usart/usart.o
                0x004018b0                usart_reset
 .text.usart_init_rs232
                0x00401904       0x84 src/ASF/sam/drivers/usart/usart.o
                0x00401904                usart_init_rs232
 .text.usart_enable_tx
                0x00401988       0x1a src/ASF/sam/drivers/usart/usart.o
                0x00401988                usart_enable_tx
 .text.usart_reset_tx
                0x004019a2       0x1a src/ASF/sam/drivers/usart/usart.o
                0x004019a2                usart_reset_tx
 .text.usart_enable_rx
                0x004019bc       0x1a src/ASF/sam/drivers/usart/usart.o
                0x004019bc                usart_enable_rx
 .text.usart_reset_rx
                0x004019d6       0x1a src/ASF/sam/drivers/usart/usart.o
                0x004019d6                usart_reset_rx
 .text.usart_reset_status
                0x004019f0       0x1c src/ASF/sam/drivers/usart/usart.o
                0x004019f0                usart_reset_status
 .text.usart_drive_RTS_pin_high
                0x00401a0c       0x1c src/ASF/sam/drivers/usart/usart.o
                0x00401a0c                usart_drive_RTS_pin_high
 .text.usart_write
                0x00401a28       0x32 src/ASF/sam/drivers/usart/usart.o
                0x00401a28                usart_write
 .text.usart_read
                0x00401a5a       0x34 src/ASF/sam/drivers/usart/usart.o
                0x00401a5a                usart_read
 *fill*         0x00401a8e        0x2 
 .text.usart_disable_writeprotect
                0x00401a90       0x20 src/ASF/sam/drivers/usart/usart.o
                0x00401a90                usart_disable_writeprotect
 .text.cpu_irq_save
                0x00401ab0       0x38 src/ASF/sam/utils/cmsis/same70/source/templates/gcc/startup_same70.o
 .text.cpu_irq_is_enabled_flags
                0x00401ae8       0x20 src/ASF/sam/utils/cmsis/same70/source/templates/gcc/startup_same70.o
 .text.cpu_irq_restore
                0x00401b08       0x30 src/ASF/sam/utils/cmsis/same70/source/templates/gcc/startup_same70.o
 .text.Reset_Handler
                0x00401b38       0xb0 src/ASF/sam/utils/cmsis/same70/source/templates/gcc/startup_same70.o
                0x00401b38                Reset_Handler
 .text.Dummy_Handler
                0x00401be8        0x6 src/ASF/sam/utils/cmsis/same70/source/templates/gcc/startup_same70.o
                0x00401be8                DACC_Handler
                0x00401be8                DebugMon_Handler
                0x00401be8                UART3_Handler
                0x00401be8                UART2_Handler
                0x00401be8                TRNG_Handler
                0x00401be8                HardFault_Handler
                0x00401be8                TC2_Handler
                0x00401be8                SysTick_Handler
                0x00401be8                AFEC1_Handler
                0x00401be8                PendSV_Handler
                0x00401be8                NMI_Handler
                0x00401be8                TC7_Handler
                0x00401be8                QSPI_Handler
                0x00401be8                ISI_Handler
                0x00401be8                TC9_Handler
                0x00401be8                RSWDT_Handler
                0x00401be8                MCAN1_Handler
                0x00401be8                USART0_Handler
                0x00401be8                RTT_Handler
                0x00401be8                USBHS_Handler
                0x00401be8                RTC_Handler
                0x00401be8                UsageFault_Handler
                0x00401be8                TC6_Handler
                0x00401be8                WDT_Handler
                0x00401be8                TC4_Handler
                0x00401be8                TC1_Handler
                0x00401be8                HSMCI_Handler
                0x00401be8                UART1_Handler
                0x00401be8                TC3_Handler
                0x00401be8                Dummy_Handler
                0x00401be8                TWIHS1_Handler
                0x00401be8                XDMAC_Handler
                0x00401be8                UART4_Handler
                0x00401be8                PWM1_Handler
                0x00401be8                USART1_Handler
                0x00401be8                PWM0_Handler
                0x00401be8                AFEC0_Handler
                0x00401be8                TC11_Handler
                0x00401be8                SSC_Handler
                0x00401be8                ACC_Handler
                0x00401be8                PMC_Handler
                0x00401be8                GMAC_Handler
                0x00401be8                MemManage_Handler
                0x00401be8                SUPC_Handler
                0x00401be8                SVC_Handler
                0x00401be8                TC8_Handler
                0x00401be8                EFC_Handler
                0x00401be8                USART2_Handler
                0x00401be8                SDRAMC_Handler
                0x00401be8                SPI1_Handler
                0x00401be8                MCAN0_Handler
                0x00401be8                TC10_Handler
                0x00401be8                TWIHS2_Handler
                0x00401be8                UART0_Handler
                0x00401be8                BusFault_Handler
                0x00401be8                RSTC_Handler
                0x00401be8                TC0_Handler
                0x00401be8                TC5_Handler
                0x00401be8                AES_Handler
                0x00401be8                ICM_Handler
                0x00401be8                TWIHS0_Handler
                0x00401be8                SPI0_Handler
 *fill*         0x00401bee        0x2 
 .text.SystemCoreClockUpdate
                0x00401bf0      0x168 src/ASF/sam/utils/cmsis/same70/source/templates/system_same70.o
                0x00401bf0                SystemCoreClockUpdate
 .text.system_init_flash
                0x00401d58       0x98 src/ASF/sam/utils/cmsis/same70/source/templates/system_same70.o
                0x00401d58                system_init_flash
 .text._sbrk    0x00401df0       0x58 src/ASF/sam/utils/syscalls/gcc/syscalls.o
                0x00401df0                _sbrk
 .text._close   0x00401e48       0x18 src/ASF/sam/utils/syscalls/gcc/syscalls.o
                0x00401e48                _close
 .text._fstat   0x00401e60       0x20 src/ASF/sam/utils/syscalls/gcc/syscalls.o
                0x00401e60                _fstat
 .text._isatty  0x00401e80       0x16 src/ASF/sam/utils/syscalls/gcc/syscalls.o
                0x00401e80                _isatty
 .text._lseek   0x00401e96       0x1a src/ASF/sam/utils/syscalls/gcc/syscalls.o
                0x00401e96                _lseek
 .text.NVIC_EnableIRQ
                0x00401eb0       0x34 src/main.o
 .text.NVIC_SetPriority
                0x00401ee4       0x54 src/main.o
 .text.osc_get_rate
                0x00401f38       0x74 src/main.o
 .text.sysclk_get_main_hz
                0x00401fac       0x20 src/main.o
 .text.sysclk_get_cpu_hz
                0x00401fcc       0x14 src/main.o
 .text.sysclk_get_peripheral_hz
                0x00401fe0       0x14 src/main.o
 .text.sysclk_enable_peripheral_clock
                0x00401ff4       0x1c src/main.o
 .text.usart_serial_init
                0x00402010      0x164 src/main.o
 .text.usart_serial_putchar
                0x00402174      0x10c src/main.o
 .text.usart_serial_getchar
                0x00402280      0x108 src/main.o
 .text.stdio_serial_init
                0x00402388       0x68 src/main.o
 .text.Button1_Handler
                0x004023f0       0x34 src/main.o
 .text.pin_toggle
                0x00402424       0x40 src/main.o
                0x00402424                pin_toggle
 .text.BUT_init
                0x00402464       0x6c src/main.o
                0x00402464                BUT_init
 .text.LED_init
                0x004024d0       0x34 src/main.o
                0x004024d0                LED_init
 .text.configure_console
                0x00402504       0x80 src/main.o
 .text.mcu6050_i2c_bus_init
                0x00402584       0x3c src/main.o
                0x00402584                mcu6050_i2c_bus_init
 .text.mcu6050_i2c_bus_write
                0x004025c0       0x54 src/main.o
                0x004025c0                mcu6050_i2c_bus_write
 .text.mcu6050_i2c_bus_read
                0x00402614       0x64 src/main.o
                0x00402614                mcu6050_i2c_bus_read
 .text.main     0x00402678      0x274 src/main.o
                0x00402678                main
 .text          0x004028ec       0x30 c:/program files (x86)/atmel/studio/7.0/toolchain/arm/arm-gnu-toolchain/bin/../lib/gcc/arm-none-eabi/6.2.1/thumb/v7e-m\libgcc.a(_aeabi_uldivmod.o)
                0x004028ec                __aeabi_uldivmod
 .text          0x0040291c      0x2dc c:/program files (x86)/atmel/studio/7.0/toolchain/arm/arm-gnu-toolchain/bin/../lib/gcc/arm-none-eabi/6.2.1/thumb/v7e-m\libgcc.a(_udivmoddi4.o)
                0x0040291c                __udivmoddi4
 .text          0x00402bf8        0x4 c:/program files (x86)/atmel/studio/7.0/toolchain/arm/arm-gnu-toolchain/bin/../lib/gcc/arm-none-eabi/6.2.1/thumb/v7e-m\libgcc.a(_dvmd_tls.o)
                0x00402bf8                __aeabi_idiv0
                0x00402bf8                __aeabi_ldiv0
 .text.__libc_init_array
                0x00402bfc       0x50 c:/program files (x86)/atmel/studio/7.0/toolchain/arm/arm-gnu-toolchain/bin/../lib/gcc/arm-none-eabi/6.2.1/../../../../arm-none-eabi/lib/thumb/v7e-m\libc.a(lib_a-init.o)
                0x00402bfc                __libc_init_array
 .text.iprintf  0x00402c4c       0x28 c:/program files (x86)/atmel/studio/7.0/toolchain/arm/arm-gnu-toolchain/bin/../lib/gcc/arm-none-eabi/6.2.1/../../../../arm-none-eabi/lib/thumb/v7e-m\libc.a(lib_a-iprintf.o)
                0x00402c4c                iprintf
 .text.memset   0x00402c74       0x9c c:/program files (x86)/atmel/studio/7.0/toolchain/arm/arm-gnu-toolchain/bin/../lib/gcc/arm-none-eabi/6.2.1/../../../../arm-none-eabi/lib/thumb/v7e-m\libc.a(lib_a-memset.o)
                0x00402c74                memset
 .text.setbuf   0x00402d10       0x10 c:/program files (x86)/atmel/studio/7.0/toolchain/arm/arm-gnu-toolchain/bin/../lib/gcc/arm-none-eabi/6.2.1/../../../../arm-none-eabi/lib/thumb/v7e-m\libc.a(lib_a-setbuf.o)
                0x00402d10                setbuf
 .text.setvbuf  0x00402d20      0x14c c:/program files (x86)/atmel/studio/7.0/toolchain/arm/arm-gnu-toolchain/bin/../lib/gcc/arm-none-eabi/6.2.1/../../../../arm-none-eabi/lib/thumb/v7e-m\libc.a(lib_a-setvbuf.o)
                0x00402d20                setvbuf
 .text.__sprint_r.part.0
                0x00402e6c       0x80 c:/program files (x86)/atmel/studio/7.0/toolchain/arm/arm-gnu-toolchain/bin/../lib/gcc/arm-none-eabi/6.2.1/../../../../arm-none-eabi/lib/thumb/v7e-m\libc.a(lib_a-vfiprintf.o)
 .text._vfiprintf_r
                0x00402eec      0xc00 c:/program files (x86)/atmel/studio/7.0/toolchain/arm/arm-gnu-toolchain/bin/../lib/gcc/arm-none-eabi/6.2.1/../../../../arm-none-eabi/lib/thumb/v7e-m\libc.a(lib_a-vfiprintf.o)
                0x00402eec                _vfiprintf_r
 .text.__sbprintf
                0x00403aec       0x6c c:/program files (x86)/atmel/studio/7.0/toolchain/arm/arm-gnu-toolchain/bin/../lib/gcc/arm-none-eabi/6.2.1/../../../../arm-none-eabi/lib/thumb/v7e-m\libc.a(lib_a-vfiprintf.o)
 .text.__swsetup_r
                0x00403b58       0xc8 c:/program files (x86)/atmel/studio/7.0/toolchain/arm/arm-gnu-toolchain/bin/../lib/gcc/arm-none-eabi/6.2.1/../../../../arm-none-eabi/lib/thumb/v7e-m\libc.a(lib_a-wsetup.o)
                0x00403b58                __swsetup_r
 .text.startup.register_fini
                0x00403c20       0x14 c:/program files (x86)/atmel/studio/7.0/toolchain/arm/arm-gnu-toolchain/bin/../lib/gcc/arm-none-eabi/6.2.1/../../../../arm-none-eabi/lib/thumb/v7e-m\libc.a(lib_a-__call_atexit.o)
 .text.atexit   0x00403c34        0xc c:/program files (x86)/atmel/studio/7.0/toolchain/arm/arm-gnu-toolchain/bin/../lib/gcc/arm-none-eabi/6.2.1/../../../../arm-none-eabi/lib/thumb/v7e-m\libc.a(lib_a-atexit.o)
                0x00403c34                atexit
 .text.__sflush_r
                0x00403c40      0x140 c:/program files (x86)/atmel/studio/7.0/toolchain/arm/arm-gnu-toolchain/bin/../lib/gcc/arm-none-eabi/6.2.1/../../../../arm-none-eabi/lib/thumb/v7e-m\libc.a(lib_a-fflush.o)
                0x00403c40                __sflush_r
 .text._fflush_r
                0x00403d80       0x2c c:/program files (x86)/atmel/studio/7.0/toolchain/arm/arm-gnu-toolchain/bin/../lib/gcc/arm-none-eabi/6.2.1/../../../../arm-none-eabi/lib/thumb/v7e-m\libc.a(lib_a-fflush.o)
                0x00403d80                _fflush_r
 .text._cleanup_r
                0x00403dac        0xc c:/program files (x86)/atmel/studio/7.0/toolchain/arm/arm-gnu-toolchain/bin/../lib/gcc/arm-none-eabi/6.2.1/../../../../arm-none-eabi/lib/thumb/v7e-m\libc.a(lib_a-findfp.o)
                0x00403dac                _cleanup_r
 .text.__sinit.part.1
                0x00403db8       0xf0 c:/program files (x86)/atmel/studio/7.0/toolchain/arm/arm-gnu-toolchain/bin/../lib/gcc/arm-none-eabi/6.2.1/../../../../arm-none-eabi/lib/thumb/v7e-m\libc.a(lib_a-findfp.o)
 .text.__sinit  0x00403ea8        0xc c:/program files (x86)/atmel/studio/7.0/toolchain/arm/arm-gnu-toolchain/bin/../lib/gcc/arm-none-eabi/6.2.1/../../../../arm-none-eabi/lib/thumb/v7e-m\libc.a(lib_a-findfp.o)
                0x00403ea8                __sinit
 .text.__sfp_lock_acquire
                0x00403eb4        0x4 c:/program files (x86)/atmel/studio/7.0/toolchain/arm/arm-gnu-toolchain/bin/../lib/gcc/arm-none-eabi/6.2.1/../../../../arm-none-eabi/lib/thumb/v7e-m\libc.a(lib_a-findfp.o)
                0x00403eb4                __sfp_lock_acquire
 .text.__sfp_lock_release
                0x00403eb8        0x4 c:/program files (x86)/atmel/studio/7.0/toolchain/arm/arm-gnu-toolchain/bin/../lib/gcc/arm-none-eabi/6.2.1/../../../../arm-none-eabi/lib/thumb/v7e-m\libc.a(lib_a-findfp.o)
                0x00403eb8                __sfp_lock_release
 .text.__libc_fini_array
                0x00403ebc       0x34 c:/program files (x86)/atmel/studio/7.0/toolchain/arm/arm-gnu-toolchain/bin/../lib/gcc/arm-none-eabi/6.2.1/../../../../arm-none-eabi/lib/thumb/v7e-m\libc.a(lib_a-fini.o)
                0x00403ebc                __libc_fini_array
 .text.__fputwc
                0x00403ef0       0xa0 c:/program files (x86)/atmel/studio/7.0/toolchain/arm/arm-gnu-toolchain/bin/../lib/gcc/arm-none-eabi/6.2.1/../../../../arm-none-eabi/lib/thumb/v7e-m\libc.a(lib_a-fputwc.o)
                0x00403ef0                __fputwc
 .text._fputwc_r
                0x00403f90       0x24 c:/program files (x86)/atmel/studio/7.0/toolchain/arm/arm-gnu-toolchain/bin/../lib/gcc/arm-none-eabi/6.2.1/../../../../arm-none-eabi/lib/thumb/v7e-m\libc.a(lib_a-fputwc.o)
                0x00403f90                _fputwc_r
 .text._malloc_trim_r
                0x00403fb4       0xa0 c:/program files (x86)/atmel/studio/7.0/toolchain/arm/arm-gnu-toolchain/bin/../lib/gcc/arm-none-eabi/6.2.1/../../../../arm-none-eabi/lib/thumb/v7e-m\libc.a(lib_a-freer.o)
                0x00403fb4                _malloc_trim_r
 .text._free_r  0x00404054      0x1cc c:/program files (x86)/atmel/studio/7.0/toolchain/arm/arm-gnu-toolchain/bin/../lib/gcc/arm-none-eabi/6.2.1/../../../../arm-none-eabi/lib/thumb/v7e-m\libc.a(lib_a-freer.o)
                0x00404054                _free_r
 .text.__sfvwrite_r
                0x00404220      0x2f0 c:/program files (x86)/atmel/studio/7.0/toolchain/arm/arm-gnu-toolchain/bin/../lib/gcc/arm-none-eabi/6.2.1/../../../../arm-none-eabi/lib/thumb/v7e-m\libc.a(lib_a-fvwrite.o)
                0x00404220                __sfvwrite_r
 .text._fwalk_reent
                0x00404510       0x54 c:/program files (x86)/atmel/studio/7.0/toolchain/arm/arm-gnu-toolchain/bin/../lib/gcc/arm-none-eabi/6.2.1/../../../../arm-none-eabi/lib/thumb/v7e-m\libc.a(lib_a-fwalk.o)
                0x00404510                _fwalk_reent
 .text.__locale_mb_cur_max
                0x00404564       0x1c c:/program files (x86)/atmel/studio/7.0/toolchain/arm/arm-gnu-toolchain/bin/../lib/gcc/arm-none-eabi/6.2.1/../../../../arm-none-eabi/lib/thumb/v7e-m\libc.a(lib_a-locale.o)
                0x00404564                __locale_mb_cur_max
 .text.__swhatbuf_r
                0x00404580       0x5c c:/program files (x86)/atmel/studio/7.0/toolchain/arm/arm-gnu-toolchain/bin/../lib/gcc/arm-none-eabi/6.2.1/../../../../arm-none-eabi/lib/thumb/v7e-m\libc.a(lib_a-makebuf.o)
                0x00404580                __swhatbuf_r
 .text.__smakebuf_r
                0x004045dc       0x88 c:/program files (x86)/atmel/studio/7.0/toolchain/arm/arm-gnu-toolchain/bin/../lib/gcc/arm-none-eabi/6.2.1/../../../../arm-none-eabi/lib/thumb/v7e-m\libc.a(lib_a-makebuf.o)
                0x004045dc                __smakebuf_r
 .text.malloc   0x00404664       0x10 c:/program files (x86)/atmel/studio/7.0/toolchain/arm/arm-gnu-toolchain/bin/../lib/gcc/arm-none-eabi/6.2.1/../../../../arm-none-eabi/lib/thumb/v7e-m\libc.a(lib_a-malloc.o)
                0x00404664                malloc
 .text._malloc_r
                0x00404674      0x560 c:/program files (x86)/atmel/studio/7.0/toolchain/arm/arm-gnu-toolchain/bin/../lib/gcc/arm-none-eabi/6.2.1/../../../../arm-none-eabi/lib/thumb/v7e-m\libc.a(lib_a-mallocr.o)
                0x00404674                _malloc_r
 .text.__ascii_mbtowc
                0x00404bd4       0x2c c:/program files (x86)/atmel/studio/7.0/toolchain/arm/arm-gnu-toolchain/bin/../lib/gcc/arm-none-eabi/6.2.1/../../../../arm-none-eabi/lib/thumb/v7e-m\libc.a(lib_a-mbtowc_r.o)
                0x00404bd4                __ascii_mbtowc
 .text          0x00404c00       0xa0 c:/program files (x86)/atmel/studio/7.0/toolchain/arm/arm-gnu-toolchain/bin/../lib/gcc/arm-none-eabi/6.2.1/../../../../arm-none-eabi/lib/thumb/v7e-m\libc.a(lib_a-memchr.o)
                0x00404c00                memchr
 .text          0x00404ca0      0x134 c:/program files (x86)/atmel/studio/7.0/toolchain/arm/arm-gnu-toolchain/bin/../lib/gcc/arm-none-eabi/6.2.1/../../../../arm-none-eabi/lib/thumb/v7e-m\libc.a(lib_a-memcpy.o)
                0x00404ca0                memcpy
 .text.memmove  0x00404dd4       0xc8 c:/program files (x86)/atmel/studio/7.0/toolchain/arm/arm-gnu-toolchain/bin/../lib/gcc/arm-none-eabi/6.2.1/../../../../arm-none-eabi/lib/thumb/v7e-m\libc.a(lib_a-memmove.o)
                0x00404dd4                memmove
 .text.__malloc_lock
                0x00404e9c        0x4 c:/program files (x86)/atmel/studio/7.0/toolchain/arm/arm-gnu-toolchain/bin/../lib/gcc/arm-none-eabi/6.2.1/../../../../arm-none-eabi/lib/thumb/v7e-m\libc.a(lib_a-mlock.o)
                0x00404e9c                __malloc_lock
 .text.__malloc_unlock
                0x00404ea0        0x4 c:/program files (x86)/atmel/studio/7.0/toolchain/arm/arm-gnu-toolchain/bin/../lib/gcc/arm-none-eabi/6.2.1/../../../../arm-none-eabi/lib/thumb/v7e-m\libc.a(lib_a-mlock.o)
                0x00404ea0                __malloc_unlock
 .text._realloc_r
                0x00404ea4      0x34c c:/program files (x86)/atmel/studio/7.0/toolchain/arm/arm-gnu-toolchain/bin/../lib/gcc/arm-none-eabi/6.2.1/../../../../arm-none-eabi/lib/thumb/v7e-m\libc.a(lib_a-reallocr.o)
                0x00404ea4                _realloc_r
 .text._sbrk_r  0x004051f0       0x24 c:/program files (x86)/atmel/studio/7.0/toolchain/arm/arm-gnu-toolchain/bin/../lib/gcc/arm-none-eabi/6.2.1/../../../../arm-none-eabi/lib/thumb/v7e-m\libc.a(lib_a-sbrkr.o)
                0x004051f0                _sbrk_r
 .text.__sread  0x00405214       0x24 c:/program files (x86)/atmel/studio/7.0/toolchain/arm/arm-gnu-toolchain/bin/../lib/gcc/arm-none-eabi/6.2.1/../../../../arm-none-eabi/lib/thumb/v7e-m\libc.a(lib_a-stdio.o)
                0x00405214                __sread
 .text.__swrite
                0x00405238       0x3c c:/program files (x86)/atmel/studio/7.0/toolchain/arm/arm-gnu-toolchain/bin/../lib/gcc/arm-none-eabi/6.2.1/../../../../arm-none-eabi/lib/thumb/v7e-m\libc.a(lib_a-stdio.o)
                0x00405238                __swrite
 .text.__sseek  0x00405274       0x20 c:/program files (x86)/atmel/studio/7.0/toolchain/arm/arm-gnu-toolchain/bin/../lib/gcc/arm-none-eabi/6.2.1/../../../../arm-none-eabi/lib/thumb/v7e-m\libc.a(lib_a-stdio.o)
                0x00405274                __sseek
 .text.__sclose
                0x00405294        0x8 c:/program files (x86)/atmel/studio/7.0/toolchain/arm/arm-gnu-toolchain/bin/../lib/gcc/arm-none-eabi/6.2.1/../../../../arm-none-eabi/lib/thumb/v7e-m\libc.a(lib_a-stdio.o)
                0x00405294                __sclose
 *fill*         0x0040529c       0x24 
 .text          0x004052c0       0xdc c:/program files (x86)/atmel/studio/7.0/toolchain/arm/arm-gnu-toolchain/bin/../lib/gcc/arm-none-eabi/6.2.1/../../../../arm-none-eabi/lib/thumb/v7e-m\libc.a(lib_a-strlen.o)
                0x004052c0                strlen
 .text.__swbuf_r
                0x0040539c       0xb0 c:/program files (x86)/atmel/studio/7.0/toolchain/arm/arm-gnu-toolchain/bin/../lib/gcc/arm-none-eabi/6.2.1/../../../../arm-none-eabi/lib/thumb/v7e-m\libc.a(lib_a-wbuf.o)
                0x0040539c                __swbuf_r
 .text._wcrtomb_r
                0x0040544c       0x54 c:/program files (x86)/atmel/studio/7.0/toolchain/arm/arm-gnu-toolchain/bin/../lib/gcc/arm-none-eabi/6.2.1/../../../../arm-none-eabi/lib/thumb/v7e-m\libc.a(lib_a-wcrtomb.o)
                0x0040544c                _wcrtomb_r
 .text.__ascii_wctomb
                0x004054a0       0x1c c:/program files (x86)/atmel/studio/7.0/toolchain/arm/arm-gnu-toolchain/bin/../lib/gcc/arm-none-eabi/6.2.1/../../../../arm-none-eabi/lib/thumb/v7e-m\libc.a(lib_a-wctomb_r.o)
                0x004054a0                __ascii_wctomb
 .text._write_r
                0x004054bc       0x2c c:/program files (x86)/atmel/studio/7.0/toolchain/arm/arm-gnu-toolchain/bin/../lib/gcc/arm-none-eabi/6.2.1/../../../../arm-none-eabi/lib/thumb/v7e-m\libc.a(lib_a-writer.o)
                0x004054bc                _write_r
 .text.__register_exitproc
                0x004054e8       0xa4 c:/program files (x86)/atmel/studio/7.0/toolchain/arm/arm-gnu-toolchain/bin/../lib/gcc/arm-none-eabi/6.2.1/../../../../arm-none-eabi/lib/thumb/v7e-m\libc.a(lib_a-__atexit.o)
                0x004054e8                __register_exitproc
 .text._close_r
                0x0040558c       0x24 c:/program files (x86)/atmel/studio/7.0/toolchain/arm/arm-gnu-toolchain/bin/../lib/gcc/arm-none-eabi/6.2.1/../../../../arm-none-eabi/lib/thumb/v7e-m\libc.a(lib_a-closer.o)
                0x0040558c                _close_r
 .text._fclose_r
                0x004055b0       0x80 c:/program files (x86)/atmel/studio/7.0/toolchain/arm/arm-gnu-toolchain/bin/../lib/gcc/arm-none-eabi/6.2.1/../../../../arm-none-eabi/lib/thumb/v7e-m\libc.a(lib_a-fclose.o)
                0x004055b0                _fclose_r
 .text._fstat_r
                0x00405630       0x28 c:/program files (x86)/atmel/studio/7.0/toolchain/arm/arm-gnu-toolchain/bin/../lib/gcc/arm-none-eabi/6.2.1/../../../../arm-none-eabi/lib/thumb/v7e-m\libc.a(lib_a-fstatr.o)
                0x00405630                _fstat_r
 .text._isatty_r
                0x00405658       0x24 c:/program files (x86)/atmel/studio/7.0/toolchain/arm/arm-gnu-toolchain/bin/../lib/gcc/arm-none-eabi/6.2.1/../../../../arm-none-eabi/lib/thumb/v7e-m\libc.a(lib_a-isattyr.o)
                0x00405658                _isatty_r
 .text._lseek_r
                0x0040567c       0x2c c:/program files (x86)/atmel/studio/7.0/toolchain/arm/arm-gnu-toolchain/bin/../lib/gcc/arm-none-eabi/6.2.1/../../../../arm-none-eabi/lib/thumb/v7e-m\libc.a(lib_a-lseekr.o)
                0x0040567c                _lseek_r
 .text._read_r  0x004056a8       0x2c c:/program files (x86)/atmel/studio/7.0/toolchain/arm/arm-gnu-toolchain/bin/../lib/gcc/arm-none-eabi/6.2.1/../../../../arm-none-eabi/lib/thumb/v7e-m\libc.a(lib_a-readr.o)
                0x004056a8                _read_r
 *(.glue_7t)
 .glue_7t       0x004056d4        0x0 linker stubs
 *(.glue_7)
 .glue_7        0x004056d4        0x0 linker stubs
 *(.rodata .rodata* .gnu.linkonce.r.*)
 .rodata        0x004056d4       0x97 src/main.o
 *fill*         0x0040576b        0x1 
 .rodata._global_impure_ptr
                0x0040576c        0x4 c:/program files (x86)/atmel/studio/7.0/toolchain/arm/arm-gnu-toolchain/bin/../lib/gcc/arm-none-eabi/6.2.1/../../../../arm-none-eabi/lib/thumb/v7e-m\libc.a(lib_a-impure.o)
                0x0040576c                _global_impure_ptr
 .rodata._vfiprintf_r.str1.4
                0x00405770       0x2f c:/program files (x86)/atmel/studio/7.0/toolchain/arm/arm-gnu-toolchain/bin/../lib/gcc/arm-none-eabi/6.2.1/../../../../arm-none-eabi/lib/thumb/v7e-m\libc.a(lib_a-vfiprintf.o)
 *fill*         0x0040579f        0x1 
 .rodata.blanks.7202
                0x004057a0       0x10 c:/program files (x86)/atmel/studio/7.0/toolchain/arm/arm-gnu-toolchain/bin/../lib/gcc/arm-none-eabi/6.2.1/../../../../arm-none-eabi/lib/thumb/v7e-m\libc.a(lib_a-vfiprintf.o)
 .rodata.zeroes.7203
                0x004057b0       0x10 c:/program files (x86)/atmel/studio/7.0/toolchain/arm/arm-gnu-toolchain/bin/../lib/gcc/arm-none-eabi/6.2.1/../../../../arm-none-eabi/lib/thumb/v7e-m\libc.a(lib_a-vfiprintf.o)
 .rodata._setlocale_r.str1.4
                0x004057c0        0xa c:/program files (x86)/atmel/studio/7.0/toolchain/arm/arm-gnu-toolchain/bin/../lib/gcc/arm-none-eabi/6.2.1/../../../../arm-none-eabi/lib/thumb/v7e-m\libc.a(lib_a-locale.o)
                                  0xd (size before relaxing)
 *fill*         0x004057ca        0x2 
 .rodata.str1.4
                0x004057cc        0x4 c:/program files (x86)/atmel/studio/7.0/toolchain/arm/arm-gnu-toolchain/bin/../lib/gcc/arm-none-eabi/6.2.1/../../../../arm-none-eabi/lib/thumb/v7e-m\libc.a(lib_a-locale.o)
                                  0x2 (size before relaxing)
 .rodata._ctype_
                0x004057d0      0x101 c:/program files (x86)/atmel/studio/7.0/toolchain/arm/arm-gnu-toolchain/bin/../lib/gcc/arm-none-eabi/6.2.1/../../../../arm-none-eabi/lib/thumb/v7e-m\libc.a(lib_a-ctype_.o)
                0x004057d0                _ctype_
 *(.ARM.extab* .gnu.linkonce.armextab.*)
                0x004058d4                . = ALIGN (0x4)
 *fill*         0x004058d1        0x3 
 *(.init)
 .init          0x004058d4        0x4 c:/program files (x86)/atmel/studio/7.0/toolchain/arm/arm-gnu-toolchain/bin/../lib/gcc/arm-none-eabi/6.2.1/thumb/v7e-m/crti.o
                0x004058d4                _init
 .init          0x004058d8        0x8 c:/program files (x86)/atmel/studio/7.0/toolchain/arm/arm-gnu-toolchain/bin/../lib/gcc/arm-none-eabi/6.2.1/thumb/v7e-m/crtn.o
                0x004058e0                . = ALIGN (0x4)
                0x004058e0                __preinit_array_start = .
 *(.preinit_array)
                0x004058e0                __preinit_array_end = .
                0x004058e0                . = ALIGN (0x4)
                0x004058e0                __init_array_start = .
 *(SORT(.init_array.*))
 .init_array.00000
                0x004058e0        0x4 c:/program files (x86)/atmel/studio/7.0/toolchain/arm/arm-gnu-toolchain/bin/../lib/gcc/arm-none-eabi/6.2.1/../../../../arm-none-eabi/lib/thumb/v7e-m\libc.a(lib_a-__call_atexit.o)
 *(.init_array)
 .init_array    0x004058e4        0x4 c:/program files (x86)/atmel/studio/7.0/toolchain/arm/arm-gnu-toolchain/bin/../lib/gcc/arm-none-eabi/6.2.1/thumb/v7e-m/crtbegin.o
                0x004058e8                __init_array_end = .
                0x004058e8                . = ALIGN (0x4)
 *crtbegin.o(.ctors)
 *(EXCLUDE_FILE(*crtend.o) .ctors)
 *(SORT(.ctors.*))
 *crtend.o(.ctors)
                0x004058e8                . = ALIGN (0x4)
 *(.fini)
 .fini          0x004058e8        0x4 c:/program files (x86)/atmel/studio/7.0/toolchain/arm/arm-gnu-toolchain/bin/../lib/gcc/arm-none-eabi/6.2.1/thumb/v7e-m/crti.o
                0x004058e8                _fini
 .fini          0x004058ec        0x8 c:/program files (x86)/atmel/studio/7.0/toolchain/arm/arm-gnu-toolchain/bin/../lib/gcc/arm-none-eabi/6.2.1/thumb/v7e-m/crtn.o
                0x004058f4                . = ALIGN (0x4)
                0x004058f4                __fini_array_start = .
 *(.fini_array)
 .fini_array    0x004058f4        0x4 c:/program files (x86)/atmel/studio/7.0/toolchain/arm/arm-gnu-toolchain/bin/../lib/gcc/arm-none-eabi/6.2.1/thumb/v7e-m/crtbegin.o
 *(SORT(.fini_array.*))
                0x004058f8                __fini_array_end = .
 *crtbegin.o(.dtors)
 *(EXCLUDE_FILE(*crtend.o) .dtors)
 *(SORT(.dtors.*))
 *crtend.o(.dtors)
                0x004058f8                . = ALIGN (0x4)
                0x004058f8                _efixed = .
                [!provide]                PROVIDE (__exidx_start, .)

.vfp11_veneer   0x004058f8        0x0
 .vfp11_veneer  0x004058f8        0x0 linker stubs

.v4_bx          0x004058f8        0x0
 .v4_bx         0x004058f8        0x0 linker stubs

.iplt           0x004058f8        0x0
 .iplt          0x004058f8        0x0 c:/program files (x86)/atmel/studio/7.0/toolchain/arm/arm-gnu-toolchain/bin/../lib/gcc/arm-none-eabi/6.2.1/thumb/v7e-m/crtbegin.o

.ARM.exidx      0x004058f8        0x8
 *(.ARM.exidx* .gnu.linkonce.armexidx.*)
 .ARM.exidx     0x004058f8        0x8 c:/program files (x86)/atmel/studio/7.0/toolchain/arm/arm-gnu-toolchain/bin/../lib/gcc/arm-none-eabi/6.2.1/thumb/v7e-m\libgcc.a(_udivmoddi4.o)
                [!provide]                PROVIDE (__exidx_end, .)

.eh_frame       0x00405900        0x0
 .eh_frame      0x00405900        0x0 c:/program files (x86)/atmel/studio/7.0/toolchain/arm/arm-gnu-toolchain/bin/../lib/gcc/arm-none-eabi/6.2.1/thumb/v7e-m/crtbegin.o

.rel.dyn        0x00405900        0x0
 .rel.iplt      0x00405900        0x0 c:/program files (x86)/atmel/studio/7.0/toolchain/arm/arm-gnu-toolchain/bin/../lib/gcc/arm-none-eabi/6.2.1/thumb/v7e-m/crtbegin.o

.jcr            0x00405900        0x0
 .jcr           0x00405900        0x0 c:/program files (x86)/atmel/studio/7.0/toolchain/arm/arm-gnu-toolchain/bin/../lib/gcc/arm-none-eabi/6.2.1/thumb/v7e-m/crtbegin.o

.igot.plt       0x00405900        0x0
 .igot.plt      0x00405900        0x0 c:/program files (x86)/atmel/studio/7.0/toolchain/arm/arm-gnu-toolchain/bin/../lib/gcc/arm-none-eabi/6.2.1/thumb/v7e-m/crtbegin.o
                0x00405900                . = ALIGN (0x4)
                0x00405900                _etext = .

.relocate       0x20400000      0x9bc load address 0x00405900
                0x20400000                . = ALIGN (0x4)
                0x20400000                _srelocate = .
 *(.ramfunc .ramfunc.*)
 .ramfunc       0x20400000        0xa src/ASF/common/services/delay/sam/cycle_counter.o
                0x20400000                portable_delay_cycles
 *(.data .data.*)
 .data.g_interrupt_enabled
                0x2040000a        0x1 src/ASF/common/utils/interrupt/interrupt_sam_nvic.o
                0x2040000a                g_interrupt_enabled
 *fill*         0x2040000b        0x1 
 .data.SystemCoreClock
                0x2040000c        0x4 src/ASF/sam/utils/cmsis/same70/source/templates/system_same70.o
                0x2040000c                SystemCoreClock
 .data._impure_ptr
                0x20400010        0x4 c:/program files (x86)/atmel/studio/7.0/toolchain/arm/arm-gnu-toolchain/bin/../lib/gcc/arm-none-eabi/6.2.1/../../../../arm-none-eabi/lib/thumb/v7e-m\libc.a(lib_a-impure.o)
                0x20400010                _impure_ptr
 *fill*         0x20400014        0x4 
 .data.impure_data
                0x20400018      0x428 c:/program files (x86)/atmel/studio/7.0/toolchain/arm/arm-gnu-toolchain/bin/../lib/gcc/arm-none-eabi/6.2.1/../../../../arm-none-eabi/lib/thumb/v7e-m\libc.a(lib_a-impure.o)
 .data.__global_locale
                0x20400440      0x16c c:/program files (x86)/atmel/studio/7.0/toolchain/arm/arm-gnu-toolchain/bin/../lib/gcc/arm-none-eabi/6.2.1/../../../../arm-none-eabi/lib/thumb/v7e-m\libc.a(lib_a-locale.o)
                0x20400440                __global_locale
 .data.__malloc_av_
                0x204005ac      0x408 c:/program files (x86)/atmel/studio/7.0/toolchain/arm/arm-gnu-toolchain/bin/../lib/gcc/arm-none-eabi/6.2.1/../../../../arm-none-eabi/lib/thumb/v7e-m\libc.a(lib_a-mallocr.o)
                0x204005ac                __malloc_av_
 .data.__malloc_sbrk_base
                0x204009b4        0x4 c:/program files (x86)/atmel/studio/7.0/toolchain/arm/arm-gnu-toolchain/bin/../lib/gcc/arm-none-eabi/6.2.1/../../../../arm-none-eabi/lib/thumb/v7e-m\libc.a(lib_a-mallocr.o)
                0x204009b4                __malloc_sbrk_base
 .data.__malloc_trim_threshold
                0x204009b8        0x4 c:/program files (x86)/atmel/studio/7.0/toolchain/arm/arm-gnu-toolchain/bin/../lib/gcc/arm-none-eabi/6.2.1/../../../../arm-none-eabi/lib/thumb/v7e-m\libc.a(lib_a-mallocr.o)
                0x204009b8                __malloc_trim_threshold
                0x204009bc                . = ALIGN (0x4)
                0x204009bc                _erelocate = .

.bss            0x204009bc       0xf0 load address 0x004062bc
                0x204009bc                . = ALIGN (0x4)
                0x204009bc                _sbss = .
                0x204009bc                _szero = .
 *(.bss .bss.*)
 .bss           0x204009bc       0x1c c:/program files (x86)/atmel/studio/7.0/toolchain/arm/arm-gnu-toolchain/bin/../lib/gcc/arm-none-eabi/6.2.1/thumb/v7e-m/crtbegin.o
 .bss.gs_interrupt_sources
                0x204009d8       0x70 src/ASF/sam/drivers/pio/pio_handler.o
 .bss.gs_ul_nb_sources
                0x20400a48        0x4 src/ASF/sam/drivers/pio/pio_handler.o
 .bss.ul_reg_val.9301
                0x20400a4c        0x4 src/ASF/sam/drivers/usart/usart.o
 .bss.heap.6400
                0x20400a50        0x4 src/ASF/sam/utils/syscalls/gcc/syscalls.o
 .bss.__malloc_current_mallinfo
                0x20400a54       0x28 c:/program files (x86)/atmel/studio/7.0/toolchain/arm/arm-gnu-toolchain/bin/../lib/gcc/arm-none-eabi/6.2.1/../../../../arm-none-eabi/lib/thumb/v7e-m\libc.a(lib_a-mallocr.o)
                0x20400a54                __malloc_current_mallinfo
 .bss.__malloc_max_sbrked_mem
                0x20400a7c        0x4 c:/program files (x86)/atmel/studio/7.0/toolchain/arm/arm-gnu-toolchain/bin/../lib/gcc/arm-none-eabi/6.2.1/../../../../arm-none-eabi/lib/thumb/v7e-m\libc.a(lib_a-mallocr.o)
                0x20400a7c                __malloc_max_sbrked_mem
 .bss.__malloc_max_total_mem
                0x20400a80        0x4 c:/program files (x86)/atmel/studio/7.0/toolchain/arm/arm-gnu-toolchain/bin/../lib/gcc/arm-none-eabi/6.2.1/../../../../arm-none-eabi/lib/thumb/v7e-m\libc.a(lib_a-mallocr.o)
                0x20400a80                __malloc_max_total_mem
 .bss.__malloc_top_pad
                0x20400a84        0x4 c:/program files (x86)/atmel/studio/7.0/toolchain/arm/arm-gnu-toolchain/bin/../lib/gcc/arm-none-eabi/6.2.1/../../../../arm-none-eabi/lib/thumb/v7e-m\libc.a(lib_a-mallocr.o)
                0x20400a84                __malloc_top_pad
 *(COMMON)
 COMMON         0x20400a88        0x4 src/ASF/common/utils/stdio/read.o
                0x20400a88                ptr_get
 COMMON         0x20400a8c        0x8 src/ASF/common/utils/stdio/write.o
                0x20400a8c                ptr_put
                0x20400a90                stdio_base
 COMMON         0x20400a94       0x14 src/main.o
                0x20400a94                accYLow
                0x20400a98                rangePerDigit
                0x20400a9c                accZHigh
                0x20400a9e                accZ
                0x20400aa0                accYHigh
                0x20400aa1                accXLow
                0x20400aa2                accZLow
                0x20400aa3                accXHigh
                0x20400aa4                accY
                0x20400aa6                accX
 COMMON         0x20400aa8        0x4 c:/program files (x86)/atmel/studio/7.0/toolchain/arm/arm-gnu-toolchain/bin/../lib/gcc/arm-none-eabi/6.2.1/../../../../arm-none-eabi/lib/thumb/v7e-m\libc.a(lib_a-reent.o)
                0x20400aa8                errno
                0x20400aac                . = ALIGN (0x4)
                0x20400aac                _ebss = .
                0x20400aac                _ezero = .

.stack          0x20400aac     0x2004 load address 0x004063ac
                0x20400ab0                . = ALIGN (0x8)
 *fill*         0x20400aac        0x4 
                0x20400ab0                _sstack = .
                0x20402ab0                . = (. + STACK_SIZE)
 *fill*         0x20400ab0     0x2000 
                0x20402ab0                . = ALIGN (0x8)
                0x20402ab0                _estack = .

.heap           0x20402ab0      0x200 load address 0x004083b0
                0x20402ab0                . = ALIGN (0x8)
                0x20402ab0                _sheap = .
                0x20402cb0                . = (. + HEAP_SIZE)
 *fill*         0x20402ab0      0x200 
                0x20402cb0                . = ALIGN (0x8)
                0x20402cb0                _eheap = .
                0x20402cb0                . = ALIGN (0x4)
                0x20402cb0                _end = .
                0x2045ffff                _ram_end_ = ((ORIGIN (ram) + LENGTH (ram)) - 0x1)
OUTPUT(MCU6050-i2c.elf elf32-littlearm)

.ARM.attributes
                0x00000000       0x2e
 .ARM.attributes
                0x00000000       0x1e c:/program files (x86)/atmel/studio/7.0/toolchain/arm/arm-gnu-toolchain/bin/../lib/gcc/arm-none-eabi/6.2.1/thumb/v7e-m/crti.o
 .ARM.attributes
                0x0000001e       0x2e c:/program files (x86)/atmel/studio/7.0/toolchain/arm/arm-gnu-toolchain/bin/../lib/gcc/arm-none-eabi/6.2.1/thumb/v7e-m/crtbegin.o
 .ARM.attributes
                0x0000004c       0x37 src/ASF/common/services/clock/same70/sysclk.o
 .ARM.attributes
                0x00000083       0x37 src/ASF/common/services/delay/sam/cycle_counter.o
 .ARM.attributes
                0x000000ba       0x37 src/ASF/common/utils/interrupt/interrupt_sam_nvic.o
 .ARM.attributes
                0x000000f1       0x37 src/ASF/common/utils/stdio/read.o
 .ARM.attributes
                0x00000128       0x37 src/ASF/common/utils/stdio/write.o
 .ARM.attributes
                0x0000015f       0x37 src/ASF/sam/boards/same70_xplained/init.o
 .ARM.attributes
                0x00000196       0x37 src/ASF/sam/drivers/pio/pio.o
 .ARM.attributes
                0x000001cd       0x37 src/ASF/sam/drivers/pio/pio_handler.o
 .ARM.attributes
                0x00000204       0x37 src/ASF/sam/drivers/pmc/pmc.o
 .ARM.attributes
                0x0000023b       0x37 src/ASF/sam/drivers/twihs/twihs.o
 .ARM.attributes
                0x00000272       0x37 src/ASF/sam/drivers/uart/uart.o
 .ARM.attributes
                0x000002a9       0x37 src/ASF/sam/drivers/usart/usart.o
 .ARM.attributes
                0x000002e0       0x37 src/ASF/sam/utils/cmsis/same70/source/templates/gcc/startup_same70.o
 .ARM.attributes
                0x00000317       0x37 src/ASF/sam/utils/cmsis/same70/source/templates/system_same70.o
 .ARM.attributes
                0x0000034e       0x37 src/ASF/sam/utils/syscalls/gcc/syscalls.o
 .ARM.attributes
                0x00000385       0x37 src/main.o
 .ARM.attributes
                0x000003bc       0x1e c:/program files (x86)/atmel/studio/7.0/toolchain/arm/arm-gnu-toolchain/bin/../lib/gcc/arm-none-eabi/6.2.1/thumb/v7e-m\libgcc.a(_aeabi_uldivmod.o)
 .ARM.attributes
                0x000003da       0x2e c:/program files (x86)/atmel/studio/7.0/toolchain/arm/arm-gnu-toolchain/bin/../lib/gcc/arm-none-eabi/6.2.1/thumb/v7e-m\libgcc.a(_udivmoddi4.o)
 .ARM.attributes
                0x00000408       0x1e c:/program files (x86)/atmel/studio/7.0/toolchain/arm/arm-gnu-toolchain/bin/../lib/gcc/arm-none-eabi/6.2.1/thumb/v7e-m\libgcc.a(_dvmd_tls.o)
 .ARM.attributes
                0x00000426       0x2e c:/program files (x86)/atmel/studio/7.0/toolchain/arm/arm-gnu-toolchain/bin/../lib/gcc/arm-none-eabi/6.2.1/../../../../arm-none-eabi/lib/thumb/v7e-m\libc.a(lib_a-impure.o)
 .ARM.attributes
                0x00000454       0x2e c:/program files (x86)/atmel/studio/7.0/toolchain/arm/arm-gnu-toolchain/bin/../lib/gcc/arm-none-eabi/6.2.1/../../../../arm-none-eabi/lib/thumb/v7e-m\libc.a(lib_a-init.o)
 .ARM.attributes
                0x00000482       0x2e c:/program files (x86)/atmel/studio/7.0/toolchain/arm/arm-gnu-toolchain/bin/../lib/gcc/arm-none-eabi/6.2.1/../../../../arm-none-eabi/lib/thumb/v7e-m\libc.a(lib_a-iprintf.o)
 .ARM.attributes
                0x000004b0       0x2e c:/program files (x86)/atmel/studio/7.0/toolchain/arm/arm-gnu-toolchain/bin/../lib/gcc/arm-none-eabi/6.2.1/../../../../arm-none-eabi/lib/thumb/v7e-m\libc.a(lib_a-memset.o)
 .ARM.attributes
                0x000004de       0x2e c:/program files (x86)/atmel/studio/7.0/toolchain/arm/arm-gnu-toolchain/bin/../lib/gcc/arm-none-eabi/6.2.1/../../../../arm-none-eabi/lib/thumb/v7e-m\libc.a(lib_a-setbuf.o)
 .ARM.attributes
                0x0000050c       0x2e c:/program files (x86)/atmel/studio/7.0/toolchain/arm/arm-gnu-toolchain/bin/../lib/gcc/arm-none-eabi/6.2.1/../../../../arm-none-eabi/lib/thumb/v7e-m\libc.a(lib_a-setvbuf.o)
 .ARM.attributes
                0x0000053a       0x2e c:/program files (x86)/atmel/studio/7.0/toolchain/arm/arm-gnu-toolchain/bin/../lib/gcc/arm-none-eabi/6.2.1/../../../../arm-none-eabi/lib/thumb/v7e-m\libc.a(lib_a-vfiprintf.o)
 .ARM.attributes
                0x00000568       0x2e c:/program files (x86)/atmel/studio/7.0/toolchain/arm/arm-gnu-toolchain/bin/../lib/gcc/arm-none-eabi/6.2.1/../../../../arm-none-eabi/lib/thumb/v7e-m\libc.a(lib_a-wsetup.o)
 .ARM.attributes
                0x00000596       0x2e c:/program files (x86)/atmel/studio/7.0/toolchain/arm/arm-gnu-toolchain/bin/../lib/gcc/arm-none-eabi/6.2.1/../../../../arm-none-eabi/lib/thumb/v7e-m\libc.a(lib_a-__call_atexit.o)
 .ARM.attributes
                0x000005c4       0x2e c:/program files (x86)/atmel/studio/7.0/toolchain/arm/arm-gnu-toolchain/bin/../lib/gcc/arm-none-eabi/6.2.1/../../../../arm-none-eabi/lib/thumb/v7e-m\libc.a(lib_a-atexit.o)
 .ARM.attributes
                0x000005f2       0x2e c:/program files (x86)/atmel/studio/7.0/toolchain/arm/arm-gnu-toolchain/bin/../lib/gcc/arm-none-eabi/6.2.1/../../../../arm-none-eabi/lib/thumb/v7e-m\libc.a(lib_a-fflush.o)
 .ARM.attributes
                0x00000620       0x2e c:/program files (x86)/atmel/studio/7.0/toolchain/arm/arm-gnu-toolchain/bin/../lib/gcc/arm-none-eabi/6.2.1/../../../../arm-none-eabi/lib/thumb/v7e-m\libc.a(lib_a-findfp.o)
 .ARM.attributes
                0x0000064e       0x2e c:/program files (x86)/atmel/studio/7.0/toolchain/arm/arm-gnu-toolchain/bin/../lib/gcc/arm-none-eabi/6.2.1/../../../../arm-none-eabi/lib/thumb/v7e-m\libc.a(lib_a-fini.o)
 .ARM.attributes
                0x0000067c       0x2e c:/program files (x86)/atmel/studio/7.0/toolchain/arm/arm-gnu-toolchain/bin/../lib/gcc/arm-none-eabi/6.2.1/../../../../arm-none-eabi/lib/thumb/v7e-m\libc.a(lib_a-fputwc.o)
 .ARM.attributes
                0x000006aa       0x2e c:/program files (x86)/atmel/studio/7.0/toolchain/arm/arm-gnu-toolchain/bin/../lib/gcc/arm-none-eabi/6.2.1/../../../../arm-none-eabi/lib/thumb/v7e-m\libc.a(lib_a-freer.o)
 .ARM.attributes
                0x000006d8       0x2e c:/program files (x86)/atmel/studio/7.0/toolchain/arm/arm-gnu-toolchain/bin/../lib/gcc/arm-none-eabi/6.2.1/../../../../arm-none-eabi/lib/thumb/v7e-m\libc.a(lib_a-fvwrite.o)
 .ARM.attributes
                0x00000706       0x2e c:/program files (x86)/atmel/studio/7.0/toolchain/arm/arm-gnu-toolchain/bin/../lib/gcc/arm-none-eabi/6.2.1/../../../../arm-none-eabi/lib/thumb/v7e-m\libc.a(lib_a-fwalk.o)
 .ARM.attributes
                0x00000734       0x2e c:/program files (x86)/atmel/studio/7.0/toolchain/arm/arm-gnu-toolchain/bin/../lib/gcc/arm-none-eabi/6.2.1/../../../../arm-none-eabi/lib/thumb/v7e-m\libc.a(lib_a-locale.o)
 .ARM.attributes
                0x00000762       0x2e c:/program files (x86)/atmel/studio/7.0/toolchain/arm/arm-gnu-toolchain/bin/../lib/gcc/arm-none-eabi/6.2.1/../../../../arm-none-eabi/lib/thumb/v7e-m\libc.a(lib_a-makebuf.o)
 .ARM.attributes
                0x00000790       0x2e c:/program files (x86)/atmel/studio/7.0/toolchain/arm/arm-gnu-toolchain/bin/../lib/gcc/arm-none-eabi/6.2.1/../../../../arm-none-eabi/lib/thumb/v7e-m\libc.a(lib_a-malloc.o)
 .ARM.attributes
                0x000007be       0x2e c:/program files (x86)/atmel/studio/7.0/toolchain/arm/arm-gnu-toolchain/bin/../lib/gcc/arm-none-eabi/6.2.1/../../../../arm-none-eabi/lib/thumb/v7e-m\libc.a(lib_a-mallocr.o)
 .ARM.attributes
                0x000007ec       0x2e c:/program files (x86)/atmel/studio/7.0/toolchain/arm/arm-gnu-toolchain/bin/../lib/gcc/arm-none-eabi/6.2.1/../../../../arm-none-eabi/lib/thumb/v7e-m\libc.a(lib_a-mbtowc_r.o)
 .ARM.attributes
                0x0000081a       0x1c c:/program files (x86)/atmel/studio/7.0/toolchain/arm/arm-gnu-toolchain/bin/../lib/gcc/arm-none-eabi/6.2.1/../../../../arm-none-eabi/lib/thumb/v7e-m\libc.a(lib_a-memchr.o)
 .ARM.attributes
                0x00000836       0x1c c:/program files (x86)/atmel/studio/7.0/toolchain/arm/arm-gnu-toolchain/bin/../lib/gcc/arm-none-eabi/6.2.1/../../../../arm-none-eabi/lib/thumb/v7e-m\libc.a(lib_a-memcpy.o)
 .ARM.attributes
                0x00000852       0x2e c:/program files (x86)/atmel/studio/7.0/toolchain/arm/arm-gnu-toolchain/bin/../lib/gcc/arm-none-eabi/6.2.1/../../../../arm-none-eabi/lib/thumb/v7e-m\libc.a(lib_a-memmove.o)
 .ARM.attributes
                0x00000880       0x2e c:/program files (x86)/atmel/studio/7.0/toolchain/arm/arm-gnu-toolchain/bin/../lib/gcc/arm-none-eabi/6.2.1/../../../../arm-none-eabi/lib/thumb/v7e-m\libc.a(lib_a-mlock.o)
 .ARM.attributes
                0x000008ae       0x2e c:/program files (x86)/atmel/studio/7.0/toolchain/arm/arm-gnu-toolchain/bin/../lib/gcc/arm-none-eabi/6.2.1/../../../../arm-none-eabi/lib/thumb/v7e-m\libc.a(lib_a-reallocr.o)
 .ARM.attributes
                0x000008dc       0x2e c:/program files (x86)/atmel/studio/7.0/toolchain/arm/arm-gnu-toolchain/bin/../lib/gcc/arm-none-eabi/6.2.1/../../../../arm-none-eabi/lib/thumb/v7e-m\libc.a(lib_a-sbrkr.o)
 .ARM.attributes
                0x0000090a       0x2e c:/program files (x86)/atmel/studio/7.0/toolchain/arm/arm-gnu-toolchain/bin/../lib/gcc/arm-none-eabi/6.2.1/../../../../arm-none-eabi/lib/thumb/v7e-m\libc.a(lib_a-stdio.o)
 .ARM.attributes
                0x00000938       0x1c c:/program files (x86)/atmel/studio/7.0/toolchain/arm/arm-gnu-toolchain/bin/../lib/gcc/arm-none-eabi/6.2.1/../../../../arm-none-eabi/lib/thumb/v7e-m\libc.a(lib_a-strlen.o)
 .ARM.attributes
                0x00000954       0x2e c:/program files (x86)/atmel/studio/7.0/toolchain/arm/arm-gnu-toolchain/bin/../lib/gcc/arm-none-eabi/6.2.1/../../../../arm-none-eabi/lib/thumb/v7e-m\libc.a(lib_a-wbuf.o)
 .ARM.attributes
                0x00000982       0x2e c:/program files (x86)/atmel/studio/7.0/toolchain/arm/arm-gnu-toolchain/bin/../lib/gcc/arm-none-eabi/6.2.1/../../../../arm-none-eabi/lib/thumb/v7e-m\libc.a(lib_a-wcrtomb.o)
 .ARM.attributes
                0x000009b0       0x2e c:/program files (x86)/atmel/studio/7.0/toolchain/arm/arm-gnu-toolchain/bin/../lib/gcc/arm-none-eabi/6.2.1/../../../../arm-none-eabi/lib/thumb/v7e-m\libc.a(lib_a-wctomb_r.o)
 .ARM.attributes
                0x000009de       0x2e c:/program files (x86)/atmel/studio/7.0/toolchain/arm/arm-gnu-toolchain/bin/../lib/gcc/arm-none-eabi/6.2.1/../../../../arm-none-eabi/lib/thumb/v7e-m\libc.a(lib_a-writer.o)
 .ARM.attributes
                0x00000a0c       0x2e c:/program files (x86)/atmel/studio/7.0/toolchain/arm/arm-gnu-toolchain/bin/../lib/gcc/arm-none-eabi/6.2.1/../../../../arm-none-eabi/lib/thumb/v7e-m\libc.a(lib_a-__atexit.o)
 .ARM.attributes
                0x00000a3a       0x2e c:/program files (x86)/atmel/studio/7.0/toolchain/arm/arm-gnu-toolchain/bin/../lib/gcc/arm-none-eabi/6.2.1/../../../../arm-none-eabi/lib/thumb/v7e-m\libc.a(lib_a-closer.o)
 .ARM.attributes
                0x00000a68       0x2e c:/program files (x86)/atmel/studio/7.0/toolchain/arm/arm-gnu-toolchain/bin/../lib/gcc/arm-none-eabi/6.2.1/../../../../arm-none-eabi/lib/thumb/v7e-m\libc.a(lib_a-ctype_.o)
 .ARM.attributes
                0x00000a96       0x2e c:/program files (x86)/atmel/studio/7.0/toolchain/arm/arm-gnu-toolchain/bin/../lib/gcc/arm-none-eabi/6.2.1/../../../../arm-none-eabi/lib/thumb/v7e-m\libc.a(lib_a-fclose.o)
 .ARM.attributes
                0x00000ac4       0x2e c:/program files (x86)/atmel/studio/7.0/toolchain/arm/arm-gnu-toolchain/bin/../lib/gcc/arm-none-eabi/6.2.1/../../../../arm-none-eabi/lib/thumb/v7e-m\libc.a(lib_a-fstatr.o)
 .ARM.attributes
                0x00000af2       0x2e c:/program files (x86)/atmel/studio/7.0/toolchain/arm/arm-gnu-toolchain/bin/../lib/gcc/arm-none-eabi/6.2.1/../../../../arm-none-eabi/lib/thumb/v7e-m\libc.a(lib_a-isattyr.o)
 .ARM.attributes
                0x00000b20       0x2e c:/program files (x86)/atmel/studio/7.0/toolchain/arm/arm-gnu-toolchain/bin/../lib/gcc/arm-none-eabi/6.2.1/../../../../arm-none-eabi/lib/thumb/v7e-m\libc.a(lib_a-lseekr.o)
 .ARM.attributes
                0x00000b4e       0x2e c:/program files (x86)/atmel/studio/7.0/toolchain/arm/arm-gnu-toolchain/bin/../lib/gcc/arm-none-eabi/6.2.1/../../../../arm-none-eabi/lib/thumb/v7e-m\libc.a(lib_a-readr.o)
 .ARM.attributes
                0x00000b7c       0x2e c:/program files (x86)/atmel/studio/7.0/toolchain/arm/arm-gnu-toolchain/bin/../lib/gcc/arm-none-eabi/6.2.1/../../../../arm-none-eabi/lib/thumb/v7e-m\libc.a(lib_a-reent.o)
 .ARM.attributes
                0x00000baa       0x1e c:/program files (x86)/atmel/studio/7.0/toolchain/arm/arm-gnu-toolchain/bin/../lib/gcc/arm-none-eabi/6.2.1/thumb/v7e-m/crtn.o

.comment        0x00000000       0x59
 .comment       0x00000000       0x59 src/ASF/common/services/clock/same70/sysclk.o
                                 0x5a (size before relaxing)
 .comment       0x00000059       0x5a src/ASF/common/services/delay/sam/cycle_counter.o
 .comment       0x00000059       0x5a src/ASF/common/utils/interrupt/interrupt_sam_nvic.o
 .comment       0x00000059       0x5a src/ASF/common/utils/stdio/read.o
 .comment       0x00000059       0x5a src/ASF/common/utils/stdio/write.o
 .comment       0x00000059       0x5a src/ASF/sam/boards/same70_xplained/init.o
 .comment       0x00000059       0x5a src/ASF/sam/drivers/pio/pio.o
 .comment       0x00000059       0x5a src/ASF/sam/drivers/pio/pio_handler.o
 .comment       0x00000059       0x5a src/ASF/sam/drivers/pmc/pmc.o
 .comment       0x00000059       0x5a src/ASF/sam/drivers/twihs/twihs.o
 .comment       0x00000059       0x5a src/ASF/sam/drivers/uart/uart.o
 .comment       0x00000059       0x5a src/ASF/sam/drivers/usart/usart.o
 .comment       0x00000059       0x5a src/ASF/sam/utils/cmsis/same70/source/templates/gcc/startup_same70.o
 .comment       0x00000059       0x5a src/ASF/sam/utils/cmsis/same70/source/templates/system_same70.o
 .comment       0x00000059       0x5a src/ASF/sam/utils/syscalls/gcc/syscalls.o
 .comment       0x00000059       0x5a src/main.o

.debug_info     0x00000000    0x148d1
 .debug_info    0x00000000     0x12c8 src/ASF/common/services/clock/same70/sysclk.o
 .debug_info    0x000012c8      0xa39 src/ASF/common/services/delay/sam/cycle_counter.o
 .debug_info    0x00001d01      0xafa src/ASF/common/utils/interrupt/interrupt_sam_nvic.o
 .debug_info    0x000027fb      0xaad src/ASF/common/utils/stdio/read.o
 .debug_info    0x000032a8      0xab6 src/ASF/common/utils/stdio/write.o
 .debug_info    0x00003d5e     0x1ff6 src/ASF/sam/boards/same70_xplained/init.o
 .debug_info    0x00005d54     0x1cb3 src/ASF/sam/drivers/pio/pio.o
 .debug_info    0x00007a07     0x1a0c src/ASF/sam/drivers/pio/pio_handler.o
 .debug_info    0x00009413     0x1db4 src/ASF/sam/drivers/pmc/pmc.o
 .debug_info    0x0000b1c7     0x1455 src/ASF/sam/drivers/twihs/twihs.o
 .debug_info    0x0000c61c     0x104e src/ASF/sam/drivers/uart/uart.o
 .debug_info    0x0000d66a     0x20e9 src/ASF/sam/drivers/usart/usart.o
 .debug_info    0x0000f753     0x1570 src/ASF/sam/utils/cmsis/same70/source/templates/gcc/startup_same70.o
 .debug_info    0x00010cc3      0x55f src/ASF/sam/utils/cmsis/same70/source/templates/system_same70.o
 .debug_info    0x00011222      0xdb0 src/ASF/sam/utils/syscalls/gcc/syscalls.o
 .debug_info    0x00011fd2     0x28ff src/main.o

.debug_abbrev   0x00000000     0x26cf
 .debug_abbrev  0x00000000      0x296 src/ASF/common/services/clock/same70/sysclk.o
 .debug_abbrev  0x00000296      0x1b3 src/ASF/common/services/delay/sam/cycle_counter.o
 .debug_abbrev  0x00000449      0x214 src/ASF/common/utils/interrupt/interrupt_sam_nvic.o
 .debug_abbrev  0x0000065d      0x1da src/ASF/common/utils/stdio/read.o
 .debug_abbrev  0x00000837      0x1da src/ASF/common/utils/stdio/write.o
 .debug_abbrev  0x00000a11      0x3eb src/ASF/sam/boards/same70_xplained/init.o
 .debug_abbrev  0x00000dfc      0x296 src/ASF/sam/drivers/pio/pio.o
 .debug_abbrev  0x00001092      0x2c9 src/ASF/sam/drivers/pio/pio_handler.o
 .debug_abbrev  0x0000135b      0x2c5 src/ASF/sam/drivers/pmc/pmc.o
 .debug_abbrev  0x00001620      0x28f src/ASF/sam/drivers/twihs/twihs.o
 .debug_abbrev  0x000018af      0x234 src/ASF/sam/drivers/uart/uart.o
 .debug_abbrev  0x00001ae3      0x287 src/ASF/sam/drivers/usart/usart.o
 .debug_abbrev  0x00001d6a      0x2e8 src/ASF/sam/utils/cmsis/same70/source/templates/gcc/startup_same70.o
 .debug_abbrev  0x00002052      0x102 src/ASF/sam/utils/cmsis/same70/source/templates/system_same70.o
 .debug_abbrev  0x00002154      0x22a src/ASF/sam/utils/syscalls/gcc/syscalls.o
 .debug_abbrev  0x0000237e      0x351 src/main.o

.debug_loc      0x00000000     0x7106
 .debug_loc     0x00000000      0x4a0 src/ASF/common/services/clock/same70/sysclk.o
 .debug_loc     0x000004a0       0xa0 src/ASF/common/utils/interrupt/interrupt_sam_nvic.o
 .debug_loc     0x00000540       0x50 src/ASF/common/utils/stdio/read.o
 .debug_loc     0x00000590       0x50 src/ASF/common/utils/stdio/write.o
 .debug_loc     0x000005e0      0x358 src/ASF/sam/boards/same70_xplained/init.o
 .debug_loc     0x00000938     0x1174 src/ASF/sam/drivers/pio/pio.o
 .debug_loc     0x00001aac      0x38c src/ASF/sam/drivers/pio/pio_handler.o
 .debug_loc     0x00001e38     0x1714 src/ASF/sam/drivers/pmc/pmc.o
 .debug_loc     0x0000354c      0x978 src/ASF/sam/drivers/twihs/twihs.o
 .debug_loc     0x00003ec4      0x8a0 src/ASF/sam/drivers/uart/uart.o
 .debug_loc     0x00004764     0x1e4c src/ASF/sam/drivers/usart/usart.o
 .debug_loc     0x000065b0      0x16c src/ASF/sam/utils/cmsis/same70/source/templates/gcc/startup_same70.o
 .debug_loc     0x0000671c       0xe4 src/ASF/sam/utils/cmsis/same70/source/templates/system_same70.o
 .debug_loc     0x00006800      0x324 src/ASF/sam/utils/syscalls/gcc/syscalls.o
 .debug_loc     0x00006b24      0x5e2 src/main.o

.debug_aranges  0x00000000      0xc20
 .debug_aranges
                0x00000000       0x98 src/ASF/common/services/clock/same70/sysclk.o
 .debug_aranges
                0x00000098       0x20 src/ASF/common/services/delay/sam/cycle_counter.o
 .debug_aranges
                0x000000b8       0x28 src/ASF/common/utils/interrupt/interrupt_sam_nvic.o
 .debug_aranges
                0x000000e0       0x20 src/ASF/common/utils/stdio/read.o
 .debug_aranges
                0x00000100       0x20 src/ASF/common/utils/stdio/write.o
 .debug_aranges
                0x00000120       0x70 src/ASF/sam/boards/same70_xplained/init.o
 .debug_aranges
                0x00000190      0x1a8 src/ASF/sam/drivers/pio/pio.o
 .debug_aranges
                0x00000338       0x80 src/ASF/sam/drivers/pio/pio_handler.o
 .debug_aranges
                0x000003b8      0x250 src/ASF/sam/drivers/pmc/pmc.o
 .debug_aranges
                0x00000608       0xf0 src/ASF/sam/drivers/twihs/twihs.o
 .debug_aranges
                0x000006f8       0xd8 src/ASF/sam/drivers/uart/uart.o
 .debug_aranges
                0x000007d0      0x2c8 src/ASF/sam/drivers/usart/usart.o
 .debug_aranges
                0x00000a98       0x40 src/ASF/sam/utils/cmsis/same70/source/templates/gcc/startup_same70.o
 .debug_aranges
                0x00000ad8       0x30 src/ASF/sam/utils/cmsis/same70/source/templates/system_same70.o
 .debug_aranges
                0x00000b08       0x60 src/ASF/sam/utils/syscalls/gcc/syscalls.o
 .debug_aranges
                0x00000b68       0xb8 src/main.o

.debug_ranges   0x00000000      0xb98
 .debug_ranges  0x00000000       0x88 src/ASF/common/services/clock/same70/sysclk.o
 .debug_ranges  0x00000088       0x10 src/ASF/common/services/delay/sam/cycle_counter.o
 .debug_ranges  0x00000098       0x18 src/ASF/common/utils/interrupt/interrupt_sam_nvic.o
 .debug_ranges  0x000000b0       0x10 src/ASF/common/utils/stdio/read.o
 .debug_ranges  0x000000c0       0x10 src/ASF/common/utils/stdio/write.o
 .debug_ranges  0x000000d0       0xd8 src/ASF/sam/boards/same70_xplained/init.o
 .debug_ranges  0x000001a8      0x198 src/ASF/sam/drivers/pio/pio.o
 .debug_ranges  0x00000340       0x70 src/ASF/sam/drivers/pio/pio_handler.o
 .debug_ranges  0x000003b0      0x240 src/ASF/sam/drivers/pmc/pmc.o
 .debug_ranges  0x000005f0       0xe0 src/ASF/sam/drivers/twihs/twihs.o
 .debug_ranges  0x000006d0       0xc8 src/ASF/sam/drivers/uart/uart.o
 .debug_ranges  0x00000798      0x2b8 src/ASF/sam/drivers/usart/usart.o
 .debug_ranges  0x00000a50       0x30 src/ASF/sam/utils/cmsis/same70/source/templates/gcc/startup_same70.o
 .debug_ranges  0x00000a80       0x20 src/ASF/sam/utils/cmsis/same70/source/templates/system_same70.o
 .debug_ranges  0x00000aa0       0x50 src/ASF/sam/utils/syscalls/gcc/syscalls.o
 .debug_ranges  0x00000af0       0xa8 src/main.o

.debug_macro    0x00000000    0x1f8fe
 .debug_macro   0x00000000      0x6d1 src/ASF/common/services/clock/same70/sysclk.o
 .debug_macro   0x000006d1      0x8c8 src/ASF/common/services/clock/same70/sysclk.o
 .debug_macro   0x00000f99      0x652 src/ASF/common/services/clock/same70/sysclk.o
 .debug_macro   0x000015eb       0x3a src/ASF/common/services/clock/same70/sysclk.o
 .debug_macro   0x00001625      0x16d src/ASF/common/services/clock/same70/sysclk.o
 .debug_macro   0x00001792       0x76 src/ASF/common/services/clock/same70/sysclk.o
 .debug_macro   0x00001808       0x16 src/ASF/common/services/clock/same70/sysclk.o
 .debug_macro   0x0000181e      0x6e4 src/ASF/common/services/clock/same70/sysclk.o
 .debug_macro   0x00001f02       0x22 src/ASF/common/services/clock/same70/sysclk.o
 .debug_macro   0x00001f24       0x87 src/ASF/common/services/clock/same70/sysclk.o
 .debug_macro   0x00001fab       0x51 src/ASF/common/services/clock/same70/sysclk.o
 .debug_macro   0x00001ffc       0xef src/ASF/common/services/clock/same70/sysclk.o
 .debug_macro   0x000020eb       0x6a src/ASF/common/services/clock/same70/sysclk.o
 .debug_macro   0x00002155      0x1df src/ASF/common/services/clock/same70/sysclk.o
 .debug_macro   0x00002334       0x4a src/ASF/common/services/clock/same70/sysclk.o
 .debug_macro   0x0000237e       0x3b src/ASF/common/services/clock/same70/sysclk.o
 .debug_macro   0x000023b9       0x2d src/ASF/common/services/clock/same70/sysclk.o
 .debug_macro   0x000023e6       0x26 src/ASF/common/services/clock/same70/sysclk.o
 .debug_macro   0x0000240c      0xf9a src/ASF/common/services/clock/same70/sysclk.o
 .debug_macro   0x000033a6      0x175 src/ASF/common/services/clock/same70/sysclk.o
 .debug_macro   0x0000351b      0x257 src/ASF/common/services/clock/same70/sysclk.o
 .debug_macro   0x00003772      0xa0f src/ASF/common/services/clock/same70/sysclk.o
 .debug_macro   0x00004181      0x1b9 src/ASF/common/services/clock/same70/sysclk.o
 .debug_macro   0x0000433a      0x336 src/ASF/common/services/clock/same70/sysclk.o
 .debug_macro   0x00004670      0x15b src/ASF/common/services/clock/same70/sysclk.o
 .debug_macro   0x000047cb     0x1851 src/ASF/common/services/clock/same70/sysclk.o
 .debug_macro   0x0000601c       0x1c src/ASF/common/services/clock/same70/sysclk.o
 .debug_macro   0x00006038      0x68d src/ASF/common/services/clock/same70/sysclk.o
 .debug_macro   0x000066c5      0x31e src/ASF/common/services/clock/same70/sysclk.o
 .debug_macro   0x000069e3      0x4d4 src/ASF/common/services/clock/same70/sysclk.o
 .debug_macro   0x00006eb7      0x56e src/ASF/common/services/clock/same70/sysclk.o
 .debug_macro   0x00007425     0x1332 src/ASF/common/services/clock/same70/sysclk.o
 .debug_macro   0x00008757     0x278d src/ASF/common/services/clock/same70/sysclk.o
 .debug_macro   0x0000aee4     0x102b src/ASF/common/services/clock/same70/sysclk.o
 .debug_macro   0x0000bf0f      0xe01 src/ASF/common/services/clock/same70/sysclk.o
 .debug_macro   0x0000cd10      0x3b1 src/ASF/common/services/clock/same70/sysclk.o
 .debug_macro   0x0000d0c1       0xa0 src/ASF/common/services/clock/same70/sysclk.o
 .debug_macro   0x0000d161       0x76 src/ASF/common/services/clock/same70/sysclk.o
 .debug_macro   0x0000d1d7      0x409 src/ASF/common/services/clock/same70/sysclk.o
 .debug_macro   0x0000d5e0       0x64 src/ASF/common/services/clock/same70/sysclk.o
 .debug_macro   0x0000d644      0x284 src/ASF/common/services/clock/same70/sysclk.o
 .debug_macro   0x0000d8c8      0x1d0 src/ASF/common/services/clock/same70/sysclk.o
 .debug_macro   0x0000da98      0x248 src/ASF/common/services/clock/same70/sysclk.o
 .debug_macro   0x0000dce0      0x524 src/ASF/common/services/clock/same70/sysclk.o
 .debug_macro   0x0000e204      0x63b src/ASF/common/services/clock/same70/sysclk.o
 .debug_macro   0x0000e83f      0x6b8 src/ASF/common/services/clock/same70/sysclk.o
 .debug_macro   0x0000eef7       0x4c src/ASF/common/services/clock/same70/sysclk.o
 .debug_macro   0x0000ef43      0x468 src/ASF/common/services/clock/same70/sysclk.o
 .debug_macro   0x0000f3ab      0x207 src/ASF/common/services/clock/same70/sysclk.o
 .debug_macro   0x0000f5b2      0x866 src/ASF/common/services/clock/same70/sysclk.o
 .debug_macro   0x0000fe18     0x1547 src/ASF/common/services/clock/same70/sysclk.o
 .debug_macro   0x0001135f       0x40 src/ASF/common/services/clock/same70/sysclk.o
 .debug_macro   0x0001139f       0x76 src/ASF/common/services/clock/same70/sysclk.o
 .debug_macro   0x00011415      0xdaf src/ASF/common/services/clock/same70/sysclk.o
 .debug_macro   0x000121c4       0x82 src/ASF/common/services/clock/same70/sysclk.o
 .debug_macro   0x00012246       0x76 src/ASF/common/services/clock/same70/sysclk.o
 .debug_macro   0x000122bc       0x4c src/ASF/common/services/clock/same70/sysclk.o
 .debug_macro   0x00012308      0x135 src/ASF/common/services/clock/same70/sysclk.o
 .debug_macro   0x0001243d      0x135 src/ASF/common/services/clock/same70/sysclk.o
 .debug_macro   0x00012572      0x135 src/ASF/common/services/clock/same70/sysclk.o
 .debug_macro   0x000126a7       0x6a src/ASF/common/services/clock/same70/sysclk.o
 .debug_macro   0x00012711       0x6a src/ASF/common/services/clock/same70/sysclk.o
 .debug_macro   0x0001277b      0x313 src/ASF/common/services/clock/same70/sysclk.o
 .debug_macro   0x00012a8e       0xb2 src/ASF/common/services/clock/same70/sysclk.o
 .debug_macro   0x00012b40       0xb2 src/ASF/common/services/clock/same70/sysclk.o
 .debug_macro   0x00012bf2       0xb2 src/ASF/common/services/clock/same70/sysclk.o
 .debug_macro   0x00012ca4      0x11d src/ASF/common/services/clock/same70/sysclk.o
 .debug_macro   0x00012dc1      0x11d src/ASF/common/services/clock/same70/sysclk.o
 .debug_macro   0x00012ede      0x2cd src/ASF/common/services/clock/same70/sysclk.o
 .debug_macro   0x000131ab       0xb8 src/ASF/common/services/clock/same70/sysclk.o
 .debug_macro   0x00013263       0x5e src/ASF/common/services/clock/same70/sysclk.o
 .debug_macro   0x000132c1       0x40 src/ASF/common/services/clock/same70/sysclk.o
 .debug_macro   0x00013301       0x4c src/ASF/common/services/clock/same70/sysclk.o
 .debug_macro   0x0001334d       0xa0 src/ASF/common/services/clock/same70/sysclk.o
 .debug_macro   0x000133ed      0x494 src/ASF/common/services/clock/same70/sysclk.o
 .debug_macro   0x00013881      0x135 src/ASF/common/services/clock/same70/sysclk.o
 .debug_macro   0x000139b6       0x4c src/ASF/common/services/clock/same70/sysclk.o
 .debug_macro   0x00013a02      0x313 src/ASF/common/services/clock/same70/sysclk.o
 .debug_macro   0x00013d15       0x6a src/ASF/common/services/clock/same70/sysclk.o
 .debug_macro   0x00013d7f       0xb8 src/ASF/common/services/clock/same70/sysclk.o
 .debug_macro   0x00013e37       0x6a src/ASF/common/services/clock/same70/sysclk.o
 .debug_macro   0x00013ea1       0x2e src/ASF/common/services/clock/same70/sysclk.o
 .debug_macro   0x00013ecf      0x9b1 src/ASF/common/services/clock/same70/sysclk.o
 .debug_macro   0x00014880       0x6a src/ASF/common/services/clock/same70/sysclk.o
 .debug_macro   0x000148ea       0x88 src/ASF/common/services/clock/same70/sysclk.o
 .debug_macro   0x00014972       0x58 src/ASF/common/services/clock/same70/sysclk.o
 .debug_macro   0x000149ca       0xe2 src/ASF/common/services/clock/same70/sysclk.o
 .debug_macro   0x00014aac       0x16 src/ASF/common/services/clock/same70/sysclk.o
 .debug_macro   0x00014ac2       0xe2 src/ASF/common/services/clock/same70/sysclk.o
 .debug_macro   0x00014ba4       0x4c src/ASF/common/services/clock/same70/sysclk.o
 .debug_macro   0x00014bf0       0x16 src/ASF/common/services/clock/same70/sysclk.o
 .debug_macro   0x00014c06       0x4c src/ASF/common/services/clock/same70/sysclk.o
 .debug_macro   0x00014c52       0x2e src/ASF/common/services/clock/same70/sysclk.o
 .debug_macro   0x00014c80      0x1b5 src/ASF/common/services/clock/same70/sysclk.o
 .debug_macro   0x00014e35      0x1b5 src/ASF/common/services/clock/same70/sysclk.o
 .debug_macro   0x00014fea      0x1b5 src/ASF/common/services/clock/same70/sysclk.o
 .debug_macro   0x0001519f      0x1b5 src/ASF/common/services/clock/same70/sysclk.o
 .debug_macro   0x00015354      0x1b5 src/ASF/common/services/clock/same70/sysclk.o
 .debug_macro   0x00015509       0x1c src/ASF/common/services/clock/same70/sysclk.o
 .debug_macro   0x00015525       0x2e src/ASF/common/services/clock/same70/sysclk.o
 .debug_macro   0x00015553       0x22 src/ASF/common/services/clock/same70/sysclk.o
 .debug_macro   0x00015575       0x1c src/ASF/common/services/clock/same70/sysclk.o
 .debug_macro   0x00015591       0x52 src/ASF/common/services/clock/same70/sysclk.o
 .debug_macro   0x000155e3       0x10 src/ASF/common/services/clock/same70/sysclk.o
 .debug_macro   0x000155f3       0x1c src/ASF/common/services/clock/same70/sysclk.o
 .debug_macro   0x0001560f       0x4c src/ASF/common/services/clock/same70/sysclk.o
 .debug_macro   0x0001565b       0x4c src/ASF/common/services/clock/same70/sysclk.o
 .debug_macro   0x000156a7       0x4c src/ASF/common/services/clock/same70/sysclk.o
 .debug_macro   0x000156f3      0x31b src/ASF/common/services/clock/same70/sysclk.o
 .debug_macro   0x00015a0e     0x1022 src/ASF/common/services/clock/same70/sysclk.o
 .debug_macro   0x00016a30      0x100 src/ASF/common/services/clock/same70/sysclk.o
 .debug_macro   0x00016b30       0x52 src/ASF/common/services/clock/same70/sysclk.o
 .debug_macro   0x00016b82       0x35 src/ASF/common/services/clock/same70/sysclk.o
 .debug_macro   0x00016bb7       0x9c src/ASF/common/services/clock/same70/sysclk.o
 .debug_macro   0x00016c53       0x16 src/ASF/common/services/clock/same70/sysclk.o
 .debug_macro   0x00016c69       0x35 src/ASF/common/services/clock/same70/sysclk.o
 .debug_macro   0x00016c9e      0x330 src/ASF/common/services/clock/same70/sysclk.o
 .debug_macro   0x00016fce       0x10 src/ASF/common/services/clock/same70/sysclk.o
 .debug_macro   0x00016fde       0x52 src/ASF/common/services/clock/same70/sysclk.o
 .debug_macro   0x00017030       0x1f src/ASF/common/services/clock/same70/sysclk.o
 .debug_macro   0x0001704f       0x43 src/ASF/common/services/clock/same70/sysclk.o
 .debug_macro   0x00017092       0x20 src/ASF/common/services/clock/same70/sysclk.o
 .debug_macro   0x000170b2      0x187 src/ASF/common/services/clock/same70/sysclk.o
 .debug_macro   0x00017239       0x10 src/ASF/common/services/clock/same70/sysclk.o
 .debug_macro   0x00017249       0x1c src/ASF/common/services/clock/same70/sysclk.o
 .debug_macro   0x00017265       0x52 src/ASF/common/services/clock/same70/sysclk.o
 .debug_macro   0x000172b7       0x40 src/ASF/common/services/clock/same70/sysclk.o
 .debug_macro   0x000172f7       0x10 src/ASF/common/services/clock/same70/sysclk.o
 .debug_macro   0x00017307       0x40 src/ASF/common/services/clock/same70/sysclk.o
 .debug_macro   0x00017347       0xd7 src/ASF/common/services/clock/same70/sysclk.o
 .debug_macro   0x0001741e       0x16 src/ASF/common/services/clock/same70/sysclk.o
 .debug_macro   0x00017434      0x18b src/ASF/common/services/clock/same70/sysclk.o
 .debug_macro   0x000175bf       0x22 src/ASF/common/services/clock/same70/sysclk.o
 .debug_macro   0x000175e1       0x16 src/ASF/common/services/clock/same70/sysclk.o
 .debug_macro   0x000175f7       0x16 src/ASF/common/services/clock/same70/sysclk.o
 .debug_macro   0x0001760d       0x29 src/ASF/common/services/clock/same70/sysclk.o
 .debug_macro   0x00017636       0x75 src/ASF/common/services/clock/same70/sysclk.o
 .debug_macro   0x000176ab       0x3f src/ASF/common/services/clock/same70/sysclk.o
 .debug_macro   0x000176ea      0x3ca src/ASF/common/services/clock/same70/sysclk.o
 .debug_macro   0x00017ab4      0x2b9 src/ASF/common/services/clock/same70/sysclk.o
 .debug_macro   0x00017d6d      0x8d6 src/ASF/common/services/clock/same70/sysclk.o
 .debug_macro   0x00018643       0x70 src/ASF/common/services/clock/same70/sysclk.o
 .debug_macro   0x000186b3       0x64 src/ASF/common/services/clock/same70/sysclk.o
 .debug_macro   0x00018717       0x5f src/ASF/common/services/clock/same70/sysclk.o
 .debug_macro   0x00018776       0xac src/ASF/common/services/clock/same70/sysclk.o
 .debug_macro   0x00018822      0x665 src/ASF/common/services/delay/sam/cycle_counter.o
 .debug_macro   0x00018e87       0x22 src/ASF/common/services/delay/sam/cycle_counter.o
 .debug_macro   0x00018ea9      0x655 src/ASF/common/utils/interrupt/interrupt_sam_nvic.o
 .debug_macro   0x000194fe      0x655 src/ASF/common/utils/stdio/read.o
 .debug_macro   0x00019b53      0x655 src/ASF/common/utils/stdio/write.o
 .debug_macro   0x0001a1a8      0x70b src/ASF/sam/boards/same70_xplained/init.o
 .debug_macro   0x0001a8b3       0x28 src/ASF/sam/boards/same70_xplained/init.o
 .debug_macro   0x0001a8db       0x82 src/ASF/sam/boards/same70_xplained/init.o
 .debug_macro   0x0001a95d       0x94 src/ASF/sam/boards/same70_xplained/init.o
 .debug_macro   0x0001a9f1      0x66b src/ASF/sam/drivers/pio/pio.o
 .debug_macro   0x0001b05c       0x8e src/ASF/sam/drivers/pio/pio.o
 .debug_macro   0x0001b0ea      0x676 src/ASF/sam/drivers/pio/pio_handler.o
 .debug_macro   0x0001b760      0x66b src/ASF/sam/drivers/pmc/pmc.o
 .debug_macro   0x0001bdcb       0x6a src/ASF/sam/drivers/pmc/pmc.o
 .debug_macro   0x0001be35      0x689 src/ASF/sam/drivers/twihs/twihs.o
 .debug_macro   0x0001c4be       0x46 src/ASF/sam/drivers/twihs/twihs.o
 .debug_macro   0x0001c504      0x665 src/ASF/sam/drivers/uart/uart.o
 .debug_macro   0x0001cb69       0x16 src/ASF/sam/drivers/uart/uart.o
 .debug_macro   0x0001cb7f      0x69b src/ASF/sam/drivers/usart/usart.o
 .debug_macro   0x0001d21a       0x34 src/ASF/sam/drivers/usart/usart.o
 .debug_macro   0x0001d24e      0x664 src/ASF/sam/utils/cmsis/same70/source/templates/gcc/startup_same70.o
 .debug_macro   0x0001d8b2       0x10 src/ASF/sam/utils/cmsis/same70/source/templates/gcc/startup_same70.o
 .debug_macro   0x0001d8c2      0x455 src/ASF/sam/utils/cmsis/same70/source/templates/system_same70.o
 .debug_macro   0x0001dd17      0x1d6 src/ASF/sam/utils/syscalls/gcc/syscalls.o
 .debug_macro   0x0001deed       0x97 src/ASF/sam/utils/syscalls/gcc/syscalls.o
 .debug_macro   0x0001df84       0xf6 src/ASF/sam/utils/syscalls/gcc/syscalls.o
 .debug_macro   0x0001e07a       0x4c src/ASF/sam/utils/syscalls/gcc/syscalls.o
 .debug_macro   0x0001e0c6       0x16 src/ASF/sam/utils/syscalls/gcc/syscalls.o
 .debug_macro   0x0001e0dc       0x10 src/ASF/sam/utils/syscalls/gcc/syscalls.o
 .debug_macro   0x0001e0ec       0x10 src/ASF/sam/utils/syscalls/gcc/syscalls.o
 .debug_macro   0x0001e0fc       0x35 src/ASF/sam/utils/syscalls/gcc/syscalls.o
 .debug_macro   0x0001e131      0x122 src/ASF/sam/utils/syscalls/gcc/syscalls.o
 .debug_macro   0x0001e253      0x877 src/main.o
 .debug_macro   0x0001eaca       0x28 src/main.o
 .debug_macro   0x0001eaf2       0x23 src/main.o
 .debug_macro   0x0001eb15       0x40 src/main.o
 .debug_macro   0x0001eb55       0x88 src/main.o
 .debug_macro   0x0001ebdd       0x10 src/main.o
 .debug_macro   0x0001ebed      0x1ce src/main.o
 .debug_macro   0x0001edbb       0x16 src/main.o
 .debug_macro   0x0001edd1       0x1c src/main.o
 .debug_macro   0x0001eded       0x4c src/main.o
 .debug_macro   0x0001ee39       0x16 src/main.o
 .debug_macro   0x0001ee4f       0x16 src/main.o
 .debug_macro   0x0001ee65      0x1ad src/main.o
 .debug_macro   0x0001f012      0x8ec src/main.o

.debug_line     0x00000000     0xbdf6
 .debug_line    0x00000000      0xc67 src/ASF/common/services/clock/same70/sysclk.o
 .debug_line    0x00000c67      0x9ed src/ASF/common/services/delay/sam/cycle_counter.o
 .debug_line    0x00001654      0xa09 src/ASF/common/utils/interrupt/interrupt_sam_nvic.o
 .debug_line    0x0000205d      0x9ea src/ASF/common/utils/stdio/read.o
 .debug_line    0x00002a47      0x9e7 src/ASF/common/utils/stdio/write.o
 .debug_line    0x0000342e      0xd8c src/ASF/sam/boards/same70_xplained/init.o
 .debug_line    0x000041ba      0xe17 src/ASF/sam/drivers/pio/pio.o
 .debug_line    0x00004fd1      0xb18 src/ASF/sam/drivers/pio/pio_handler.o
 .debug_line    0x00005ae9     0x10d5 src/ASF/sam/drivers/pmc/pmc.o
 .debug_line    0x00006bbe      0xc8e src/ASF/sam/drivers/twihs/twihs.o
 .debug_line    0x0000784c      0xb91 src/ASF/sam/drivers/uart/uart.o
 .debug_line    0x000083dd     0x10cd src/ASF/sam/drivers/usart/usart.o
 .debug_line    0x000094aa      0xac0 src/ASF/sam/utils/cmsis/same70/source/templates/gcc/startup_same70.o
 .debug_line    0x00009f6a      0x819 src/ASF/sam/utils/cmsis/same70/source/templates/system_same70.o
 .debug_line    0x0000a783      0x413 src/ASF/sam/utils/syscalls/gcc/syscalls.o
 .debug_line    0x0000ab96     0x1260 src/main.o

.debug_str      0x00000000    0x8e340
 .debug_str     0x00000000    0x8567d src/ASF/common/services/clock/same70/sysclk.o
                              0x85d36 (size before relaxing)
 .debug_str     0x0008567d      0x1b5 src/ASF/common/services/delay/sam/cycle_counter.o
                              0x81e54 (size before relaxing)
 .debug_str     0x00085832       0x94 src/ASF/common/utils/interrupt/interrupt_sam_nvic.o
                              0x81d24 (size before relaxing)
 .debug_str     0x000858c6       0x3f src/ASF/common/utils/stdio/read.o
                              0x81ccd (size before relaxing)
 .debug_str     0x00085905       0x2e src/ASF/common/utils/stdio/write.o
                              0x81cce (size before relaxing)
 .debug_str     0x00085933     0x100f src/ASF/sam/boards/same70_xplained/init.o
                              0x8690b (size before relaxing)
 .debug_str     0x00086942      0x5b8 src/ASF/sam/drivers/pio/pio.o
                              0x8287a (size before relaxing)
 .debug_str     0x00086efa      0x44f src/ASF/sam/drivers/pio/pio_handler.o
                              0x8299c (size before relaxing)
 .debug_str     0x00087349      0x649 src/ASF/sam/drivers/pmc/pmc.o
                              0x829cf (size before relaxing)
 .debug_str     0x00087992      0x5cb src/ASF/sam/drivers/twihs/twihs.o
                              0x822d8 (size before relaxing)
 .debug_str     0x00087f5d      0x2fa src/ASF/sam/drivers/uart/uart.o
                              0x81fd4 (size before relaxing)
 .debug_str     0x00088257      0xb6a src/ASF/sam/drivers/usart/usart.o
                              0x8286c (size before relaxing)
 .debug_str     0x00088dc1      0x6a3 src/ASF/sam/utils/cmsis/same70/source/templates/gcc/startup_same70.o
                              0x824f1 (size before relaxing)
 .debug_str     0x00089464      0x137 src/ASF/sam/utils/cmsis/same70/source/templates/system_same70.o
                              0x727eb (size before relaxing)
 .debug_str     0x0008959b      0x778 src/ASF/sam/utils/syscalls/gcc/syscalls.o
                               0x72cf (size before relaxing)
 .debug_str     0x00089d13     0x462d src/main.o
                              0x8b66c (size before relaxing)

.debug_frame    0x00000000     0x3fd0
 .debug_frame   0x00000000      0x240 src/ASF/common/services/clock/same70/sysclk.o
 .debug_frame   0x00000240       0x20 src/ASF/common/services/delay/sam/cycle_counter.o
 .debug_frame   0x00000260       0x58 src/ASF/common/utils/interrupt/interrupt_sam_nvic.o
 .debug_frame   0x000002b8       0x34 src/ASF/common/utils/stdio/read.o
 .debug_frame   0x000002ec       0x34 src/ASF/common/utils/stdio/write.o
 .debug_frame   0x00000320      0x19c src/ASF/sam/boards/same70_xplained/init.o
 .debug_frame   0x000004bc      0x7c0 src/ASF/sam/drivers/pio/pio.o
 .debug_frame   0x00000c7c      0x1d0 src/ASF/sam/drivers/pio/pio_handler.o
 .debug_frame   0x00000e4c      0xa58 src/ASF/sam/drivers/pmc/pmc.o
 .debug_frame   0x000018a4      0x434 src/ASF/sam/drivers/twihs/twihs.o
 .debug_frame   0x00001cd8      0x3d0 src/ASF/sam/drivers/uart/uart.o
 .debug_frame   0x000020a8      0xd4c src/ASF/sam/drivers/usart/usart.o
 .debug_frame   0x00002df4       0xbc src/ASF/sam/utils/cmsis/same70/source/templates/gcc/startup_same70.o
 .debug_frame   0x00002eb0       0x78 src/ASF/sam/utils/cmsis/same70/source/templates/system_same70.o
 .debug_frame   0x00002f28      0x170 src/ASF/sam/utils/syscalls/gcc/syscalls.o
 .debug_frame   0x00003098      0x2e8 src/main.o
 .debug_frame   0x00003380       0x2c c:/program files (x86)/atmel/studio/7.0/toolchain/arm/arm-gnu-toolchain/bin/../lib/gcc/arm-none-eabi/6.2.1/thumb/v7e-m\libgcc.a(_aeabi_uldivmod.o)
 .debug_frame   0x000033ac       0x34 c:/program files (x86)/atmel/studio/7.0/toolchain/arm/arm-gnu-toolchain/bin/../lib/gcc/arm-none-eabi/6.2.1/thumb/v7e-m\libgcc.a(_udivmoddi4.o)
 .debug_frame   0x000033e0       0x2c c:/program files (x86)/atmel/studio/7.0/toolchain/arm/arm-gnu-toolchain/bin/../lib/gcc/arm-none-eabi/6.2.1/../../../../arm-none-eabi/lib/thumb/v7e-m\libc.a(lib_a-init.o)
 .debug_frame   0x0000340c       0x74 c:/program files (x86)/atmel/studio/7.0/toolchain/arm/arm-gnu-toolchain/bin/../lib/gcc/arm-none-eabi/6.2.1/../../../../arm-none-eabi/lib/thumb/v7e-m\libc.a(lib_a-iprintf.o)
 .debug_frame   0x00003480       0x34 c:/program files (x86)/atmel/studio/7.0/toolchain/arm/arm-gnu-toolchain/bin/../lib/gcc/arm-none-eabi/6.2.1/../../../../arm-none-eabi/lib/thumb/v7e-m\libc.a(lib_a-memset.o)
 .debug_frame   0x000034b4       0x20 c:/program files (x86)/atmel/studio/7.0/toolchain/arm/arm-gnu-toolchain/bin/../lib/gcc/arm-none-eabi/6.2.1/../../../../arm-none-eabi/lib/thumb/v7e-m\libc.a(lib_a-setbuf.o)
 .debug_frame   0x000034d4       0x50 c:/program files (x86)/atmel/studio/7.0/toolchain/arm/arm-gnu-toolchain/bin/../lib/gcc/arm-none-eabi/6.2.1/../../../../arm-none-eabi/lib/thumb/v7e-m\libc.a(lib_a-setvbuf.o)
 .debug_frame   0x00003524       0xc4 c:/program files (x86)/atmel/studio/7.0/toolchain/arm/arm-gnu-toolchain/bin/../lib/gcc/arm-none-eabi/6.2.1/../../../../arm-none-eabi/lib/thumb/v7e-m\libc.a(lib_a-vfiprintf.o)
 .debug_frame   0x000035e8       0x2c c:/program files (x86)/atmel/studio/7.0/toolchain/arm/arm-gnu-toolchain/bin/../lib/gcc/arm-none-eabi/6.2.1/../../../../arm-none-eabi/lib/thumb/v7e-m\libc.a(lib_a-wsetup.o)
 .debug_frame   0x00003614       0x50 c:/program files (x86)/atmel/studio/7.0/toolchain/arm/arm-gnu-toolchain/bin/../lib/gcc/arm-none-eabi/6.2.1/../../../../arm-none-eabi/lib/thumb/v7e-m\libc.a(lib_a-__call_atexit.o)
 .debug_frame   0x00003664       0x20 c:/program files (x86)/atmel/studio/7.0/toolchain/arm/arm-gnu-toolchain/bin/../lib/gcc/arm-none-eabi/6.2.1/../../../../arm-none-eabi/lib/thumb/v7e-m\libc.a(lib_a-atexit.o)
 .debug_frame   0x00003684       0x6c c:/program files (x86)/atmel/studio/7.0/toolchain/arm/arm-gnu-toolchain/bin/../lib/gcc/arm-none-eabi/6.2.1/../../../../arm-none-eabi/lib/thumb/v7e-m\libc.a(lib_a-fflush.o)
 .debug_frame   0x000036f0      0x124 c:/program files (x86)/atmel/studio/7.0/toolchain/arm/arm-gnu-toolchain/bin/../lib/gcc/arm-none-eabi/6.2.1/../../../../arm-none-eabi/lib/thumb/v7e-m\libc.a(lib_a-findfp.o)
 .debug_frame   0x00003814       0x34 c:/program files (x86)/atmel/studio/7.0/toolchain/arm/arm-gnu-toolchain/bin/../lib/gcc/arm-none-eabi/6.2.1/../../../../arm-none-eabi/lib/thumb/v7e-m\libc.a(lib_a-fini.o)
 .debug_frame   0x00003848       0x8c c:/program files (x86)/atmel/studio/7.0/toolchain/arm/arm-gnu-toolchain/bin/../lib/gcc/arm-none-eabi/6.2.1/../../../../arm-none-eabi/lib/thumb/v7e-m\libc.a(lib_a-fputwc.o)
 .debug_frame   0x000038d4       0x74 c:/program files (x86)/atmel/studio/7.0/toolchain/arm/arm-gnu-toolchain/bin/../lib/gcc/arm-none-eabi/6.2.1/../../../../arm-none-eabi/lib/thumb/v7e-m\libc.a(lib_a-freer.o)
 .debug_frame   0x00003948       0x68 c:/program files (x86)/atmel/studio/7.0/toolchain/arm/arm-gnu-toolchain/bin/../lib/gcc/arm-none-eabi/6.2.1/../../../../arm-none-eabi/lib/thumb/v7e-m\libc.a(lib_a-fvwrite.o)
 .debug_frame   0x000039b0       0x54 c:/program files (x86)/atmel/studio/7.0/toolchain/arm/arm-gnu-toolchain/bin/../lib/gcc/arm-none-eabi/6.2.1/../../../../arm-none-eabi/lib/thumb/v7e-m\libc.a(lib_a-fwalk.o)