Archive member included to satisfy reference by file (symbol)

c:/program files (x86)/atmel/studio/7.0/toolchain/arm/arm-gnu-toolchain/bin/../lib/gcc/arm-none-eabi/6.2.1/thumb/v7e-m\libgcc.a(_aeabi_uldivmod.o)
                              src/main.o (__aeabi_uldivmod)
c:/program files (x86)/atmel/studio/7.0/toolchain/arm/arm-gnu-toolchain/bin/../lib/gcc/arm-none-eabi/6.2.1/thumb/v7e-m\libgcc.a(_udivmoddi4.o)
                              c:/program files (x86)/atmel/studio/7.0/toolchain/arm/arm-gnu-toolchain/bin/../lib/gcc/arm-none-eabi/6.2.1/thumb/v7e-m\libgcc.a(_aeabi_uldivmod.o) (__udivmoddi4)
c:/program files (x86)/atmel/studio/7.0/toolchain/arm/arm-gnu-toolchain/bin/../lib/gcc/arm-none-eabi/6.2.1/thumb/v7e-m\libgcc.a(_dvmd_tls.o)
                              c:/program files (x86)/atmel/studio/7.0/toolchain/arm/arm-gnu-toolchain/bin/../lib/gcc/arm-none-eabi/6.2.1/thumb/v7e-m\libgcc.a(_aeabi_uldivmod.o) (__aeabi_ldiv0)
c:/program files (x86)/atmel/studio/7.0/toolchain/arm/arm-gnu-toolchain/bin/../lib/gcc/arm-none-eabi/6.2.1/../../../../arm-none-eabi/lib/thumb/v7e-m\libc.a(lib_a-exit.o)
                              c:/program files (x86)/atmel/studio/7.0/toolchain/arm/arm-gnu-toolchain/bin/../lib/gcc/arm-none-eabi/6.2.1/../../../../arm-none-eabi/lib/thumb/v7e-m/crt0.o (exit)
c:/program files (x86)/atmel/studio/7.0/toolchain/arm/arm-gnu-toolchain/bin/../lib/gcc/arm-none-eabi/6.2.1/../../../../arm-none-eabi/lib/thumb/v7e-m\libc.a(lib_a-impure.o)
                              c:/program files (x86)/atmel/studio/7.0/toolchain/arm/arm-gnu-toolchain/bin/../lib/gcc/arm-none-eabi/6.2.1/../../../../arm-none-eabi/lib/thumb/v7e-m\libc.a(lib_a-exit.o) (_global_impure_ptr)
c:/program files (x86)/atmel/studio/7.0/toolchain/arm/arm-gnu-toolchain/bin/../lib/gcc/arm-none-eabi/6.2.1/../../../../arm-none-eabi/lib/thumb/v7e-m\libc.a(lib_a-init.o)
                              c:/program files (x86)/atmel/studio/7.0/toolchain/arm/arm-gnu-toolchain/bin/../lib/gcc/arm-none-eabi/6.2.1/../../../../arm-none-eabi/lib/thumb/v7e-m/crt0.o (__libc_init_array)
c:/program files (x86)/atmel/studio/7.0/toolchain/arm/arm-gnu-toolchain/bin/../lib/gcc/arm-none-eabi/6.2.1/../../../../arm-none-eabi/lib/thumb/v7e-m\libc.a(lib_a-iprintf.o)
                              src/main.o (iprintf)
c:/program files (x86)/atmel/studio/7.0/toolchain/arm/arm-gnu-toolchain/bin/../lib/gcc/arm-none-eabi/6.2.1/../../../../arm-none-eabi/lib/thumb/v7e-m\libc.a(lib_a-memset.o)
                              c:/program files (x86)/atmel/studio/7.0/toolchain/arm/arm-gnu-toolchain/bin/../lib/gcc/arm-none-eabi/6.2.1/../../../../arm-none-eabi/lib/thumb/v7e-m/crt0.o (memset)
c:/program files (x86)/atmel/studio/7.0/toolchain/arm/arm-gnu-toolchain/bin/../lib/gcc/arm-none-eabi/6.2.1/../../../../arm-none-eabi/lib/thumb/v7e-m\libc.a(lib_a-setbuf.o)
                              src/main.o (setbuf)
c:/program files (x86)/atmel/studio/7.0/toolchain/arm/arm-gnu-toolchain/bin/../lib/gcc/arm-none-eabi/6.2.1/../../../../arm-none-eabi/lib/thumb/v7e-m\libc.a(lib_a-setvbuf.o)
                              c:/program files (x86)/atmel/studio/7.0/toolchain/arm/arm-gnu-toolchain/bin/../lib/gcc/arm-none-eabi/6.2.1/../../../../arm-none-eabi/lib/thumb/v7e-m\libc.a(lib_a-setbuf.o) (setvbuf)
c:/program files (x86)/atmel/studio/7.0/toolchain/arm/arm-gnu-toolchain/bin/../lib/gcc/arm-none-eabi/6.2.1/../../../../arm-none-eabi/lib/thumb/v7e-m\libc.a(lib_a-sprintf.o)
                              src/main.o (sprintf)
c:/program files (x86)/atmel/studio/7.0/toolchain/arm/arm-gnu-toolchain/bin/../lib/gcc/arm-none-eabi/6.2.1/../../../../arm-none-eabi/lib/thumb/v7e-m\libc.a(lib_a-svfprintf.o)
                              c:/program files (x86)/atmel/studio/7.0/toolchain/arm/arm-gnu-toolchain/bin/../lib/gcc/arm-none-eabi/6.2.1/../../../../arm-none-eabi/lib/thumb/v7e-m\libc.a(lib_a-sprintf.o) (_svfprintf_r)
c:/program files (x86)/atmel/studio/7.0/toolchain/arm/arm-gnu-toolchain/bin/../lib/gcc/arm-none-eabi/6.2.1/../../../../arm-none-eabi/lib/thumb/v7e-m\libc.a(lib_a-vfiprintf.o)
                              c:/program files (x86)/atmel/studio/7.0/toolchain/arm/arm-gnu-toolchain/bin/../lib/gcc/arm-none-eabi/6.2.1/../../../../arm-none-eabi/lib/thumb/v7e-m\libc.a(lib_a-iprintf.o) (_vfiprintf_r)
c:/program files (x86)/atmel/studio/7.0/toolchain/arm/arm-gnu-toolchain/bin/../lib/gcc/arm-none-eabi/6.2.1/../../../../arm-none-eabi/lib/thumb/v7e-m\libc.a(lib_a-wsetup.o)
                              c:/program files (x86)/atmel/studio/7.0/toolchain/arm/arm-gnu-toolchain/bin/../lib/gcc/arm-none-eabi/6.2.1/../../../../arm-none-eabi/lib/thumb/v7e-m\libc.a(lib_a-vfiprintf.o) (__swsetup_r)
c:/program files (x86)/atmel/studio/7.0/toolchain/arm/arm-gnu-toolchain/bin/../lib/gcc/arm-none-eabi/6.2.1/../../../../arm-none-eabi/lib/thumb/v7e-m\libc.a(lib_a-__call_atexit.o)
[...]
Memory Configuration

Name             Origin             Length             Attributes
rom              0x00400000         0x00200000         xr
ram              0x20400000         0x00060000         xrw
*default*        0x00000000         0xffffffff

Linker script and memory map

LOAD c:/program files (x86)/atmel/studio/7.0/toolchain/arm/arm-gnu-toolchain/bin/../lib/gcc/arm-none-eabi/6.2.1/thumb/v7e-m/crti.o
LOAD c:/program files (x86)/atmel/studio/7.0/toolchain/arm/arm-gnu-toolchain/bin/../lib/gcc/arm-none-eabi/6.2.1/thumb/v7e-m/crtbegin.o
LOAD c:/program files (x86)/atmel/studio/7.0/toolchain/arm/arm-gnu-toolchain/bin/../lib/gcc/arm-none-eabi/6.2.1/../../../../arm-none-eabi/lib/thumb/v7e-m/crt0.o
LOAD src/Driver/bluetooth.o
LOAD src/Driver/mcu6050.o
LOAD src/Driver/pio_insper.o
LOAD src/Driver/pmc_insper.o
LOAD src/ASF/common/services/clock/same70/sysclk.o
LOAD src/ASF/common/services/delay/sam/cycle_counter.o
LOAD src/ASF/common/services/serial/usart_serial.o
LOAD src/ASF/common/services/sleepmgr/sam/sleepmgr.o
LOAD src/ASF/common/utils/interrupt/interrupt_sam_nvic.o
LOAD src/ASF/common/utils/stdio/read.o
LOAD src/ASF/common/utils/stdio/write.o
LOAD src/ASF/sam/boards/same70_xplained/init.o
LOAD src/ASF/sam/drivers/matrix/matrix.o
LOAD src/ASF/sam/drivers/mpu/mpu.o
LOAD src/ASF/sam/drivers/pio/pio.o
LOAD src/ASF/sam/drivers/pio/pio_handler.o
LOAD src/ASF/sam/drivers/pmc/pmc.o
LOAD src/ASF/sam/drivers/pmc/sleep.o
LOAD src/ASF/sam/drivers/rtc/rtc.o
LOAD src/ASF/sam/drivers/tc/tc.o
LOAD src/ASF/sam/drivers/twihs/twihs.o
LOAD src/ASF/sam/drivers/uart/uart.o
LOAD src/ASF/sam/drivers/usart/usart.o
LOAD src/ASF/sam/drivers/xdmac/xdmac.o
LOAD src/ASF/sam/utils/cmsis/same70/source/templates/gcc/startup_same70.o
LOAD src/ASF/sam/utils/cmsis/same70/source/templates/system_same70.o
LOAD src/ASF/sam/utils/syscalls/gcc/syscalls.o
LOAD src/main.o
START GROUP
LOAD ../src/ASF/thirdparty/CMSIS/Lib/GCC\libarm_cortexM7lfsp_math_softfp.a
LOAD c:/program files (x86)/atmel/studio/7.0/toolchain/arm/arm-gnu-toolchain/bin/../lib/gcc/arm-none-eabi/6.2.1/../../../../arm-none-eabi/lib/thumb/v7e-m\libm.a
END GROUP
START GROUP
LOAD c:/program files (x86)/atmel/studio/7.0/toolchain/arm/arm-gnu-toolchain/bin/../lib/gcc/arm-none-eabi/6.2.1/thumb/v7e-m\libgcc.a
LOAD c:/program files (x86)/atmel/studio/7.0/toolchain/arm/arm-gnu-toolchain/bin/../lib/gcc/arm-none-eabi/6.2.1/../../../../arm-none-eabi/lib/thumb/v7e-m\libc.a
END GROUP
LOAD c:/program files (x86)/atmel/studio/7.0/toolchain/arm/arm-gnu-toolchain/bin/../lib/gcc/arm-none-eabi/6.2.1/thumb/v7e-m/crtend.o
LOAD c:/program files (x86)/atmel/studio/7.0/toolchain/arm/arm-gnu-toolchain/bin/../lib/gcc/arm-none-eabi/6.2.1/thumb/v7e-m/crtn.o
                0x00002000                STACK_SIZE = DEFINED (STACK_SIZE)?STACK_SIZE:0x2000
                0x2045fffc                __ram_end__ = ((ORIGIN (ram) + LENGTH (ram)) - 0x4)
                0x00000200                HEAP_SIZE = DEFINED (HEAP_SIZE)?HEAP_SIZE:0x200

.text           0x00400000     0x92cc
                0x00400000                . = ALIGN (0x4)
                0x00400000                _sfixed = .
 *(.vectors .vectors.*)
 .vectors       0x00400000      0x140 src/ASF/sam/utils/cmsis/same70/source/templates/gcc/startup_same70.o
                0x00400000                exception_table
 *(.text .text.* .gnu.linkonce.t.*)
 .text          0x00400140       0x6c c:/program files (x86)/atmel/studio/7.0/toolchain/arm/arm-gnu-toolchain/bin/../lib/gcc/arm-none-eabi/6.2.1/thumb/v7e-m/crtbegin.o
 .text.usart_serial_putchar
                0x004001ac      0x10c src/Driver/bluetooth.o
 .text.usart_serial_getchar
                0x004002b8      0x108 src/Driver/bluetooth.o
 .text.usart_putString
                0x004003c0       0x54 src/Driver/bluetooth.o
                0x004003c0                usart_putString
 .text.usart_getString
                0x00400414       0x5c src/Driver/bluetooth.o
                0x00400414                usart_getString
 .text.osc_get_rate
                0x00400470       0x74 src/Driver/mcu6050.o
 .text.sysclk_get_main_hz
                0x004004e4       0x20 src/Driver/mcu6050.o
 .text.sysclk_get_cpu_hz
                0x00400504       0x14 src/Driver/mcu6050.o
 .text.mcu6050_i2c_bus_init
                0x00400518       0x3c src/Driver/mcu6050.o
                0x00400518                mcu6050_i2c_bus_init
 .text.mcu6050_i2c_bus_write
                0x00400554       0x54 src/Driver/mcu6050.o
                0x00400554                mcu6050_i2c_bus_write
 .text.mcu6050_i2c_bus_read
                0x004005a8       0x64 src/Driver/mcu6050.o
                0x004005a8                mcu6050_i2c_bus_read
 .text.osc_enable
                0x0040060c       0x88 src/ASF/common/services/clock/same70/sysclk.o
 .text.osc_is_ready
                0x00400694       0x70 src/ASF/common/services/clock/same70/sysclk.o
 .text.osc_get_rate
                0x00400704       0x74 src/ASF/common/services/clock/same70/sysclk.o
 .text.osc_wait_ready
                0x00400778       0x2c src/ASF/common/services/clock/same70/sysclk.o
 .text.pll_config_init
                0x004007a4       0x6c src/ASF/common/services/clock/same70/sysclk.o
 .text.pll_enable
                0x00400810       0x40 src/ASF/common/services/clock/same70/sysclk.o
 .text.pll_is_locked
                0x00400850       0x2c src/ASF/common/services/clock/same70/sysclk.o
 .text.pll_enable_source
                0x0040087c       0x38 src/ASF/common/services/clock/same70/sysclk.o
 .text.pll_wait_for_lock
                0x004008b4       0x24 src/ASF/common/services/clock/same70/sysclk.o
 .text.sysclk_get_main_hz
                0x004008d8       0x20 src/ASF/common/services/clock/same70/sysclk.o
 .text.sysclk_get_cpu_hz
                0x004008f8       0x14 src/ASF/common/services/clock/same70/sysclk.o
 .text.sysclk_init
                0x0040090c       0x7c src/ASF/common/services/clock/same70/sysclk.o
                0x0040090c                sysclk_init
 .text._read    0x00400988       0x54 src/ASF/common/utils/stdio/read.o
                0x00400988                _read
 .text._write   0x004009dc       0x6c src/ASF/common/utils/stdio/write.o
                0x004009dc                _write
 .text.SCB_EnableICache
                0x00400a48       0x38 src/ASF/sam/boards/same70_xplained/init.o
 .text.SCB_EnableDCache
                0x00400a80       0xa4 src/ASF/sam/boards/same70_xplained/init.o
 .text.sysclk_enable_peripheral_clock
                0x00400b24       0x1c src/ASF/sam/boards/same70_xplained/init.o
 .text.ioport_init
                0x00400b40       0x2c src/ASF/sam/boards/same70_xplained/init.o
 .text.ioport_disable_pin
                0x00400b6c       0x4c src/ASF/sam/boards/same70_xplained/init.o
 .text.ioport_set_pin_mode
                0x00400bb8      0x11c src/ASF/sam/boards/same70_xplained/init.o
 .text.ioport_set_pin_dir
                0x00400cd4       0x88 src/ASF/sam/boards/same70_xplained/init.o
 .text.ioport_set_pin_level
                0x00400d5c       0x6c src/ASF/sam/boards/same70_xplained/init.o
 .text.ioport_set_pin_sense_mode
                0x00400dc8       0xd0 src/ASF/sam/boards/same70_xplained/init.o
 .text.tcm_disable
                0x00400e98       0x44 src/ASF/sam/boards/same70_xplained/init.o
 .text.board_init
                0x00400edc       0xd4 src/ASF/sam/boards/same70_xplained/init.o
                0x00400edc                board_init
 .text.pio_pull_up
                0x00400fb0       0x2c src/ASF/sam/drivers/pio/pio.o
                0x00400fb0                pio_pull_up
 .text.pio_set  0x00400fdc       0x1c src/ASF/sam/drivers/pio/pio.o
                0x00400fdc                pio_set
 .text.pio_clear
                0x00400ff8       0x1c src/ASF/sam/drivers/pio/pio.o
                0x00400ff8                pio_clear
 .text.pio_set_peripheral
                0x00401014      0x110 src/ASF/sam/drivers/pio/pio.o
                0x00401014                pio_set_peripheral
 .text.pio_set_input
                0x00401124       0x80 src/ASF/sam/drivers/pio/pio.o
                0x00401124                pio_set_input
 .text.pio_set_output
                0x004011a4       0x64 src/ASF/sam/drivers/pio/pio.o
                0x004011a4                pio_set_output
 .text.pio_get_output_data_status
                0x00401208       0x28 src/ASF/sam/drivers/pio/pio.o
                0x00401208                pio_get_output_data_status
 .text.pio_configure_interrupt
                0x00401230       0x6c src/ASF/sam/drivers/pio/pio.o
                0x00401230                pio_configure_interrupt
 .text.pio_enable_interrupt
                0x0040129c       0x1c src/ASF/sam/drivers/pio/pio.o
                0x0040129c                pio_enable_interrupt
 .text.pio_disable_interrupt
                0x004012b8       0x1c src/ASF/sam/drivers/pio/pio.o
                0x004012b8                pio_disable_interrupt
 .text.pio_get_interrupt_status
                0x004012d4       0x18 src/ASF/sam/drivers/pio/pio.o
                0x004012d4                pio_get_interrupt_status
 .text.pio_get_interrupt_mask
                0x004012ec       0x18 src/ASF/sam/drivers/pio/pio.o
                0x004012ec                pio_get_interrupt_mask
 .text.pio_handler_process
                0x00401304       0xb4 src/ASF/sam/drivers/pio/pio_handler.o
                0x00401304                pio_handler_process
 .text.pio_handler_set
                0x004013b8       0xa0 src/ASF/sam/drivers/pio/pio_handler.o
                0x004013b8                pio_handler_set
 .text.PIOA_Handler
                0x00401458       0x18 src/ASF/sam/drivers/pio/pio_handler.o
                0x00401458                PIOA_Handler
 .text.PIOB_Handler
                0x00401470       0x18 src/ASF/sam/drivers/pio/pio_handler.o
                0x00401470                PIOB_Handler
 .text.PIOC_Handler
                0x00401488       0x18 src/ASF/sam/drivers/pio/pio_handler.o
                0x00401488                PIOC_Handler
 .text.PIOD_Handler
                0x004014a0       0x18 src/ASF/sam/drivers/pio/pio_handler.o
                0x004014a0                PIOD_Handler
 .text.PIOE_Handler
                0x004014b8       0x18 src/ASF/sam/drivers/pio/pio_handler.o
                0x004014b8                PIOE_Handler
 .text.pmc_mck_set_division
                0x004014d0       0x7c src/ASF/sam/drivers/pmc/pmc.o
                0x004014d0                pmc_mck_set_division
 .text.pmc_switch_mck_to_pllack
                0x0040154c       0x84 src/ASF/sam/drivers/pmc/pmc.o
                0x0040154c                pmc_switch_mck_to_pllack
 .text.pmc_switch_sclk_to_32kxtal
                0x004015d0       0x38 src/ASF/sam/drivers/pmc/pmc.o
                0x004015d0                pmc_switch_sclk_to_32kxtal
 .text.pmc_osc_is_ready_32kxtal
                0x00401608       0x34 src/ASF/sam/drivers/pmc/pmc.o
                0x00401608                pmc_osc_is_ready_32kxtal
 .text.pmc_switch_mainck_to_fastrc
                0x0040163c       0x70 src/ASF/sam/drivers/pmc/pmc.o
                0x0040163c                pmc_switch_mainck_to_fastrc
 .text.pmc_switch_mainck_to_xtal
                0x004016ac       0x78 src/ASF/sam/drivers/pmc/pmc.o
                0x004016ac                pmc_switch_mainck_to_xtal
 .text.pmc_osc_is_ready_mainck
                0x00401724       0x1c src/ASF/sam/drivers/pmc/pmc.o
                0x00401724                pmc_osc_is_ready_mainck
 .text.pmc_disable_pllack
                0x00401740       0x1c src/ASF/sam/drivers/pmc/pmc.o
                0x00401740                pmc_disable_pllack
 .text.pmc_is_locked_pllack
                0x0040175c       0x1c src/ASF/sam/drivers/pmc/pmc.o
                0x0040175c                pmc_is_locked_pllack
 .text.pmc_is_locked_upll
                0x00401778       0x1c src/ASF/sam/drivers/pmc/pmc.o
                0x00401778                pmc_is_locked_upll
 .text.pmc_enable_periph_clk
                0x00401794       0x84 src/ASF/sam/drivers/pmc/pmc.o
                0x00401794                pmc_enable_periph_clk
 .text.twihs_enable_master_mode
                0x00401818       0x26 src/ASF/sam/drivers/twihs/twihs.o
                0x00401818                twihs_enable_master_mode
 *fill*         0x0040183e        0x2 
 .text.twihs_master_init
                0x00401840       0x58 src/ASF/sam/drivers/twihs/twihs.o
                0x00401840                twihs_master_init
 .text.twihs_set_speed
                0x00401898       0xf4 src/ASF/sam/drivers/twihs/twihs.o
                0x00401898                twihs_set_speed
 .text.twihs_mk_addr
                0x0040198c       0x5c src/ASF/sam/drivers/twihs/twihs.o
 .text.twihs_master_read
                0x004019e8       0xe8 src/ASF/sam/drivers/twihs/twihs.o
                0x004019e8                twihs_master_read
 .text.twihs_master_write
                0x00401ad0       0xdc src/ASF/sam/drivers/twihs/twihs.o
                0x00401ad0                twihs_master_write
 .text.twihs_reset
                0x00401bac       0x1e src/ASF/sam/drivers/twihs/twihs.o
                0x00401bac                twihs_reset
 .text.uart_init
                0x00401bca       0x58 src/ASF/sam/drivers/uart/uart.o
                0x00401bca                uart_init
 .text.uart_is_tx_empty
                0x00401c22       0x26 src/ASF/sam/drivers/uart/uart.o
                0x00401c22                uart_is_tx_empty
 .text.uart_write
                0x00401c48       0x30 src/ASF/sam/drivers/uart/uart.o
                0x00401c48                uart_write
 .text.uart_read
                0x00401c78       0x32 src/ASF/sam/drivers/uart/uart.o
                0x00401c78                uart_read
 .text.usart_set_async_baudrate
                0x00401caa       0x8a src/ASF/sam/drivers/usart/usart.o
                0x00401caa                usart_set_async_baudrate
 .text.usart_reset
                0x00401d34       0x54 src/ASF/sam/drivers/usart/usart.o
                0x00401d34                usart_reset
 .text.usart_init_rs232
                0x00401d88       0x84 src/ASF/sam/drivers/usart/usart.o
                0x00401d88                usart_init_rs232
 .text.usart_enable_tx
                0x00401e0c       0x1a src/ASF/sam/drivers/usart/usart.o
                0x00401e0c                usart_enable_tx
 .text.usart_reset_tx
                0x00401e26       0x1a src/ASF/sam/drivers/usart/usart.o
                0x00401e26                usart_reset_tx
 .text.usart_enable_rx
                0x00401e40       0x1a src/ASF/sam/drivers/usart/usart.o
                0x00401e40                usart_enable_rx
 .text.usart_reset_rx
                0x00401e5a       0x1a src/ASF/sam/drivers/usart/usart.o
                0x00401e5a                usart_reset_rx
 .text.usart_reset_status
                0x00401e74       0x1c src/ASF/sam/drivers/usart/usart.o
                0x00401e74                usart_reset_status
 .text.usart_drive_RTS_pin_high
                0x00401e90       0x1c src/ASF/sam/drivers/usart/usart.o
                0x00401e90                usart_drive_RTS_pin_high
 .text.usart_write
                0x00401eac       0x32 src/ASF/sam/drivers/usart/usart.o
                0x00401eac                usart_write
 .text.usart_read
                0x00401ede       0x34 src/ASF/sam/drivers/usart/usart.o
                0x00401ede                usart_read
 *fill*         0x00401f12        0x2 
 .text.usart_disable_writeprotect
                0x00401f14       0x20 src/ASF/sam/drivers/usart/usart.o
                0x00401f14                usart_disable_writeprotect
 .text.cpu_irq_save
                0x00401f34       0x38 src/ASF/sam/utils/cmsis/same70/source/templates/gcc/startup_same70.o
 .text.cpu_irq_is_enabled_flags
                0x00401f6c       0x20 src/ASF/sam/utils/cmsis/same70/source/templates/gcc/startup_same70.o
 .text.cpu_irq_restore
                0x00401f8c       0x30 src/ASF/sam/utils/cmsis/same70/source/templates/gcc/startup_same70.o
 .text.Reset_Handler
                0x00401fbc       0xb0 src/ASF/sam/utils/cmsis/same70/source/templates/gcc/startup_same70.o
                0x00401fbc                Reset_Handler
 .text.Dummy_Handler
                0x0040206c        0x6 src/ASF/sam/utils/cmsis/same70/source/templates/gcc/startup_same70.o
                0x0040206c                DACC_Handler
                0x0040206c                DebugMon_Handler
                0x0040206c                UART3_Handler
                0x0040206c                UART2_Handler
                0x0040206c                TRNG_Handler
                0x0040206c                HardFault_Handler
                0x0040206c                TC2_Handler
                0x0040206c                SysTick_Handler
                0x0040206c                AFEC1_Handler
                0x0040206c                PendSV_Handler
                0x0040206c                NMI_Handler
                0x0040206c                TC7_Handler
                0x0040206c                QSPI_Handler
                0x0040206c                ISI_Handler
                0x0040206c                TC9_Handler
                0x0040206c                RSWDT_Handler
                0x0040206c                MCAN1_Handler
                0x0040206c                USART0_Handler
                0x0040206c                RTT_Handler
                0x0040206c                USBHS_Handler
                0x0040206c                RTC_Handler
                0x0040206c                UsageFault_Handler
                0x0040206c                TC6_Handler
                0x0040206c                WDT_Handler
                0x0040206c                TC4_Handler
                0x0040206c                TC1_Handler
                0x0040206c                HSMCI_Handler
                0x0040206c                UART1_Handler
                0x0040206c                TC3_Handler
                0x0040206c                Dummy_Handler
                0x0040206c                TWIHS1_Handler
                0x0040206c                XDMAC_Handler
                0x0040206c                UART4_Handler
                0x0040206c                PWM1_Handler
                0x0040206c                USART1_Handler
                0x0040206c                PWM0_Handler
                0x0040206c                AFEC0_Handler
                0x0040206c                TC11_Handler
                0x0040206c                SSC_Handler
                0x0040206c                ACC_Handler
                0x0040206c                PMC_Handler
                0x0040206c                GMAC_Handler
                0x0040206c                MemManage_Handler
                0x0040206c                SUPC_Handler
                0x0040206c                SVC_Handler
                0x0040206c                TC8_Handler
                0x0040206c                EFC_Handler
                0x0040206c                USART2_Handler
                0x0040206c                SDRAMC_Handler
                0x0040206c                SPI1_Handler
                0x0040206c                MCAN0_Handler
                0x0040206c                TC10_Handler
                0x0040206c                TWIHS2_Handler
                0x0040206c                UART0_Handler
                0x0040206c                BusFault_Handler
                0x0040206c                RSTC_Handler
                0x0040206c                TC0_Handler
                0x0040206c                TC5_Handler
                0x0040206c                AES_Handler
                0x0040206c                ICM_Handler
                0x0040206c                TWIHS0_Handler
                0x0040206c                SPI0_Handler
 *fill*         0x00402072        0x2 
 .text.SystemCoreClockUpdate
                0x00402074      0x168 src/ASF/sam/utils/cmsis/same70/source/templates/system_same70.o
                0x00402074                SystemCoreClockUpdate
 .text.system_init_flash
                0x004021dc       0x98 src/ASF/sam/utils/cmsis/same70/source/templates/system_same70.o
                0x004021dc                system_init_flash
 .text._sbrk    0x00402274       0x58 src/ASF/sam/utils/syscalls/gcc/syscalls.o
                0x00402274                _sbrk
 .text._close   0x004022cc       0x18 src/ASF/sam/utils/syscalls/gcc/syscalls.o
                0x004022cc                _close
 .text._fstat   0x004022e4       0x20 src/ASF/sam/utils/syscalls/gcc/syscalls.o
                0x004022e4                _fstat
 .text._isatty  0x00402304       0x16 src/ASF/sam/utils/syscalls/gcc/syscalls.o
                0x00402304                _isatty
 .text._lseek   0x0040231a       0x1a src/ASF/sam/utils/syscalls/gcc/syscalls.o
                0x0040231a                _lseek
 .text.NVIC_EnableIRQ
                0x00402334       0x34 src/main.o
 .text.NVIC_SetPriority
                0x00402368       0x54 src/main.o
 .text.osc_get_rate
                0x004023bc       0x74 src/main.o
 .text.sysclk_get_main_hz
                0x00402430       0x20 src/main.o
 .text.sysclk_get_cpu_hz
                0x00402450       0x14 src/main.o
 .text.sysclk_get_peripheral_hz
                0x00402464       0x14 src/main.o
 .text.sysclk_enable_peripheral_clock
                0x00402478       0x1c src/main.o
 .text.usart_serial_init
                0x00402494      0x164 src/main.o
 .text.usart_serial_putchar
                0x004025f8      0x10c src/main.o
 .text.usart_serial_getchar
                0x00402704      0x108 src/main.o
 .text.stdio_serial_init
                0x0040280c       0x68 src/main.o
 .text.Button1_Handler
                0x00402874       0x34 src/main.o
 .text.pin_toggle
                0x004028a8       0x40 src/main.o
                0x004028a8                pin_toggle
 .text.BUT_init
                0x004028e8       0x6c src/main.o
                0x004028e8                BUT_init
 .text.LED_init
                0x00402954       0x34 src/main.o
                0x00402954                LED_init
 .text.configure_console
                0x00402988       0x80 src/main.o
 .text.main     0x00402a08      0x2b8 src/main.o
                0x00402a08                main
 .text          0x00402cc0       0x30 c:/program files (x86)/atmel/studio/7.0/toolchain/arm/arm-gnu-toolchain/bin/../lib/gcc/arm-none-eabi/6.2.1/thumb/v7e-m\libgcc.a(_aeabi_uldivmod.o)
                0x00402cc0                __aeabi_uldivmod
 .text          0x00402cf0      0x2dc c:/program files (x86)/atmel/studio/7.0/toolchain/arm/arm-gnu-toolchain/bin/../lib/gcc/arm-none-eabi/6.2.1/thumb/v7e-m\libgcc.a(_udivmoddi4.o)
                0x00402cf0                __udivmoddi4
 .text          0x00402fcc        0x4 c:/program files (x86)/atmel/studio/7.0/toolchain/arm/arm-gnu-toolchain/bin/../lib/gcc/arm-none-eabi/6.2.1/thumb/v7e-m\libgcc.a(_dvmd_tls.o)
                0x00402fcc                __aeabi_idiv0
                0x00402fcc                __aeabi_ldiv0
 .text.__libc_init_array
                0x00402fd0       0x50 c:/program files (x86)/atmel/studio/7.0/toolchain/arm/arm-gnu-toolchain/bin/../lib/gcc/arm-none-eabi/6.2.1/../../../../arm-none-eabi/lib/thumb/v7e-m\libc.a(lib_a-init.o)
                0x00402fd0                __libc_init_array
 .text.iprintf  0x00403020       0x28 c:/program files (x86)/atmel/studio/7.0/toolchain/arm/arm-gnu-toolchain/bin/../lib/gcc/arm-none-eabi/6.2.1/../../../../arm-none-eabi/lib/thumb/v7e-m\libc.a(lib_a-iprintf.o)
                0x00403020                iprintf
 .text.memset   0x00403048       0x9c c:/program files (x86)/atmel/studio/7.0/toolchain/arm/arm-gnu-toolchain/bin/../lib/gcc/arm-none-eabi/6.2.1/../../../../arm-none-eabi/lib/thumb/v7e-m\libc.a(lib_a-memset.o)
                0x00403048                memset
 .text.setbuf   0x004030e4       0x10 c:/program files (x86)/atmel/studio/7.0/toolchain/arm/arm-gnu-toolchain/bin/../lib/gcc/arm-none-eabi/6.2.1/../../../../arm-none-eabi/lib/thumb/v7e-m\libc.a(lib_a-setbuf.o)
                0x004030e4                setbuf
 .text.setvbuf  0x004030f4      0x14c c:/program files (x86)/atmel/studio/7.0/toolchain/arm/arm-gnu-toolchain/bin/../lib/gcc/arm-none-eabi/6.2.1/../../../../arm-none-eabi/lib/thumb/v7e-m\libc.a(lib_a-setvbuf.o)
                0x004030f4                setvbuf
 .text.sprintf  0x00403240       0x4c c:/program files (x86)/atmel/studio/7.0/toolchain/arm/arm-gnu-toolchain/bin/../lib/gcc/arm-none-eabi/6.2.1/../../../../arm-none-eabi/lib/thumb/v7e-m\libc.a(lib_a-sprintf.o)
                0x00403240                sprintf
 .text._svfprintf_r
                0x0040328c     0x144c c:/program files (x86)/atmel/studio/7.0/toolchain/arm/arm-gnu-toolchain/bin/../lib/gcc/arm-none-eabi/6.2.1/../../../../arm-none-eabi/lib/thumb/v7e-m\libc.a(lib_a-svfprintf.o)
                0x0040328c                _svfprintf_r
 .text.__sprint_r.part.0
                0x004046d8       0x80 c:/program files (x86)/atmel/studio/7.0/toolchain/arm/arm-gnu-toolchain/bin/../lib/gcc/arm-none-eabi/6.2.1/../../../../arm-none-eabi/lib/thumb/v7e-m\libc.a(lib_a-vfiprintf.o)
 .text._vfiprintf_r
                0x00404758      0xc00 c:/program files (x86)/atmel/studio/7.0/toolchain/arm/arm-gnu-toolchain/bin/../lib/gcc/arm-none-eabi/6.2.1/../../../../arm-none-eabi/lib/thumb/v7e-m\libc.a(lib_a-vfiprintf.o)
                0x00404758                _vfiprintf_r
 .text.__sbprintf
                0x00405358       0x6c c:/program files (x86)/atmel/studio/7.0/toolchain/arm/arm-gnu-toolchain/bin/../lib/gcc/arm-none-eabi/6.2.1/../../../../arm-none-eabi/lib/thumb/v7e-m\libc.a(lib_a-vfiprintf.o)
 .text.__swsetup_r
                0x004053c4       0xc8 c:/program files (x86)/atmel/studio/7.0/toolchain/arm/arm-gnu-toolchain/bin/../lib/gcc/arm-none-eabi/6.2.1/../../../../arm-none-eabi/lib/thumb/v7e-m\libc.a(lib_a-wsetup.o)
                0x004053c4                __swsetup_r
 .text.startup.register_fini
                0x0040548c       0x14 c:/program files (x86)/atmel/studio/7.0/toolchain/arm/arm-gnu-toolchain/bin/../lib/gcc/arm-none-eabi/6.2.1/../../../../arm-none-eabi/lib/thumb/v7e-m\libc.a(lib_a-__call_atexit.o)
 .text.atexit   0x004054a0        0xc c:/program files (x86)/atmel/studio/7.0/toolchain/arm/arm-gnu-toolchain/bin/../lib/gcc/arm-none-eabi/6.2.1/../../../../arm-none-eabi/lib/thumb/v7e-m\libc.a(lib_a-atexit.o)
                0x004054a0                atexit
 .text.quorem   0x004054ac      0x128 c:/program files (x86)/atmel/studio/7.0/toolchain/arm/arm-gnu-toolchain/bin/../lib/gcc/arm-none-eabi/6.2.1/../../../../arm-none-eabi/lib/thumb/v7e-m\libc.a(lib_a-dtoa.o)
 *fill*         0x004055d4        0x4 
 .text._dtoa_r  0x004055d8      0xe54 c:/program files (x86)/atmel/studio/7.0/toolchain/arm/arm-gnu-toolchain/bin/../lib/gcc/arm-none-eabi/6.2.1/../../../../arm-none-eabi/lib/thumb/v7e-m\libc.a(lib_a-dtoa.o)
                0x004055d8                _dtoa_r
 .text.__sflush_r
                0x0040642c      0x140 c:/program files (x86)/atmel/studio/7.0/toolchain/arm/arm-gnu-toolchain/bin/../lib/gcc/arm-none-eabi/6.2.1/../../../../arm-none-eabi/lib/thumb/v7e-m\libc.a(lib_a-fflush.o)
                0x0040642c                __sflush_r
 .text._fflush_r
                0x0040656c       0x2c c:/program files (x86)/atmel/studio/7.0/toolchain/arm/arm-gnu-toolchain/bin/../lib/gcc/arm-none-eabi/6.2.1/../../../../arm-none-eabi/lib/thumb/v7e-m\libc.a(lib_a-fflush.o)
                0x0040656c                _fflush_r
 .text._cleanup_r
                0x00406598        0xc c:/program files (x86)/atmel/studio/7.0/toolchain/arm/arm-gnu-toolchain/bin/../lib/gcc/arm-none-eabi/6.2.1/../../../../arm-none-eabi/lib/thumb/v7e-m\libc.a(lib_a-findfp.o)
                0x00406598                _cleanup_r
 .text.__sinit.part.1
                0x004065a4       0xf0 c:/program files (x86)/atmel/studio/7.0/toolchain/arm/arm-gnu-toolchain/bin/../lib/gcc/arm-none-eabi/6.2.1/../../../../arm-none-eabi/lib/thumb/v7e-m\libc.a(lib_a-findfp.o)
 .text.__sinit  0x00406694        0xc c:/program files (x86)/atmel/studio/7.0/toolchain/arm/arm-gnu-toolchain/bin/../lib/gcc/arm-none-eabi/6.2.1/../../../../arm-none-eabi/lib/thumb/v7e-m\libc.a(lib_a-findfp.o)
                0x00406694                __sinit
 .text.__sfp_lock_acquire
                0x004066a0        0x4 c:/program files (x86)/atmel/studio/7.0/toolchain/arm/arm-gnu-toolchain/bin/../lib/gcc/arm-none-eabi/6.2.1/../../../../arm-none-eabi/lib/thumb/v7e-m\libc.a(lib_a-findfp.o)
                0x004066a0                __sfp_lock_acquire
 .text.__sfp_lock_release
                0x004066a4        0x4 c:/program files (x86)/atmel/studio/7.0/toolchain/arm/arm-gnu-toolchain/bin/../lib/gcc/arm-none-eabi/6.2.1/../../../../arm-none-eabi/lib/thumb/v7e-m\libc.a(lib_a-findfp.o)
                0x004066a4                __sfp_lock_release
 .text.__libc_fini_array
                0x004066a8       0x34 c:/program files (x86)/atmel/studio/7.0/toolchain/arm/arm-gnu-toolchain/bin/../lib/gcc/arm-none-eabi/6.2.1/../../../../arm-none-eabi/lib/thumb/v7e-m\libc.a(lib_a-fini.o)
                0x004066a8                __libc_fini_array
 .text.__fputwc
                0x004066dc       0xa0 c:/program files (x86)/atmel/studio/7.0/toolchain/arm/arm-gnu-toolchain/bin/../lib/gcc/arm-none-eabi/6.2.1/../../../../arm-none-eabi/lib/thumb/v7e-m\libc.a(lib_a-fputwc.o)
                0x004066dc                __fputwc
 .text._fputwc_r
                0x0040677c       0x24 c:/program files (x86)/atmel/studio/7.0/toolchain/arm/arm-gnu-toolchain/bin/../lib/gcc/arm-none-eabi/6.2.1/../../../../arm-none-eabi/lib/thumb/v7e-m\libc.a(lib_a-fputwc.o)
                0x0040677c                _fputwc_r
 .text._malloc_trim_r
                0x004067a0       0xa0 c:/program files (x86)/atmel/studio/7.0/toolchain/arm/arm-gnu-toolchain/bin/../lib/gcc/arm-none-eabi/6.2.1/../../../../arm-none-eabi/lib/thumb/v7e-m\libc.a(lib_a-freer.o)
                0x004067a0                _malloc_trim_r
 .text._free_r  0x00406840      0x1cc c:/program files (x86)/atmel/studio/7.0/toolchain/arm/arm-gnu-toolchain/bin/../lib/gcc/arm-none-eabi/6.2.1/../../../../arm-none-eabi/lib/thumb/v7e-m\libc.a(lib_a-freer.o)
                0x00406840                _free_r
 .text.__sfvwrite_r
                0x00406a0c      0x2f0 c:/program files (x86)/atmel/studio/7.0/toolchain/arm/arm-gnu-toolchain/bin/../lib/gcc/arm-none-eabi/6.2.1/../../../../arm-none-eabi/lib/thumb/v7e-m\libc.a(lib_a-fvwrite.o)
                0x00406a0c                __sfvwrite_r
 .text._fwalk_reent
                0x00406cfc       0x54 c:/program files (x86)/atmel/studio/7.0/toolchain/arm/arm-gnu-toolchain/bin/../lib/gcc/arm-none-eabi/6.2.1/../../../../arm-none-eabi/lib/thumb/v7e-m\libc.a(lib_a-fwalk.o)
                0x00406cfc                _fwalk_reent
 .text.__locale_mb_cur_max
                0x00406d50       0x1c c:/program files (x86)/atmel/studio/7.0/toolchain/arm/arm-gnu-toolchain/bin/../lib/gcc/arm-none-eabi/6.2.1/../../../../arm-none-eabi/lib/thumb/v7e-m\libc.a(lib_a-locale.o)
                0x00406d50                __locale_mb_cur_max
 .text._localeconv_r
                0x00406d6c       0x1c c:/program files (x86)/atmel/studio/7.0/toolchain/arm/arm-gnu-toolchain/bin/../lib/gcc/arm-none-eabi/6.2.1/../../../../arm-none-eabi/lib/thumb/v7e-m\libc.a(lib_a-localeconv.o)
                0x00406d6c                _localeconv_r
 .text.__swhatbuf_r
                0x00406d88       0x5c c:/program files (x86)/atmel/studio/7.0/toolchain/arm/arm-gnu-toolchain/bin/../lib/gcc/arm-none-eabi/6.2.1/../../../../arm-none-eabi/lib/thumb/v7e-m\libc.a(lib_a-makebuf.o)
                0x00406d88                __swhatbuf_r
 .text.__smakebuf_r
                0x00406de4       0x88 c:/program files (x86)/atmel/studio/7.0/toolchain/arm/arm-gnu-toolchain/bin/../lib/gcc/arm-none-eabi/6.2.1/../../../../arm-none-eabi/lib/thumb/v7e-m\libc.a(lib_a-makebuf.o)
                0x00406de4                __smakebuf_r
 .text.malloc   0x00406e6c       0x10 c:/program files (x86)/atmel/studio/7.0/toolchain/arm/arm-gnu-toolchain/bin/../lib/gcc/arm-none-eabi/6.2.1/../../../../arm-none-eabi/lib/thumb/v7e-m\libc.a(lib_a-malloc.o)
                0x00406e6c                malloc
 .text._malloc_r
                0x00406e7c      0x560 c:/program files (x86)/atmel/studio/7.0/toolchain/arm/arm-gnu-toolchain/bin/../lib/gcc/arm-none-eabi/6.2.1/../../../../arm-none-eabi/lib/thumb/v7e-m\libc.a(lib_a-mallocr.o)
                0x00406e7c                _malloc_r
 .text.__ascii_mbtowc
                0x004073dc       0x2c c:/program files (x86)/atmel/studio/7.0/toolchain/arm/arm-gnu-toolchain/bin/../lib/gcc/arm-none-eabi/6.2.1/../../../../arm-none-eabi/lib/thumb/v7e-m\libc.a(lib_a-mbtowc_r.o)
                0x004073dc                __ascii_mbtowc
 *fill*         0x00407408        0x8 
 .text          0x00407410       0xa0 c:/program files (x86)/atmel/studio/7.0/toolchain/arm/arm-gnu-toolchain/bin/../lib/gcc/arm-none-eabi/6.2.1/../../../../arm-none-eabi/lib/thumb/v7e-m\libc.a(lib_a-memchr.o)
                0x00407410                memchr
 .text          0x004074b0      0x134 c:/program files (x86)/atmel/studio/7.0/toolchain/arm/arm-gnu-toolchain/bin/../lib/gcc/arm-none-eabi/6.2.1/../../../../arm-none-eabi/lib/thumb/v7e-m\libc.a(lib_a-memcpy.o)
                0x004074b0                memcpy
 .text.memmove  0x004075e4       0xc8 c:/program files (x86)/atmel/studio/7.0/toolchain/arm/arm-gnu-toolchain/bin/../lib/gcc/arm-none-eabi/6.2.1/../../../../arm-none-eabi/lib/thumb/v7e-m\libc.a(lib_a-memmove.o)
                0x004075e4                memmove
 .text.__malloc_lock
                0x004076ac        0x4 c:/program files (x86)/atmel/studio/7.0/toolchain/arm/arm-gnu-toolchain/bin/../lib/gcc/arm-none-eabi/6.2.1/../../../../arm-none-eabi/lib/thumb/v7e-m\libc.a(lib_a-mlock.o)
                0x004076ac                __malloc_lock
 .text.__malloc_unlock
                0x004076b0        0x4 c:/program files (x86)/atmel/studio/7.0/toolchain/arm/arm-gnu-toolchain/bin/../lib/gcc/arm-none-eabi/6.2.1/../../../../arm-none-eabi/lib/thumb/v7e-m\libc.a(lib_a-mlock.o)
                0x004076b0                __malloc_unlock
 .text._Balloc  0x004076b4       0x4c c:/program files (x86)/atmel/studio/7.0/toolchain/arm/arm-gnu-toolchain/bin/../lib/gcc/arm-none-eabi/6.2.1/../../../../arm-none-eabi/lib/thumb/v7e-m\libc.a(lib_a-mprec.o)
                0x004076b4                _Balloc
 .text._Bfree   0x00407700       0x14 c:/program files (x86)/atmel/studio/7.0/toolchain/arm/arm-gnu-toolchain/bin/../lib/gcc/arm-none-eabi/6.2.1/../../../../arm-none-eabi/lib/thumb/v7e-m\libc.a(lib_a-mprec.o)
                0x00407700                _Bfree
 .text.__multadd
                0x00407714       0x80 c:/program files (x86)/atmel/studio/7.0/toolchain/arm/arm-gnu-toolchain/bin/../lib/gcc/arm-none-eabi/6.2.1/../../../../arm-none-eabi/lib/thumb/v7e-m\libc.a(lib_a-mprec.o)
                0x00407714                __multadd
 .text.__hi0bits
                0x00407794       0x40 c:/program files (x86)/atmel/studio/7.0/toolchain/arm/arm-gnu-toolchain/bin/../lib/gcc/arm-none-eabi/6.2.1/../../../../arm-none-eabi/lib/thumb/v7e-m\libc.a(lib_a-mprec.o)
                0x00407794                __hi0bits
 .text.__lo0bits
                0x004077d4       0x60 c:/program files (x86)/atmel/studio/7.0/toolchain/arm/arm-gnu-toolchain/bin/../lib/gcc/arm-none-eabi/6.2.1/../../../../arm-none-eabi/lib/thumb/v7e-m\libc.a(lib_a-mprec.o)
                0x004077d4                __lo0bits
 .text.__i2b    0x00407834       0x14 c:/program files (x86)/atmel/studio/7.0/toolchain/arm/arm-gnu-toolchain/bin/../lib/gcc/arm-none-eabi/6.2.1/../../../../arm-none-eabi/lib/thumb/v7e-m\libc.a(lib_a-mprec.o)
                0x00407834                __i2b
 .text.__multiply
                0x00407848      0x124 c:/program files (x86)/atmel/studio/7.0/toolchain/arm/arm-gnu-toolchain/bin/../lib/gcc/arm-none-eabi/6.2.1/../../../../arm-none-eabi/lib/thumb/v7e-m\libc.a(lib_a-mprec.o)
                0x00407848                __multiply
 .text.__pow5mult
                0x0040796c       0xa0 c:/program files (x86)/atmel/studio/7.0/toolchain/arm/arm-gnu-toolchain/bin/../lib/gcc/arm-none-eabi/6.2.1/../../../../arm-none-eabi/lib/thumb/v7e-m\libc.a(lib_a-mprec.o)
                0x0040796c                __pow5mult
 .text.__lshift
                0x00407a0c       0xa4 c:/program files (x86)/atmel/studio/7.0/toolchain/arm/arm-gnu-toolchain/bin/../lib/gcc/arm-none-eabi/6.2.1/../../../../arm-none-eabi/lib/thumb/v7e-m\libc.a(lib_a-mprec.o)
                0x00407a0c                __lshift
 .text.__mcmp   0x00407ab0       0x38 c:/program files (x86)/atmel/studio/7.0/toolchain/arm/arm-gnu-toolchain/bin/../lib/gcc/arm-none-eabi/6.2.1/../../../../arm-none-eabi/lib/thumb/v7e-m\libc.a(lib_a-mprec.o)
                0x00407ab0                __mcmp
 .text.__mdiff  0x00407ae8      0x108 c:/program files (x86)/atmel/studio/7.0/toolchain/arm/arm-gnu-toolchain/bin/../lib/gcc/arm-none-eabi/6.2.1/../../../../arm-none-eabi/lib/thumb/v7e-m\libc.a(lib_a-mprec.o)
                0x00407ae8                __mdiff
 .text.__d2b    0x00407bf0       0xb8 c:/program files (x86)/atmel/studio/7.0/toolchain/arm/arm-gnu-toolchain/bin/../lib/gcc/arm-none-eabi/6.2.1/../../../../arm-none-eabi/lib/thumb/v7e-m\libc.a(lib_a-mprec.o)
                0x00407bf0                __d2b
 .text._realloc_r
                0x00407ca8      0x34c c:/program files (x86)/atmel/studio/7.0/toolchain/arm/arm-gnu-toolchain/bin/../lib/gcc/arm-none-eabi/6.2.1/../../../../arm-none-eabi/lib/thumb/v7e-m\libc.a(lib_a-reallocr.o)
                0x00407ca8                _realloc_r
 .text._sbrk_r  0x00407ff4       0x24 c:/program files (x86)/atmel/studio/7.0/toolchain/arm/arm-gnu-toolchain/bin/../lib/gcc/arm-none-eabi/6.2.1/../../../../arm-none-eabi/lib/thumb/v7e-m\libc.a(lib_a-sbrkr.o)
                0x00407ff4                _sbrk_r
 .text.__sread  0x00408018       0x24 c:/program files (x86)/atmel/studio/7.0/toolchain/arm/arm-gnu-toolchain/bin/../lib/gcc/arm-none-eabi/6.2.1/../../../../arm-none-eabi/lib/thumb/v7e-m\libc.a(lib_a-stdio.o)
                0x00408018                __sread
 .text.__swrite
                0x0040803c       0x3c c:/program files (x86)/atmel/studio/7.0/toolchain/arm/arm-gnu-toolchain/bin/../lib/gcc/arm-none-eabi/6.2.1/../../../../arm-none-eabi/lib/thumb/v7e-m\libc.a(lib_a-stdio.o)
                0x0040803c                __swrite
 .text.__sseek  0x00408078       0x20 c:/program files (x86)/atmel/studio/7.0/toolchain/arm/arm-gnu-toolchain/bin/../lib/gcc/arm-none-eabi/6.2.1/../../../../arm-none-eabi/lib/thumb/v7e-m\libc.a(lib_a-stdio.o)
                0x00408078                __sseek
 .text.__sclose
                0x00408098        0x8 c:/program files (x86)/atmel/studio/7.0/toolchain/arm/arm-gnu-toolchain/bin/../lib/gcc/arm-none-eabi/6.2.1/../../../../arm-none-eabi/lib/thumb/v7e-m\libc.a(lib_a-stdio.o)
                0x00408098                __sclose
 *fill*         0x004080a0       0x20 
 .text          0x004080c0       0xdc c:/program files (x86)/atmel/studio/7.0/toolchain/arm/arm-gnu-toolchain/bin/../lib/gcc/arm-none-eabi/6.2.1/../../../../arm-none-eabi/lib/thumb/v7e-m\libc.a(lib_a-strlen.o)
                0x004080c0                strlen
 .text.__ssprint_r
                0x0040819c       0xfc c:/program files (x86)/atmel/studio/7.0/toolchain/arm/arm-gnu-toolchain/bin/../lib/gcc/arm-none-eabi/6.2.1/../../../../arm-none-eabi/lib/thumb/v7e-m\libc.a(lib_a-svfiprintf.o)
                0x0040819c                __ssprint_r
 .text.__swbuf_r
                0x00408298       0xb0 c:/program files (x86)/atmel/studio/7.0/toolchain/arm/arm-gnu-toolchain/bin/../lib/gcc/arm-none-eabi/6.2.1/../../../../arm-none-eabi/lib/thumb/v7e-m\libc.a(lib_a-wbuf.o)
                0x00408298                __swbuf_r
 .text._wcrtomb_r
                0x00408348       0x54 c:/program files (x86)/atmel/studio/7.0/toolchain/arm/arm-gnu-toolchain/bin/../lib/gcc/arm-none-eabi/6.2.1/../../../../arm-none-eabi/lib/thumb/v7e-m\libc.a(lib_a-wcrtomb.o)
                0x00408348                _wcrtomb_r
 .text.__ascii_wctomb
                0x0040839c       0x1c c:/program files (x86)/atmel/studio/7.0/toolchain/arm/arm-gnu-toolchain/bin/../lib/gcc/arm-none-eabi/6.2.1/../../../../arm-none-eabi/lib/thumb/v7e-m\libc.a(lib_a-wctomb_r.o)
                0x0040839c                __ascii_wctomb
 .text._write_r
                0x004083b8       0x2c c:/program files (x86)/atmel/studio/7.0/toolchain/arm/arm-gnu-toolchain/bin/../lib/gcc/arm-none-eabi/6.2.1/../../../../arm-none-eabi/lib/thumb/v7e-m\libc.a(lib_a-writer.o)
                0x004083b8                _write_r
 .text.__register_exitproc
                0x004083e4       0xa4 c:/program files (x86)/atmel/studio/7.0/toolchain/arm/arm-gnu-toolchain/bin/../lib/gcc/arm-none-eabi/6.2.1/../../../../arm-none-eabi/lib/thumb/v7e-m\libc.a(lib_a-__atexit.o)
                0x004083e4                __register_exitproc
 .text._calloc_r
                0x00408488       0x60 c:/program files (x86)/atmel/studio/7.0/toolchain/arm/arm-gnu-toolchain/bin/../lib/gcc/arm-none-eabi/6.2.1/../../../../arm-none-eabi/lib/thumb/v7e-m\libc.a(lib_a-callocr.o)
                0x00408488                _calloc_r
 .text._close_r
                0x004084e8       0x24 c:/program files (x86)/atmel/studio/7.0/toolchain/arm/arm-gnu-toolchain/bin/../lib/gcc/arm-none-eabi/6.2.1/../../../../arm-none-eabi/lib/thumb/v7e-m\libc.a(lib_a-closer.o)
                0x004084e8                _close_r
 .text._fclose_r
                0x0040850c       0x80 c:/program files (x86)/atmel/studio/7.0/toolchain/arm/arm-gnu-toolchain/bin/../lib/gcc/arm-none-eabi/6.2.1/../../../../arm-none-eabi/lib/thumb/v7e-m\libc.a(lib_a-fclose.o)
                0x0040850c                _fclose_r
 .text._fstat_r
                0x0040858c       0x28 c:/program files (x86)/atmel/studio/7.0/toolchain/arm/arm-gnu-toolchain/bin/../lib/gcc/arm-none-eabi/6.2.1/../../../../arm-none-eabi/lib/thumb/v7e-m\libc.a(lib_a-fstatr.o)
                0x0040858c                _fstat_r
 .text._isatty_r
                0x004085b4       0x24 c:/program files (x86)/atmel/studio/7.0/toolchain/arm/arm-gnu-toolchain/bin/../lib/gcc/arm-none-eabi/6.2.1/../../../../arm-none-eabi/lib/thumb/v7e-m\libc.a(lib_a-isattyr.o)
                0x004085b4                _isatty_r
 .text._lseek_r
                0x004085d8       0x2c c:/program files (x86)/atmel/studio/7.0/toolchain/arm/arm-gnu-toolchain/bin/../lib/gcc/arm-none-eabi/6.2.1/../../../../arm-none-eabi/lib/thumb/v7e-m\libc.a(lib_a-lseekr.o)
                0x004085d8                _lseek_r
 .text._read_r  0x00408604       0x2c c:/program files (x86)/atmel/studio/7.0/toolchain/arm/arm-gnu-toolchain/bin/../lib/gcc/arm-none-eabi/6.2.1/../../../../arm-none-eabi/lib/thumb/v7e-m\libc.a(lib_a-readr.o)
                0x00408604                _read_r
 .text          0x00408630      0x370 c:/program files (x86)/atmel/studio/7.0/toolchain/arm/arm-gnu-toolchain/bin/../lib/gcc/arm-none-eabi/6.2.1/thumb/v7e-m\libgcc.a(_arm_addsubdf3.o)
                0x00408630                __aeabi_drsub
                0x00408638                __aeabi_dsub
                0x00408638                __subdf3
                0x0040863c                __aeabi_dadd
                0x0040863c                __adddf3
                0x004088b4                __floatunsidf
                0x004088b4                __aeabi_ui2d
                0x004088d4                __floatsidf
                0x004088d4                __aeabi_i2d
                0x004088f8                __aeabi_f2d
                0x004088f8                __extendsfdf2
                0x00408934                __floatundidf
                0x00408934                __aeabi_ul2d
                0x00408944                __floatdidf
                0x00408944                __aeabi_l2d
 .text          0x004089a0      0x424 c:/program files (x86)/atmel/studio/7.0/toolchain/arm/arm-gnu-toolchain/bin/../lib/gcc/arm-none-eabi/6.2.1/thumb/v7e-m\libgcc.a(_arm_muldivdf3.o)
                0x004089a0                __aeabi_dmul
                0x004089a0                __muldf3
                0x00408bf4                __divdf3
                0x00408bf4                __aeabi_ddiv
 .text          0x00408dc4      0x110 c:/program files (x86)/atmel/studio/7.0/toolchain/arm/arm-gnu-toolchain/bin/../lib/gcc/arm-none-eabi/6.2.1/thumb/v7e-m\libgcc.a(_arm_cmpdf2.o)
                0x00408dc4                __gtdf2
                0x00408dc4                __gedf2
                0x00408dcc                __ltdf2
                0x00408dcc                __ledf2
                0x00408dd4                __nedf2
                0x00408dd4                __eqdf2
                0x00408dd4                __cmpdf2
                0x00408e50                __aeabi_cdrcmple
                0x00408e60                __aeabi_cdcmpeq
                0x00408e60                __aeabi_cdcmple
                0x00408e70                __aeabi_dcmpeq
                0x00408e84                __aeabi_dcmplt
                0x00408e98                __aeabi_dcmple
                0x00408eac                __aeabi_dcmpge
                0x00408ec0                __aeabi_dcmpgt
 .text          0x00408ed4       0x2c c:/program files (x86)/atmel/studio/7.0/toolchain/arm/arm-gnu-toolchain/bin/../lib/gcc/arm-none-eabi/6.2.1/thumb/v7e-m\libgcc.a(_arm_unorddf2.o)
                0x00408ed4                __unorddf2
                0x00408ed4                __aeabi_dcmpun
 .text          0x00408f00       0x50 c:/program files (x86)/atmel/studio/7.0/toolchain/arm/arm-gnu-toolchain/bin/../lib/gcc/arm-none-eabi/6.2.1/thumb/v7e-m\libgcc.a(_arm_fixdfsi.o)
                0x00408f00                __aeabi_d2iz
                0x00408f00                __fixdfsi
 *(.glue_7t)
 .glue_7t       0x00408f50        0x0 linker stubs
 *(.glue_7)
 .glue_7        0x00408f50        0x0 linker stubs
 *(.rodata .rodata* .gnu.linkonce.r.*)
 .rodata        0x00408f50       0xaf src/main.o
 *fill*         0x00408fff        0x1 
 .rodata._global_impure_ptr
                0x00409000        0x4 c:/program files (x86)/atmel/studio/7.0/toolchain/arm/arm-gnu-toolchain/bin/../lib/gcc/arm-none-eabi/6.2.1/../../../../arm-none-eabi/lib/thumb/v7e-m\libc.a(lib_a-impure.o)
                0x00409000                _global_impure_ptr
 .rodata._svfprintf_r.str1.4
                0x00409004       0x42 c:/program files (x86)/atmel/studio/7.0/toolchain/arm/arm-gnu-toolchain/bin/../lib/gcc/arm-none-eabi/6.2.1/../../../../arm-none-eabi/lib/thumb/v7e-m\libc.a(lib_a-svfprintf.o)
 *fill*         0x00409046        0x2 
 .rodata.blanks.7208
                0x00409048       0x10 c:/program files (x86)/atmel/studio/7.0/toolchain/arm/arm-gnu-toolchain/bin/../lib/gcc/arm-none-eabi/6.2.1/../../../../arm-none-eabi/lib/thumb/v7e-m\libc.a(lib_a-svfprintf.o)
 .rodata.zeroes.7209
                0x00409058       0x10 c:/program files (x86)/atmel/studio/7.0/toolchain/arm/arm-gnu-toolchain/bin/../lib/gcc/arm-none-eabi/6.2.1/../../../../arm-none-eabi/lib/thumb/v7e-m\libc.a(lib_a-svfprintf.o)
 .rodata._vfiprintf_r.str1.4
                0x00409068       0x2f c:/program files (x86)/atmel/studio/7.0/toolchain/arm/arm-gnu-toolchain/bin/../lib/gcc/arm-none-eabi/6.2.1/../../../../arm-none-eabi/lib/thumb/v7e-m\libc.a(lib_a-vfiprintf.o)
 .rodata.blanks.7202
                0x00409068       0x10 c:/program files (x86)/atmel/studio/7.0/toolchain/arm/arm-gnu-toolchain/bin/../lib/gcc/arm-none-eabi/6.2.1/../../../../arm-none-eabi/lib/thumb/v7e-m\libc.a(lib_a-vfiprintf.o)
 .rodata.zeroes.7203
                0x00409078       0x10 c:/program files (x86)/atmel/studio/7.0/toolchain/arm/arm-gnu-toolchain/bin/../lib/gcc/arm-none-eabi/6.2.1/../../../../arm-none-eabi/lib/thumb/v7e-m\libc.a(lib_a-vfiprintf.o)
 .rodata._dtoa_r.str1.4
                0x00409088       0x10 c:/program files (x86)/atmel/studio/7.0/toolchain/arm/arm-gnu-toolchain/bin/../lib/gcc/arm-none-eabi/6.2.1/../../../../arm-none-eabi/lib/thumb/v7e-m\libc.a(lib_a-dtoa.o)
                                 0x12 (size before relaxing)
 .rodata._setlocale_r.str1.4
                0x00409098        0xa c:/program files (x86)/atmel/studio/7.0/toolchain/arm/arm-gnu-toolchain/bin/../lib/gcc/arm-none-eabi/6.2.1/../../../../arm-none-eabi/lib/thumb/v7e-m\libc.a(lib_a-locale.o)
                                  0xd (size before relaxing)
 *fill*         0x004090a2        0x2 
 .rodata.str1.4
                0x004090a4        0x4 c:/program files (x86)/atmel/studio/7.0/toolchain/arm/arm-gnu-toolchain/bin/../lib/gcc/arm-none-eabi/6.2.1/../../../../arm-none-eabi/lib/thumb/v7e-m\libc.a(lib_a-locale.o)
                                  0x2 (size before relaxing)
 .rodata.__mprec_bigtens
                0x004090a8       0x28 c:/program files (x86)/atmel/studio/7.0/toolchain/arm/arm-gnu-toolchain/bin/../lib/gcc/arm-none-eabi/6.2.1/../../../../arm-none-eabi/lib/thumb/v7e-m\libc.a(lib_a-mprec.o)
                0x004090a8                __mprec_bigtens
 .rodata.__mprec_tens
                0x004090d0       0xc8 c:/program files (x86)/atmel/studio/7.0/toolchain/arm/arm-gnu-toolchain/bin/../lib/gcc/arm-none-eabi/6.2.1/../../../../arm-none-eabi/lib/thumb/v7e-m\libc.a(lib_a-mprec.o)
                0x004090d0                __mprec_tens
 .rodata.p05.6040
                0x00409198        0xc c:/program files (x86)/atmel/studio/7.0/toolchain/arm/arm-gnu-toolchain/bin/../lib/gcc/arm-none-eabi/6.2.1/../../../../arm-none-eabi/lib/thumb/v7e-m\libc.a(lib_a-mprec.o)
 .rodata._ctype_
                0x004091a4      0x101 c:/program files (x86)/atmel/studio/7.0/toolchain/arm/arm-gnu-toolchain/bin/../lib/gcc/arm-none-eabi/6.2.1/../../../../arm-none-eabi/lib/thumb/v7e-m\libc.a(lib_a-ctype_.o)
                0x004091a4                _ctype_
 *(.ARM.extab* .gnu.linkonce.armextab.*)
                0x004092a8                . = ALIGN (0x4)
 *fill*         0x004092a5        0x3 
 *(.init)
 .init          0x004092a8        0x4 c:/program files (x86)/atmel/studio/7.0/toolchain/arm/arm-gnu-toolchain/bin/../lib/gcc/arm-none-eabi/6.2.1/thumb/v7e-m/crti.o
                0x004092a8                _init
 .init          0x004092ac        0x8 c:/program files (x86)/atmel/studio/7.0/toolchain/arm/arm-gnu-toolchain/bin/../lib/gcc/arm-none-eabi/6.2.1/thumb/v7e-m/crtn.o
                0x004092b4                . = ALIGN (0x4)
                0x004092b4                __preinit_array_start = .
 *(.preinit_array)
                0x004092b4                __preinit_array_end = .
                0x004092b4                . = ALIGN (0x4)
                0x004092b4                __init_array_start = .
 *(SORT(.init_array.*))
 .init_array.00000
                0x004092b4        0x4 c:/program files (x86)/atmel/studio/7.0/toolchain/arm/arm-gnu-toolchain/bin/../lib/gcc/arm-none-eabi/6.2.1/../../../../arm-none-eabi/lib/thumb/v7e-m\libc.a(lib_a-__call_atexit.o)
 *(.init_array)
 .init_array    0x004092b8        0x4 c:/program files (x86)/atmel/studio/7.0/toolchain/arm/arm-gnu-toolchain/bin/../lib/gcc/arm-none-eabi/6.2.1/thumb/v7e-m/crtbegin.o
                0x004092bc                __init_array_end = .
                0x004092bc                . = ALIGN (0x4)
 *crtbegin.o(.ctors)
 *(EXCLUDE_FILE(*crtend.o) .ctors)
 *(SORT(.ctors.*))
 *crtend.o(.ctors)
                0x004092bc                . = ALIGN (0x4)
 *(.fini)
 .fini          0x004092bc        0x4 c:/program files (x86)/atmel/studio/7.0/toolchain/arm/arm-gnu-toolchain/bin/../lib/gcc/arm-none-eabi/6.2.1/thumb/v7e-m/crti.o
                0x004092bc                _fini
 .fini          0x004092c0        0x8 c:/program files (x86)/atmel/studio/7.0/toolchain/arm/arm-gnu-toolchain/bin/../lib/gcc/arm-none-eabi/6.2.1/thumb/v7e-m/crtn.o
                0x004092c8                . = ALIGN (0x4)
                0x004092c8                __fini_array_start = .
 *(.fini_array)
 .fini_array    0x004092c8        0x4 c:/program files (x86)/atmel/studio/7.0/toolchain/arm/arm-gnu-toolchain/bin/../lib/gcc/arm-none-eabi/6.2.1/thumb/v7e-m/crtbegin.o
 *(SORT(.fini_array.*))
                0x004092cc                __fini_array_end = .
 *crtbegin.o(.dtors)
 *(EXCLUDE_FILE(*crtend.o) .dtors)
 *(SORT(.dtors.*))
 *crtend.o(.dtors)
                0x004092cc                . = ALIGN (0x4)
                0x004092cc                _efixed = .
                [!provide]                PROVIDE (__exidx_start, .)

.vfp11_veneer   0x004092cc        0x0
 .vfp11_veneer  0x004092cc        0x0 linker stubs

.v4_bx          0x004092cc        0x0
 .v4_bx         0x004092cc        0x0 linker stubs

.iplt           0x004092cc        0x0
 .iplt          0x004092cc        0x0 c:/program files (x86)/atmel/studio/7.0/toolchain/arm/arm-gnu-toolchain/bin/../lib/gcc/arm-none-eabi/6.2.1/thumb/v7e-m/crtbegin.o

.ARM.exidx      0x004092cc        0x8
 *(.ARM.exidx* .gnu.linkonce.armexidx.*)
 .ARM.exidx     0x004092cc        0x8 c:/program files (x86)/atmel/studio/7.0/toolchain/arm/arm-gnu-toolchain/bin/../lib/gcc/arm-none-eabi/6.2.1/thumb/v7e-m\libgcc.a(_udivmoddi4.o)
                [!provide]                PROVIDE (__exidx_end, .)

.eh_frame       0x004092d4        0x0
 .eh_frame      0x004092d4        0x0 c:/program files (x86)/atmel/studio/7.0/toolchain/arm/arm-gnu-toolchain/bin/../lib/gcc/arm-none-eabi/6.2.1/thumb/v7e-m/crtbegin.o

.rel.dyn        0x004092d4        0x0
 .rel.iplt      0x004092d4        0x0 c:/program files (x86)/atmel/studio/7.0/toolchain/arm/arm-gnu-toolchain/bin/../lib/gcc/arm-none-eabi/6.2.1/thumb/v7e-m/crtbegin.o

.jcr            0x004092d4        0x0
 .jcr           0x004092d4        0x0 c:/program files (x86)/atmel/studio/7.0/toolchain/arm/arm-gnu-toolchain/bin/../lib/gcc/arm-none-eabi/6.2.1/thumb/v7e-m/crtbegin.o

.igot.plt       0x004092d4        0x0
 .igot.plt      0x004092d4        0x0 c:/program files (x86)/atmel/studio/7.0/toolchain/arm/arm-gnu-toolchain/bin/../lib/gcc/arm-none-eabi/6.2.1/thumb/v7e-m/crtbegin.o
                0x004092d4                . = ALIGN (0x4)
                0x004092d4                _etext = .

.relocate       0x20400000      0x9bc load address 0x004092d4
                0x20400000                . = ALIGN (0x4)
                0x20400000                _srelocate = .
 *(.ramfunc .ramfunc.*)
 .ramfunc       0x20400000        0xa src/ASF/common/services/delay/sam/cycle_counter.o
                0x20400000                portable_delay_cycles
 *(.data .data.*)
 .data.g_interrupt_enabled
                0x2040000a        0x1 src/ASF/common/utils/interrupt/interrupt_sam_nvic.o
                0x2040000a                g_interrupt_enabled
 *fill*         0x2040000b        0x1 
 .data.SystemCoreClock
                0x2040000c        0x4 src/ASF/sam/utils/cmsis/same70/source/templates/system_same70.o
                0x2040000c                SystemCoreClock
 .data._impure_ptr
                0x20400010        0x4 c:/program files (x86)/atmel/studio/7.0/toolchain/arm/arm-gnu-toolchain/bin/../lib/gcc/arm-none-eabi/6.2.1/../../../../arm-none-eabi/lib/thumb/v7e-m\libc.a(lib_a-impure.o)
                0x20400010                _impure_ptr
 *fill*         0x20400014        0x4 
 .data.impure_data
                0x20400018      0x428 c:/program files (x86)/atmel/studio/7.0/toolchain/arm/arm-gnu-toolchain/bin/../lib/gcc/arm-none-eabi/6.2.1/../../../../arm-none-eabi/lib/thumb/v7e-m\libc.a(lib_a-impure.o)
 .data.__global_locale
                0x20400440      0x16c c:/program files (x86)/atmel/studio/7.0/toolchain/arm/arm-gnu-toolchain/bin/../lib/gcc/arm-none-eabi/6.2.1/../../../../arm-none-eabi/lib/thumb/v7e-m\libc.a(lib_a-locale.o)
                0x20400440                __global_locale
 .data.__malloc_av_
                0x204005ac      0x408 c:/program files (x86)/atmel/studio/7.0/toolchain/arm/arm-gnu-toolchain/bin/../lib/gcc/arm-none-eabi/6.2.1/../../../../arm-none-eabi/lib/thumb/v7e-m\libc.a(lib_a-mallocr.o)
                0x204005ac                __malloc_av_
 .data.__malloc_sbrk_base
                0x204009b4        0x4 c:/program files (x86)/atmel/studio/7.0/toolchain/arm/arm-gnu-toolchain/bin/../lib/gcc/arm-none-eabi/6.2.1/../../../../arm-none-eabi/lib/thumb/v7e-m\libc.a(lib_a-mallocr.o)
                0x204009b4                __malloc_sbrk_base
 .data.__malloc_trim_threshold
                0x204009b8        0x4 c:/program files (x86)/atmel/studio/7.0/toolchain/arm/arm-gnu-toolchain/bin/../lib/gcc/arm-none-eabi/6.2.1/../../../../arm-none-eabi/lib/thumb/v7e-m\libc.a(lib_a-mallocr.o)
                0x204009b8                __malloc_trim_threshold
                0x204009bc                . = ALIGN (0x4)
                0x204009bc                _erelocate = .

.bss            0x204009bc       0xf0 load address 0x00409c90
                0x204009bc                . = ALIGN (0x4)
                0x204009bc                _sbss = .
                0x204009bc                _szero = .
 *(.bss .bss.*)
 .bss           0x204009bc       0x1c c:/program files (x86)/atmel/studio/7.0/toolchain/arm/arm-gnu-toolchain/bin/../lib/gcc/arm-none-eabi/6.2.1/thumb/v7e-m/crtbegin.o
 .bss.gs_interrupt_sources
                0x204009d8       0x70 src/ASF/sam/drivers/pio/pio_handler.o
 .bss.gs_ul_nb_sources
                0x20400a48        0x4 src/ASF/sam/drivers/pio/pio_handler.o
 .bss.ul_reg_val.9301
                0x20400a4c        0x4 src/ASF/sam/drivers/usart/usart.o
 .bss.heap.6400
                0x20400a50        0x4 src/ASF/sam/utils/syscalls/gcc/syscalls.o
 .bss.__malloc_current_mallinfo
                0x20400a54       0x28 c:/program files (x86)/atmel/studio/7.0/toolchain/arm/arm-gnu-toolchain/bin/../lib/gcc/arm-none-eabi/6.2.1/../../../../arm-none-eabi/lib/thumb/v7e-m\libc.a(lib_a-mallocr.o)
                0x20400a54                __malloc_current_mallinfo
 .bss.__malloc_max_sbrked_mem
                0x20400a7c        0x4 c:/program files (x86)/atmel/studio/7.0/toolchain/arm/arm-gnu-toolchain/bin/../lib/gcc/arm-none-eabi/6.2.1/../../../../arm-none-eabi/lib/thumb/v7e-m\libc.a(lib_a-mallocr.o)
                0x20400a7c                __malloc_max_sbrked_mem
 .bss.__malloc_max_total_mem
                0x20400a80        0x4 c:/program files (x86)/atmel/studio/7.0/toolchain/arm/arm-gnu-toolchain/bin/../lib/gcc/arm-none-eabi/6.2.1/../../../../arm-none-eabi/lib/thumb/v7e-m\libc.a(lib_a-mallocr.o)
                0x20400a80                __malloc_max_total_mem
 .bss.__malloc_top_pad
                0x20400a84        0x4 c:/program files (x86)/atmel/studio/7.0/toolchain/arm/arm-gnu-toolchain/bin/../lib/gcc/arm-none-eabi/6.2.1/../../../../arm-none-eabi/lib/thumb/v7e-m\libc.a(lib_a-mallocr.o)
                0x20400a84                __malloc_top_pad
 *(COMMON)
 COMMON         0x20400a88        0x4 src/ASF/common/utils/stdio/read.o
                0x20400a88                ptr_get
 COMMON         0x20400a8c        0x8 src/ASF/common/utils/stdio/write.o
                0x20400a8c                ptr_put
                0x20400a90                stdio_base
 COMMON         0x20400a94       0x14 src/main.o
                0x20400a94                accYLow
                0x20400a98                rangePerDigit
                0x20400a9c                accZHigh
                0x20400a9e                accZ
                0x20400aa0                accYHigh
                0x20400aa1                accXLow
                0x20400aa2                accZLow
                0x20400aa3                accXHigh
                0x20400aa4                accY
                0x20400aa6                accX
 COMMON         0x20400aa8        0x4 c:/program files (x86)/atmel/studio/7.0/toolchain/arm/arm-gnu-toolchain/bin/../lib/gcc/arm-none-eabi/6.2.1/../../../../arm-none-eabi/lib/thumb/v7e-m\libc.a(lib_a-reent.o)
                0x20400aa8                errno
                0x20400aac                . = ALIGN (0x4)
                0x20400aac                _ebss = .
                0x20400aac                _ezero = .

.stack          0x20400aac     0x2004 load address 0x00409d80
                0x20400ab0                . = ALIGN (0x8)
 *fill*         0x20400aac        0x4 
                0x20400ab0                _sstack = .
                0x20402ab0                . = (. + STACK_SIZE)
 *fill*         0x20400ab0     0x2000 
                0x20402ab0                . = ALIGN (0x8)
                0x20402ab0                _estack = .

.heap           0x20402ab0      0x200 load address 0x0040bd84
                0x20402ab0                . = ALIGN (0x8)
                0x20402ab0                _sheap = .
                0x20402cb0                . = (. + HEAP_SIZE)
 *fill*         0x20402ab0      0x200 
                0x20402cb0                . = ALIGN (0x8)
                0x20402cb0                _eheap = .
                0x20402cb0                . = ALIGN (0x4)
                0x20402cb0                _end = .
                0x2045ffff                _ram_end_ = ((ORIGIN (ram) + LENGTH (ram)) - 0x1)
OUTPUT(REP.elf elf32-littlearm)

.ARM.attributes
                0x00000000       0x2e
 .ARM.attributes
                0x00000000       0x1e c:/program files (x86)/atmel/studio/7.0/toolchain/arm/arm-gnu-toolchain/bin/../lib/gcc/arm-none-eabi/6.2.1/thumb/v7e-m/crti.o
 .ARM.attributes
                0x0000001e       0x2e c:/program files (x86)/atmel/studio/7.0/toolchain/arm/arm-gnu-toolchain/bin/../lib/gcc/arm-none-eabi/6.2.1/thumb/v7e-m/crtbegin.o
 .ARM.attributes
                0x0000004c       0x37 src/Driver/bluetooth.o
 .ARM.attributes
                0x00000083       0x37 src/Driver/mcu6050.o
 .ARM.attributes
                0x000000ba       0x37 src/ASF/common/services/clock/same70/sysclk.o
 .ARM.attributes
                0x000000f1       0x37 src/ASF/common/services/delay/sam/cycle_counter.o
 .ARM.attributes
                0x00000128       0x37 src/ASF/common/utils/interrupt/interrupt_sam_nvic.o
 .ARM.attributes
                0x0000015f       0x37 src/ASF/common/utils/stdio/read.o
 .ARM.attributes
                0x00000196       0x37 src/ASF/common/utils/stdio/write.o
 .ARM.attributes
                0x000001cd       0x37 src/ASF/sam/boards/same70_xplained/init.o
 .ARM.attributes
                0x00000204       0x37 src/ASF/sam/drivers/pio/pio.o
 .ARM.attributes
                0x0000023b       0x37 src/ASF/sam/drivers/pio/pio_handler.o
 .ARM.attributes
                0x00000272       0x37 src/ASF/sam/drivers/pmc/pmc.o
 .ARM.attributes
                0x000002a9       0x37 src/ASF/sam/drivers/twihs/twihs.o
 .ARM.attributes
                0x000002e0       0x37 src/ASF/sam/drivers/uart/uart.o
 .ARM.attributes
                0x00000317       0x37 src/ASF/sam/drivers/usart/usart.o
 .ARM.attributes
                0x0000034e       0x37 src/ASF/sam/utils/cmsis/same70/source/templates/gcc/startup_same70.o
 .ARM.attributes
                0x00000385       0x37 src/ASF/sam/utils/cmsis/same70/source/templates/system_same70.o
 .ARM.attributes
                0x000003bc       0x37 src/ASF/sam/utils/syscalls/gcc/syscalls.o
 .ARM.attributes
                0x000003f3       0x37 src/main.o
 .ARM.attributes
                0x0000042a       0x1e c:/program files (x86)/atmel/studio/7.0/toolchain/arm/arm-gnu-toolchain/bin/../lib/gcc/arm-none-eabi/6.2.1/thumb/v7e-m\libgcc.a(_aeabi_uldivmod.o)
 .ARM.attributes
                0x00000448       0x2e c:/program files (x86)/atmel/studio/7.0/toolchain/arm/arm-gnu-toolchain/bin/../lib/gcc/arm-none-eabi/6.2.1/thumb/v7e-m\libgcc.a(_udivmoddi4.o)
 .ARM.attributes
                0x00000476       0x1e c:/program files (x86)/atmel/studio/7.0/toolchain/arm/arm-gnu-toolchain/bin/../lib/gcc/arm-none-eabi/6.2.1/thumb/v7e-m\libgcc.a(_dvmd_tls.o)
 .ARM.attributes
                0x00000494       0x2e c:/program files (x86)/atmel/studio/7.0/toolchain/arm/arm-gnu-toolchain/bin/../lib/gcc/arm-none-eabi/6.2.1/../../../../arm-none-eabi/lib/thumb/v7e-m\libc.a(lib_a-impure.o)
 .ARM.attributes
                0x000004c2       0x2e c:/program files (x86)/atmel/studio/7.0/toolchain/arm/arm-gnu-toolchain/bin/../lib/gcc/arm-none-eabi/6.2.1/../../../../arm-none-eabi/lib/thumb/v7e-m\libc.a(lib_a-init.o)
 .ARM.attributes
                0x000004f0       0x2e c:/program files (x86)/atmel/studio/7.0/toolchain/arm/arm-gnu-toolchain/bin/../lib/gcc/arm-none-eabi/6.2.1/../../../../arm-none-eabi/lib/thumb/v7e-m\libc.a(lib_a-iprintf.o)
 .ARM.attributes
                0x0000051e       0x2e c:/program files (x86)/atmel/studio/7.0/toolchain/arm/arm-gnu-toolchain/bin/../lib/gcc/arm-none-eabi/6.2.1/../../../../arm-none-eabi/lib/thumb/v7e-m\libc.a(lib_a-memset.o)
 .ARM.attributes
                0x0000054c       0x2e c:/program files (x86)/atmel/studio/7.0/toolchain/arm/arm-gnu-toolchain/bin/../lib/gcc/arm-none-eabi/6.2.1/../../../../arm-none-eabi/lib/thumb/v7e-m\libc.a(lib_a-setbuf.o)
 .ARM.attributes
                0x0000057a       0x2e c:/program files (x86)/atmel/studio/7.0/toolchain/arm/arm-gnu-toolchain/bin/../lib/gcc/arm-none-eabi/6.2.1/../../../../arm-none-eabi/lib/thumb/v7e-m\libc.a(lib_a-setvbuf.o)
 .ARM.attributes
                0x000005a8       0x2e c:/program files (x86)/atmel/studio/7.0/toolchain/arm/arm-gnu-toolchain/bin/../lib/gcc/arm-none-eabi/6.2.1/../../../../arm-none-eabi/lib/thumb/v7e-m\libc.a(lib_a-sprintf.o)
 .ARM.attributes
                0x000005d6       0x2e c:/program files (x86)/atmel/studio/7.0/toolchain/arm/arm-gnu-toolchain/bin/../lib/gcc/arm-none-eabi/6.2.1/../../../../arm-none-eabi/lib/thumb/v7e-m\libc.a(lib_a-svfprintf.o)
 .ARM.attributes
                0x00000604       0x2e c:/program files (x86)/atmel/studio/7.0/toolchain/arm/arm-gnu-toolchain/bin/../lib/gcc/arm-none-eabi/6.2.1/../../../../arm-none-eabi/lib/thumb/v7e-m\libc.a(lib_a-vfiprintf.o)
 .ARM.attributes
                0x00000632       0x2e c:/program files (x86)/atmel/studio/7.0/toolchain/arm/arm-gnu-toolchain/bin/../lib/gcc/arm-none-eabi/6.2.1/../../../../arm-none-eabi/lib/thumb/v7e-m\libc.a(lib_a-wsetup.o)
 .ARM.attributes
                0x00000660       0x2e c:/program files (x86)/atmel/studio/7.0/toolchain/arm/arm-gnu-toolchain/bin/../lib/gcc/arm-none-eabi/6.2.1/../../../../arm-none-eabi/lib/thumb/v7e-m\libc.a(lib_a-__call_atexit.o)
 .ARM.attributes
                0x0000068e       0x2e c:/program files (x86)/atmel/studio/7.0/toolchain/arm/arm-gnu-toolchain/bin/../lib/gcc/arm-none-eabi/6.2.1/../../../../arm-none-eabi/lib/thumb/v7e-m\libc.a(lib_a-atexit.o)
 .ARM.attributes
                0x000006bc       0x2e c:/program files (x86)/atmel/studio/7.0/toolchain/arm/arm-gnu-toolchain/bin/../lib/gcc/arm-none-eabi/6.2.1/../../../../arm-none-eabi/lib/thumb/v7e-m\libc.a(lib_a-dtoa.o)
 .ARM.attributes
                0x000006ea       0x2e c:/program files (x86)/atmel/studio/7.0/toolchain/arm/arm-gnu-toolchain/bin/../lib/gcc/arm-none-eabi/6.2.1/../../../../arm-none-eabi/lib/thumb/v7e-m\libc.a(lib_a-fflush.o)
 .ARM.attributes
                0x00000718       0x2e c:/program files (x86)/atmel/studio/7.0/toolchain/arm/arm-gnu-toolchain/bin/../lib/gcc/arm-none-eabi/6.2.1/../../../../arm-none-eabi/lib/thumb/v7e-m\libc.a(lib_a-findfp.o)
 .ARM.attributes
                0x00000746       0x2e c:/program files (x86)/atmel/studio/7.0/toolchain/arm/arm-gnu-toolchain/bin/../lib/gcc/arm-none-eabi/6.2.1/../../../../arm-none-eabi/lib/thumb/v7e-m\libc.a(lib_a-fini.o)
 .ARM.attributes
                0x00000774       0x2e c:/program files (x86)/atmel/studio/7.0/toolchain/arm/arm-gnu-toolchain/bin/../lib/gcc/arm-none-eabi/6.2.1/../../../../arm-none-eabi/lib/thumb/v7e-m\libc.a(lib_a-fputwc.o)
 .ARM.attributes
                0x000007a2       0x2e c:/program files (x86)/atmel/studio/7.0/toolchain/arm/arm-gnu-toolchain/bin/../lib/gcc/arm-none-eabi/6.2.1/../../../../arm-none-eabi/lib/thumb/v7e-m\libc.a(lib_a-freer.o)
 .ARM.attributes
                0x000007d0       0x2e c:/program files (x86)/atmel/studio/7.0/toolchain/arm/arm-gnu-toolchain/bin/../lib/gcc/arm-none-eabi/6.2.1/../../../../arm-none-eabi/lib/thumb/v7e-m\libc.a(lib_a-fvwrite.o)
 .ARM.attributes
                0x000007fe       0x2e c:/program files (x86)/atmel/studio/7.0/toolchain/arm/arm-gnu-toolchain/bin/../lib/gcc/arm-none-eabi/6.2.1/../../../../arm-none-eabi/lib/thumb/v7e-m\libc.a(lib_a-fwalk.o)
 .ARM.attributes
                0x0000082c       0x2e c:/program files (x86)/atmel/studio/7.0/toolchain/arm/arm-gnu-toolchain/bin/../lib/gcc/arm-none-eabi/6.2.1/../../../../arm-none-eabi/lib/thumb/v7e-m\libc.a(lib_a-locale.o)
 .ARM.attributes
                0x0000085a       0x2e c:/program files (x86)/atmel/studio/7.0/toolchain/arm/arm-gnu-toolchain/bin/../lib/gcc/arm-none-eabi/6.2.1/../../../../arm-none-eabi/lib/thumb/v7e-m\libc.a(lib_a-localeconv.o)
 .ARM.attributes
                0x00000888       0x2e c:/program files (x86)/atmel/studio/7.0/toolchain/arm/arm-gnu-toolchain/bin/../lib/gcc/arm-none-eabi/6.2.1/../../../../arm-none-eabi/lib/thumb/v7e-m\libc.a(lib_a-makebuf.o)
 .ARM.attributes
                0x000008b6       0x2e c:/program files (x86)/atmel/studio/7.0/toolchain/arm/arm-gnu-toolchain/bin/../lib/gcc/arm-none-eabi/6.2.1/../../../../arm-none-eabi/lib/thumb/v7e-m\libc.a(lib_a-malloc.o)
 .ARM.attributes
                0x000008e4       0x2e c:/program files (x86)/atmel/studio/7.0/toolchain/arm/arm-gnu-toolchain/bin/../lib/gcc/arm-none-eabi/6.2.1/../../../../arm-none-eabi/lib/thumb/v7e-m\libc.a(lib_a-mallocr.o)
 .ARM.attributes
                0x00000912       0x2e c:/program files (x86)/atmel/studio/7.0/toolchain/arm/arm-gnu-toolchain/bin/../lib/gcc/arm-none-eabi/6.2.1/../../../../arm-none-eabi/lib/thumb/v7e-m\libc.a(lib_a-mbtowc_r.o)
 .ARM.attributes
                0x00000940       0x1c c:/program files (x86)/atmel/studio/7.0/toolchain/arm/arm-gnu-toolchain/bin/../lib/gcc/arm-none-eabi/6.2.1/../../../../arm-none-eabi/lib/thumb/v7e-m\libc.a(lib_a-memchr.o)
 .ARM.attributes
                0x0000095c       0x1c c:/program files (x86)/atmel/studio/7.0/toolchain/arm/arm-gnu-toolchain/bin/../lib/gcc/arm-none-eabi/6.2.1/../../../../arm-none-eabi/lib/thumb/v7e-m\libc.a(lib_a-memcpy.o)
 .ARM.attributes
                0x00000978       0x2e c:/program files (x86)/atmel/studio/7.0/toolchain/arm/arm-gnu-toolchain/bin/../lib/gcc/arm-none-eabi/6.2.1/../../../../arm-none-eabi/lib/thumb/v7e-m\libc.a(lib_a-memmove.o)
 .ARM.attributes
                0x000009a6       0x2e c:/program files (x86)/atmel/studio/7.0/toolchain/arm/arm-gnu-toolchain/bin/../lib/gcc/arm-none-eabi/6.2.1/../../../../arm-none-eabi/lib/thumb/v7e-m\libc.a(lib_a-mlock.o)
 .ARM.attributes
                0x000009d4       0x2e c:/program files (x86)/atmel/studio/7.0/toolchain/arm/arm-gnu-toolchain/bin/../lib/gcc/arm-none-eabi/6.2.1/../../../../arm-none-eabi/lib/thumb/v7e-m\libc.a(lib_a-mprec.o)
 .ARM.attributes
                0x00000a02       0x2e c:/program files (x86)/atmel/studio/7.0/toolchain/arm/arm-gnu-toolchain/bin/../lib/gcc/arm-none-eabi/6.2.1/../../../../arm-none-eabi/lib/thumb/v7e-m\libc.a(lib_a-reallocr.o)
 .ARM.attributes
                0x00000a30       0x2e c:/program files (x86)/atmel/studio/7.0/toolchain/arm/arm-gnu-toolchain/bin/../lib/gcc/arm-none-eabi/6.2.1/../../../../arm-none-eabi/lib/thumb/v7e-m\libc.a(lib_a-sbrkr.o)
 .ARM.attributes
                0x00000a5e       0x2e c:/program files (x86)/atmel/studio/7.0/toolchain/arm/arm-gnu-toolchain/bin/../lib/gcc/arm-none-eabi/6.2.1/../../../../arm-none-eabi/lib/thumb/v7e-m\libc.a(lib_a-stdio.o)
 .ARM.attributes
                0x00000a8c       0x1c c:/program files (x86)/atmel/studio/7.0/toolchain/arm/arm-gnu-toolchain/bin/../lib/gcc/arm-none-eabi/6.2.1/../../../../arm-none-eabi/lib/thumb/v7e-m\libc.a(lib_a-strlen.o)
 .ARM.attributes
                0x00000aa8       0x2e c:/program files (x86)/atmel/studio/7.0/toolchain/arm/arm-gnu-toolchain/bin/../lib/gcc/arm-none-eabi/6.2.1/../../../../arm-none-eabi/lib/thumb/v7e-m\libc.a(lib_a-svfiprintf.o)
 .ARM.attributes
                0x00000ad6       0x2e c:/program files (x86)/atmel/studio/7.0/toolchain/arm/arm-gnu-toolchain/bin/../lib/gcc/arm-none-eabi/6.2.1/../../../../arm-none-eabi/lib/thumb/v7e-m\libc.a(lib_a-wbuf.o)
 .ARM.attributes
                0x00000b04       0x2e c:/program files (x86)/atmel/studio/7.0/toolchain/arm/arm-gnu-toolchain/bin/../lib/gcc/arm-none-eabi/6.2.1/../../../../arm-none-eabi/lib/thumb/v7e-m\libc.a(lib_a-wcrtomb.o)
 .ARM.attributes
                0x00000b32       0x2e c:/program files (x86)/atmel/studio/7.0/toolchain/arm/arm-gnu-toolchain/bin/../lib/gcc/arm-none-eabi/6.2.1/../../../../arm-none-eabi/lib/thumb/v7e-m\libc.a(lib_a-wctomb_r.o)
 .ARM.attributes
                0x00000b60       0x2e c:/program files (x86)/atmel/studio/7.0/toolchain/arm/arm-gnu-toolchain/bin/../lib/gcc/arm-none-eabi/6.2.1/../../../../arm-none-eabi/lib/thumb/v7e-m\libc.a(lib_a-writer.o)
 .ARM.attributes
                0x00000b8e       0x2e c:/program files (x86)/atmel/studio/7.0/toolchain/arm/arm-gnu-toolchain/bin/../lib/gcc/arm-none-eabi/6.2.1/../../../../arm-none-eabi/lib/thumb/v7e-m\libc.a(lib_a-__atexit.o)
 .ARM.attributes
                0x00000bbc       0x2e c:/program files (x86)/atmel/studio/7.0/toolchain/arm/arm-gnu-toolchain/bin/../lib/gcc/arm-none-eabi/6.2.1/../../../../arm-none-eabi/lib/thumb/v7e-m\libc.a(lib_a-callocr.o)
 .ARM.attributes
                0x00000bea       0x2e c:/program files (x86)/atmel/studio/7.0/toolchain/arm/arm-gnu-toolchain/bin/../lib/gcc/arm-none-eabi/6.2.1/../../../../arm-none-eabi/lib/thumb/v7e-m\libc.a(lib_a-closer.o)
 .ARM.attributes
                0x00000c18       0x2e c:/program files (x86)/atmel/studio/7.0/toolchain/arm/arm-gnu-toolchain/bin/../lib/gcc/arm-none-eabi/6.2.1/../../../../arm-none-eabi/lib/thumb/v7e-m\libc.a(lib_a-ctype_.o)
 .ARM.attributes
                0x00000c46       0x2e c:/program files (x86)/atmel/studio/7.0/toolchain/arm/arm-gnu-toolchain/bin/../lib/gcc/arm-none-eabi/6.2.1/../../../../arm-none-eabi/lib/thumb/v7e-m\libc.a(lib_a-fclose.o)
 .ARM.attributes
                0x00000c74       0x2e c:/program files (x86)/atmel/studio/7.0/toolchain/arm/arm-gnu-toolchain/bin/../lib/gcc/arm-none-eabi/6.2.1/../../../../arm-none-eabi/lib/thumb/v7e-m\libc.a(lib_a-fstatr.o)
 .ARM.attributes
                0x00000ca2       0x2e c:/program files (x86)/atmel/studio/7.0/toolchain/arm/arm-gnu-toolchain/bin/../lib/gcc/arm-none-eabi/6.2.1/../../../../arm-none-eabi/lib/thumb/v7e-m\libc.a(lib_a-isattyr.o)
 .ARM.attributes
                0x00000cd0       0x2e c:/program files (x86)/atmel/studio/7.0/toolchain/arm/arm-gnu-toolchain/bin/../lib/gcc/arm-none-eabi/6.2.1/../../../../arm-none-eabi/lib/thumb/v7e-m\libc.a(lib_a-lseekr.o)
 .ARM.attributes
                0x00000cfe       0x2e c:/program files (x86)/atmel/studio/7.0/toolchain/arm/arm-gnu-toolchain/bin/../lib/gcc/arm-none-eabi/6.2.1/../../../../arm-none-eabi/lib/thumb/v7e-m\libc.a(lib_a-readr.o)
 .ARM.attributes
                0x00000d2c       0x2e c:/program files (x86)/atmel/studio/7.0/toolchain/arm/arm-gnu-toolchain/bin/../lib/gcc/arm-none-eabi/6.2.1/../../../../arm-none-eabi/lib/thumb/v7e-m\libc.a(lib_a-reent.o)
 .ARM.attributes
                0x00000d5a       0x1e c:/program files (x86)/atmel/studio/7.0/toolchain/arm/arm-gnu-toolchain/bin/../lib/gcc/arm-none-eabi/6.2.1/thumb/v7e-m\libgcc.a(_arm_addsubdf3.o)
 .ARM.attributes
                0x00000d78       0x1e c:/program files (x86)/atmel/studio/7.0/toolchain/arm/arm-gnu-toolchain/bin/../lib/gcc/arm-none-eabi/6.2.1/thumb/v7e-m\libgcc.a(_arm_muldivdf3.o)
 .ARM.attributes
                0x00000d96       0x1e c:/program files (x86)/atmel/studio/7.0/toolchain/arm/arm-gnu-toolchain/bin/../lib/gcc/arm-none-eabi/6.2.1/thumb/v7e-m\libgcc.a(_arm_cmpdf2.o)
 .ARM.attributes
                0x00000db4       0x1e c:/program files (x86)/atmel/studio/7.0/toolchain/arm/arm-gnu-toolchain/bin/../lib/gcc/arm-none-eabi/6.2.1/thumb/v7e-m\libgcc.a(_arm_unorddf2.o)
 .ARM.attributes
                0x00000dd2       0x1e c:/program files (x86)/atmel/studio/7.0/toolchain/arm/arm-gnu-toolchain/bin/../lib/gcc/arm-none-eabi/6.2.1/thumb/v7e-m\libgcc.a(_arm_fixdfsi.o)
 .ARM.attributes
                0x00000df0       0x1e c:/program files (x86)/atmel/studio/7.0/toolchain/arm/arm-gnu-toolchain/bin/../lib/gcc/arm-none-eabi/6.2.1/thumb/v7e-m/crtn.o

.comment        0x00000000       0x59
 .comment       0x00000000       0x59 src/Driver/bluetooth.o
                                 0x5a (size before relaxing)
 .comment       0x00000059       0x5a src/Driver/mcu6050.o
 .comment       0x00000059       0x5a src/ASF/common/services/clock/same70/sysclk.o
 .comment       0x00000059       0x5a src/ASF/common/services/delay/sam/cycle_counter.o
 .comment       0x00000059       0x5a src/ASF/common/utils/interrupt/interrupt_sam_nvic.o
 .comment       0x00000059       0x5a src/ASF/common/utils/stdio/read.o
 .comment       0x00000059       0x5a src/ASF/common/utils/stdio/write.o
 .comment       0x00000059       0x5a src/ASF/sam/boards/same70_xplained/init.o
 .comment       0x00000059       0x5a src/ASF/sam/drivers/pio/pio.o
 .comment       0x00000059       0x5a src/ASF/sam/drivers/pio/pio_handler.o
 .comment       0x00000059       0x5a src/ASF/sam/drivers/pmc/pmc.o
 .comment       0x00000059       0x5a src/ASF/sam/drivers/twihs/twihs.o
 .comment       0x00000059       0x5a src/ASF/sam/drivers/uart/uart.o
 .comment       0x00000059       0x5a src/ASF/sam/drivers/usart/usart.o
 .comment       0x00000059       0x5a src/ASF/sam/utils/cmsis/same70/source/templates/gcc/startup_same70.o
 .comment       0x00000059       0x5a src/ASF/sam/utils/cmsis/same70/source/templates/system_same70.o
 .comment       0x00000059       0x5a src/ASF/sam/utils/syscalls/gcc/syscalls.o
 .comment       0x00000059       0x5a src/main.o

.debug_info     0x00000000    0x16b7e
 .debug_info    0x00000000     0x166b src/Driver/bluetooth.o
 .debug_info    0x0000166b      0xf4d src/Driver/mcu6050.o
 .debug_info    0x000025b8     0x12c8 src/ASF/common/services/clock/same70/sysclk.o
 .debug_info    0x00003880      0xa39 src/ASF/common/services/delay/sam/cycle_counter.o
 .debug_info    0x000042b9      0xafa src/ASF/common/utils/interrupt/interrupt_sam_nvic.o
 .debug_info    0x00004db3      0xaad src/ASF/common/utils/stdio/read.o
 .debug_info    0x00005860      0xab6 src/ASF/common/utils/stdio/write.o
 .debug_info    0x00006316     0x1ff6 src/ASF/sam/boards/same70_xplained/init.o
 .debug_info    0x0000830c     0x1cb3 src/ASF/sam/drivers/pio/pio.o
 .debug_info    0x00009fbf     0x1a0c src/ASF/sam/drivers/pio/pio_handler.o
 .debug_info    0x0000b9cb     0x1db4 src/ASF/sam/drivers/pmc/pmc.o
 .debug_info    0x0000d77f     0x1455 src/ASF/sam/drivers/twihs/twihs.o
 .debug_info    0x0000ebd4     0x104e src/ASF/sam/drivers/uart/uart.o
 .debug_info    0x0000fc22     0x20e9 src/ASF/sam/drivers/usart/usart.o
 .debug_info    0x00011d0b     0x1570 src/ASF/sam/utils/cmsis/same70/source/templates/gcc/startup_same70.o
 .debug_info    0x0001327b      0x55f src/ASF/sam/utils/cmsis/same70/source/templates/system_same70.o
 .debug_info    0x000137da      0xdb0 src/ASF/sam/utils/syscalls/gcc/syscalls.o
 .debug_info    0x0001458a     0x25f4 src/main.o

.debug_abbrev   0x00000000     0x2bfc
 .debug_abbrev  0x00000000      0x2cd src/Driver/bluetooth.o
 .debug_abbrev  0x000002cd      0x267 src/Driver/mcu6050.o
 .debug_abbrev  0x00000534      0x296 src/ASF/common/services/clock/same70/sysclk.o
 .debug_abbrev  0x000007ca      0x1b3 src/ASF/common/services/delay/sam/cycle_counter.o
 .debug_abbrev  0x0000097d      0x214 src/ASF/common/utils/interrupt/interrupt_sam_nvic.o
 .debug_abbrev  0x00000b91      0x1da src/ASF/common/utils/stdio/read.o
 .debug_abbrev  0x00000d6b      0x1da src/ASF/common/utils/stdio/write.o
 .debug_abbrev  0x00000f45      0x3eb src/ASF/sam/boards/same70_xplained/init.o
 .debug_abbrev  0x00001330      0x296 src/ASF/sam/drivers/pio/pio.o
 .debug_abbrev  0x000015c6      0x2c9 src/ASF/sam/drivers/pio/pio_handler.o
 .debug_abbrev  0x0000188f      0x2c5 src/ASF/sam/drivers/pmc/pmc.o
 .debug_abbrev  0x00001b54      0x28f src/ASF/sam/drivers/twihs/twihs.o
 .debug_abbrev  0x00001de3      0x234 src/ASF/sam/drivers/uart/uart.o
 .debug_abbrev  0x00002017      0x287 src/ASF/sam/drivers/usart/usart.o
 .debug_abbrev  0x0000229e      0x2e8 src/ASF/sam/utils/cmsis/same70/source/templates/gcc/startup_same70.o
 .debug_abbrev  0x00002586      0x102 src/ASF/sam/utils/cmsis/same70/source/templates/system_same70.o
 .debug_abbrev  0x00002688      0x22a src/ASF/sam/utils/syscalls/gcc/syscalls.o
 .debug_abbrev  0x000028b2      0x34a src/main.o

.debug_loc      0x00000000     0x744e
 .debug_loc     0x00000000      0x294 src/Driver/bluetooth.o
 .debug_loc     0x00000294      0x1a4 src/Driver/mcu6050.o
 .debug_loc     0x00000438      0x4a0 src/ASF/common/services/clock/same70/sysclk.o
 .debug_loc     0x000008d8       0xa0 src/ASF/common/utils/interrupt/interrupt_sam_nvic.o
 .debug_loc     0x00000978       0x50 src/ASF/common/utils/stdio/read.o
 .debug_loc     0x000009c8       0x50 src/ASF/common/utils/stdio/write.o
 .debug_loc     0x00000a18      0x358 src/ASF/sam/boards/same70_xplained/init.o
 .debug_loc     0x00000d70     0x1174 src/ASF/sam/drivers/pio/pio.o
 .debug_loc     0x00001ee4      0x38c src/ASF/sam/drivers/pio/pio_handler.o
 .debug_loc     0x00002270     0x1714 src/ASF/sam/drivers/pmc/pmc.o
 .debug_loc     0x00003984      0x978 src/ASF/sam/drivers/twihs/twihs.o
 .debug_loc     0x000042fc      0x8a0 src/ASF/sam/drivers/uart/uart.o
 .debug_loc     0x00004b9c     0x1e4c src/ASF/sam/drivers/usart/usart.o
 .debug_loc     0x000069e8      0x16c src/ASF/sam/utils/cmsis/same70/source/templates/gcc/startup_same70.o
 .debug_loc     0x00006b54       0xe4 src/ASF/sam/utils/cmsis/same70/source/templates/system_same70.o
 .debug_loc     0x00006c38      0x324 src/ASF/sam/utils/syscalls/gcc/syscalls.o
 .debug_loc     0x00006f5c      0x4f2 src/main.o

.debug_aranges  0x00000000      0xcb0
 .debug_aranges
                0x00000000       0x60 src/Driver/bluetooth.o
 .debug_aranges
                0x00000060       0x48 src/Driver/mcu6050.o
 .debug_aranges
                0x000000a8       0x98 src/ASF/common/services/clock/same70/sysclk.o
 .debug_aranges
                0x00000140       0x20 src/ASF/common/services/delay/sam/cycle_counter.o
 .debug_aranges
                0x00000160       0x28 src/ASF/common/utils/interrupt/interrupt_sam_nvic.o
 .debug_aranges
                0x00000188       0x20 src/ASF/common/utils/stdio/read.o
 .debug_aranges
                0x000001a8       0x20 src/ASF/common/utils/stdio/write.o
 .debug_aranges
                0x000001c8       0x70 src/ASF/sam/boards/same70_xplained/init.o
 .debug_aranges
                0x00000238      0x1a8 src/ASF/sam/drivers/pio/pio.o
 .debug_aranges
                0x000003e0       0x80 src/ASF/sam/drivers/pio/pio_handler.o
 .debug_aranges
                0x00000460      0x250 src/ASF/sam/drivers/pmc/pmc.o
 .debug_aranges
                0x000006b0       0xf0 src/ASF/sam/drivers/twihs/twihs.o
 .debug_aranges
                0x000007a0       0xd8 src/ASF/sam/drivers/uart/uart.o
 .debug_aranges
                0x00000878      0x2c8 src/ASF/sam/drivers/usart/usart.o
 .debug_aranges
                0x00000b40       0x40 src/ASF/sam/utils/cmsis/same70/source/templates/gcc/startup_same70.o
 .debug_aranges
                0x00000b80       0x30 src/ASF/sam/utils/cmsis/same70/source/templates/system_same70.o
 .debug_aranges
                0x00000bb0       0x60 src/ASF/sam/utils/syscalls/gcc/syscalls.o
 .debug_aranges
                0x00000c10       0xa0 src/main.o

.debug_ranges   0x00000000      0xc08
 .debug_ranges  0x00000000       0x50 src/Driver/bluetooth.o
 .debug_ranges  0x00000050       0x38 src/Driver/mcu6050.o
 .debug_ranges  0x00000088       0x88 src/ASF/common/services/clock/same70/sysclk.o
 .debug_ranges  0x00000110       0x10 src/ASF/common/services/delay/sam/cycle_counter.o
 .debug_ranges  0x00000120       0x18 src/ASF/common/utils/interrupt/interrupt_sam_nvic.o
 .debug_ranges  0x00000138       0x10 src/ASF/common/utils/stdio/read.o
 .debug_ranges  0x00000148       0x10 src/ASF/common/utils/stdio/write.o
 .debug_ranges  0x00000158       0xd8 src/ASF/sam/boards/same70_xplained/init.o
 .debug_ranges  0x00000230      0x198 src/ASF/sam/drivers/pio/pio.o
 .debug_ranges  0x000003c8       0x70 src/ASF/sam/drivers/pio/pio_handler.o
 .debug_ranges  0x00000438      0x240 src/ASF/sam/drivers/pmc/pmc.o
 .debug_ranges  0x00000678       0xe0 src/ASF/sam/drivers/twihs/twihs.o
 .debug_ranges  0x00000758       0xc8 src/ASF/sam/drivers/uart/uart.o
 .debug_ranges  0x00000820      0x2b8 src/ASF/sam/drivers/usart/usart.o
 .debug_ranges  0x00000ad8       0x30 src/ASF/sam/utils/cmsis/same70/source/templates/gcc/startup_same70.o
 .debug_ranges  0x00000b08       0x20 src/ASF/sam/utils/cmsis/same70/source/templates/system_same70.o
 .debug_ranges  0x00000b28       0x50 src/ASF/sam/utils/syscalls/gcc/syscalls.o
 .debug_ranges  0x00000b78       0x90 src/main.o

.debug_macro    0x00000000    0x20d0f
 .debug_macro   0x00000000      0x836 src/Driver/bluetooth.o
 .debug_macro   0x00000836      0x8c8 src/Driver/bluetooth.o
 .debug_macro   0x000010fe      0x16d src/Driver/bluetooth.o
 .debug_macro   0x0000126b      0x652 src/Driver/bluetooth.o
 .debug_macro   0x000018bd       0x76 src/Driver/bluetooth.o
 .debug_macro   0x00001933       0x16 src/Driver/bluetooth.o
 .debug_macro   0x00001949      0x6e4 src/Driver/bluetooth.o
 .debug_macro   0x0000202d       0x22 src/Driver/bluetooth.o
 .debug_macro   0x0000204f       0x87 src/Driver/bluetooth.o
 .debug_macro   0x000020d6       0x51 src/Driver/bluetooth.o
 .debug_macro   0x00002127       0xef src/Driver/bluetooth.o
 .debug_macro   0x00002216       0x6a src/Driver/bluetooth.o
 .debug_macro   0x00002280      0x1df src/Driver/bluetooth.o
 .debug_macro   0x0000245f       0x4a src/Driver/bluetooth.o
 .debug_macro   0x000024a9       0x3b src/Driver/bluetooth.o
 .debug_macro   0x000024e4       0x2d src/Driver/bluetooth.o
 .debug_macro   0x00002511       0x26 src/Driver/bluetooth.o
 .debug_macro   0x00002537      0xf9a src/Driver/bluetooth.o
 .debug_macro   0x000034d1      0x175 src/Driver/bluetooth.o
 .debug_macro   0x00003646      0x257 src/Driver/bluetooth.o
 .debug_macro   0x0000389d      0xa0f src/Driver/bluetooth.o
 .debug_macro   0x000042ac      0x1b9 src/Driver/bluetooth.o
 .debug_macro   0x00004465      0x336 src/Driver/bluetooth.o
 .debug_macro   0x0000479b      0x15b src/Driver/bluetooth.o
 .debug_macro   0x000048f6     0x1851 src/Driver/bluetooth.o
 .debug_macro   0x00006147       0x1c src/Driver/bluetooth.o
 .debug_macro   0x00006163      0x68d src/Driver/bluetooth.o
 .debug_macro   0x000067f0      0x31e src/Driver/bluetooth.o
 .debug_macro   0x00006b0e      0x4d4 src/Driver/bluetooth.o
 .debug_macro   0x00006fe2      0x56e src/Driver/bluetooth.o
 .debug_macro   0x00007550     0x1332 src/Driver/bluetooth.o
 .debug_macro   0x00008882     0x278d src/Driver/bluetooth.o
 .debug_macro   0x0000b00f     0x102b src/Driver/bluetooth.o
 .debug_macro   0x0000c03a      0xe01 src/Driver/bluetooth.o
 .debug_macro   0x0000ce3b      0x3b1 src/Driver/bluetooth.o
 .debug_macro   0x0000d1ec       0xa0 src/Driver/bluetooth.o
 .debug_macro   0x0000d28c       0x76 src/Driver/bluetooth.o
 .debug_macro   0x0000d302      0x409 src/Driver/bluetooth.o
 .debug_macro   0x0000d70b       0x64 src/Driver/bluetooth.o
 .debug_macro   0x0000d76f      0x284 src/Driver/bluetooth.o
 .debug_macro   0x0000d9f3      0x1d0 src/Driver/bluetooth.o
 .debug_macro   0x0000dbc3      0x248 src/Driver/bluetooth.o
 .debug_macro   0x0000de0b      0x524 src/Driver/bluetooth.o
 .debug_macro   0x0000e32f      0x63b src/Driver/bluetooth.o
 .debug_macro   0x0000e96a      0x6b8 src/Driver/bluetooth.o
 .debug_macro   0x0000f022       0x4c src/Driver/bluetooth.o
 .debug_macro   0x0000f06e      0x468 src/Driver/bluetooth.o
 .debug_macro   0x0000f4d6      0x207 src/Driver/bluetooth.o
 .debug_macro   0x0000f6dd      0x866 src/Driver/bluetooth.o
 .debug_macro   0x0000ff43     0x1547 src/Driver/bluetooth.o
 .debug_macro   0x0001148a       0x40 src/Driver/bluetooth.o
 .debug_macro   0x000114ca       0x76 src/Driver/bluetooth.o
 .debug_macro   0x00011540      0xdaf src/Driver/bluetooth.o
 .debug_macro   0x000122ef       0x82 src/Driver/bluetooth.o
 .debug_macro   0x00012371       0x76 src/Driver/bluetooth.o
 .debug_macro   0x000123e7       0x4c src/Driver/bluetooth.o
 .debug_macro   0x00012433      0x135 src/Driver/bluetooth.o
 .debug_macro   0x00012568      0x135 src/Driver/bluetooth.o
 .debug_macro   0x0001269d      0x135 src/Driver/bluetooth.o
 .debug_macro   0x000127d2       0x6a src/Driver/bluetooth.o
 .debug_macro   0x0001283c       0x6a src/Driver/bluetooth.o
 .debug_macro   0x000128a6      0x313 src/Driver/bluetooth.o
 .debug_macro   0x00012bb9       0xb2 src/Driver/bluetooth.o
 .debug_macro   0x00012c6b       0xb2 src/Driver/bluetooth.o
 .debug_macro   0x00012d1d       0xb2 src/Driver/bluetooth.o
 .debug_macro   0x00012dcf      0x11d src/Driver/bluetooth.o
 .debug_macro   0x00012eec      0x11d src/Driver/bluetooth.o
 .debug_macro   0x00013009      0x2cd src/Driver/bluetooth.o
 .debug_macro   0x000132d6       0xb8 src/Driver/bluetooth.o
 .debug_macro   0x0001338e       0x5e src/Driver/bluetooth.o
 .debug_macro   0x000133ec       0x40 src/Driver/bluetooth.o
 .debug_macro   0x0001342c       0x4c src/Driver/bluetooth.o
 .debug_macro   0x00013478       0xa0 src/Driver/bluetooth.o
 .debug_macro   0x00013518      0x494 src/Driver/bluetooth.o
 .debug_macro   0x000139ac      0x135 src/Driver/bluetooth.o
 .debug_macro   0x00013ae1       0x4c src/Driver/bluetooth.o
 .debug_macro   0x00013b2d      0x313 src/Driver/bluetooth.o
 .debug_macro   0x00013e40       0x6a src/Driver/bluetooth.o
 .debug_macro   0x00013eaa       0xb8 src/Driver/bluetooth.o
 .debug_macro   0x00013f62       0x6a src/Driver/bluetooth.o
 .debug_macro   0x00013fcc       0x2e src/Driver/bluetooth.o
 .debug_macro   0x00013ffa      0x9b1 src/Driver/bluetooth.o
 .debug_macro   0x000149ab       0x6a src/Driver/bluetooth.o
 .debug_macro   0x00014a15       0x88 src/Driver/bluetooth.o
 .debug_macro   0x00014a9d       0x58 src/Driver/bluetooth.o
 .debug_macro   0x00014af5       0xe2 src/Driver/bluetooth.o
 .debug_macro   0x00014bd7       0x16 src/Driver/bluetooth.o
 .debug_macro   0x00014bed       0xe2 src/Driver/bluetooth.o
 .debug_macro   0x00014ccf       0x4c src/Driver/bluetooth.o
 .debug_macro   0x00014d1b       0x16 src/Driver/bluetooth.o
 .debug_macro   0x00014d31       0x4c src/Driver/bluetooth.o
 .debug_macro   0x00014d7d       0x2e src/Driver/bluetooth.o
 .debug_macro   0x00014dab      0x1b5 src/Driver/bluetooth.o
 .debug_macro   0x00014f60      0x1b5 src/Driver/bluetooth.o
 .debug_macro   0x00015115      0x1b5 src/Driver/bluetooth.o
 .debug_macro   0x000152ca      0x1b5 src/Driver/bluetooth.o
 .debug_macro   0x0001547f      0x1b5 src/Driver/bluetooth.o
 .debug_macro   0x00015634       0x1c src/Driver/bluetooth.o
 .debug_macro   0x00015650       0x2e src/Driver/bluetooth.o
 .debug_macro   0x0001567e       0x22 src/Driver/bluetooth.o
 .debug_macro   0x000156a0       0x1c src/Driver/bluetooth.o
 .debug_macro   0x000156bc       0x52 src/Driver/bluetooth.o
 .debug_macro   0x0001570e       0x10 src/Driver/bluetooth.o
 .debug_macro   0x0001571e       0x1c src/Driver/bluetooth.o
 .debug_macro   0x0001573a       0x4c src/Driver/bluetooth.o
 .debug_macro   0x00015786       0x4c src/Driver/bluetooth.o
 .debug_macro   0x000157d2       0x4c src/Driver/bluetooth.o
 .debug_macro   0x0001581e      0x31b src/Driver/bluetooth.o
 .debug_macro   0x00015b39     0x1022 src/Driver/bluetooth.o
 .debug_macro   0x00016b5b      0x100 src/Driver/bluetooth.o
 .debug_macro   0x00016c5b       0x52 src/Driver/bluetooth.o
 .debug_macro   0x00016cad       0x35 src/Driver/bluetooth.o
 .debug_macro   0x00016ce2       0x9c src/Driver/bluetooth.o
 .debug_macro   0x00016d7e       0x16 src/Driver/bluetooth.o
 .debug_macro   0x00016d94       0x35 src/Driver/bluetooth.o
 .debug_macro   0x00016dc9      0x330 src/Driver/bluetooth.o
 .debug_macro   0x000170f9       0x10 src/Driver/bluetooth.o
 .debug_macro   0x00017109       0x52 src/Driver/bluetooth.o
 .debug_macro   0x0001715b       0x1f src/Driver/bluetooth.o
 .debug_macro   0x0001717a       0x43 src/Driver/bluetooth.o
 .debug_macro   0x000171bd       0x20 src/Driver/bluetooth.o
 .debug_macro   0x000171dd      0x187 src/Driver/bluetooth.o
 .debug_macro   0x00017364       0x10 src/Driver/bluetooth.o
 .debug_macro   0x00017374       0x1c src/Driver/bluetooth.o
 .debug_macro   0x00017390       0x52 src/Driver/bluetooth.o
 .debug_macro   0x000173e2       0x40 src/Driver/bluetooth.o
 .debug_macro   0x00017422       0x10 src/Driver/bluetooth.o
 .debug_macro   0x00017432       0x40 src/Driver/bluetooth.o
 .debug_macro   0x00017472       0xd7 src/Driver/bluetooth.o
 .debug_macro   0x00017549       0x16 src/Driver/bluetooth.o
 .debug_macro   0x0001755f      0x18b src/Driver/bluetooth.o
 .debug_macro   0x000176ea       0x22 src/Driver/bluetooth.o
 .debug_macro   0x0001770c       0x16 src/Driver/bluetooth.o
 .debug_macro   0x00017722       0x16 src/Driver/bluetooth.o
 .debug_macro   0x00017738       0x29 src/Driver/bluetooth.o
 .debug_macro   0x00017761       0x75 src/Driver/bluetooth.o
 .debug_macro   0x000177d6       0x3f src/Driver/bluetooth.o
 .debug_macro   0x00017815      0x3ca src/Driver/bluetooth.o
 .debug_macro   0x00017bdf       0x3a src/Driver/bluetooth.o
 .debug_macro   0x00017c19      0x2bf src/Driver/bluetooth.o
 .debug_macro   0x00017ed8      0x8d6 src/Driver/bluetooth.o
 .debug_macro   0x000187ae       0x70 src/Driver/bluetooth.o
 .debug_macro   0x0001881e       0x64 src/Driver/bluetooth.o
 .debug_macro   0x00018882       0x5f src/Driver/bluetooth.o
 .debug_macro   0x000188e1       0xac src/Driver/bluetooth.o
 .debug_macro   0x0001898d       0x28 src/Driver/bluetooth.o
 .debug_macro   0x000189b5       0x23 src/Driver/bluetooth.o
 .debug_macro   0x000189d8       0x94 src/Driver/bluetooth.o
 .debug_macro   0x00018a6c       0x40 src/Driver/bluetooth.o
 .debug_macro   0x00018aac       0x88 src/Driver/bluetooth.o
 .debug_macro   0x00018b34       0x10 src/Driver/bluetooth.o
 .debug_macro   0x00018b44      0x1ce src/Driver/bluetooth.o
 .debug_macro   0x00018d12       0x34 src/Driver/bluetooth.o
 .debug_macro   0x00018d46       0x16 src/Driver/bluetooth.o
 .debug_macro   0x00018d5c       0x1c src/Driver/bluetooth.o
 .debug_macro   0x00018d78       0x10 src/Driver/bluetooth.o
 .debug_macro   0x00018d88       0x1c src/Driver/bluetooth.o