Archive member included to satisfy reference by file (symbol)

c:/program files (x86)/atmel/studio/7.0/toolchain/arm/arm-gnu-toolchain/bin/../lib/gcc/arm-none-eabi/5.3.1/../../../../arm-none-eabi/lib/armv7e-m\libm.a(lib_a-w_sqrt.o)
                              src/main.o (sqrt)
c:/program files (x86)/atmel/studio/7.0/toolchain/arm/arm-gnu-toolchain/bin/../lib/gcc/arm-none-eabi/5.3.1/../../../../arm-none-eabi/lib/armv7e-m\libm.a(lib_a-e_sqrt.o)
                              c:/program files (x86)/atmel/studio/7.0/toolchain/arm/arm-gnu-toolchain/bin/../lib/gcc/arm-none-eabi/5.3.1/../../../../arm-none-eabi/lib/armv7e-m\libm.a(lib_a-w_sqrt.o) (__ieee754_sqrt)
c:/program files (x86)/atmel/studio/7.0/toolchain/arm/arm-gnu-toolchain/bin/../lib/gcc/arm-none-eabi/5.3.1/../../../../arm-none-eabi/lib/armv7e-m\libm.a(lib_a-s_lib_ver.o)
                              c:/program files (x86)/atmel/studio/7.0/toolchain/arm/arm-gnu-toolchain/bin/../lib/gcc/arm-none-eabi/5.3.1/../../../../arm-none-eabi/lib/armv7e-m\libm.a(lib_a-w_sqrt.o) (__fdlib_version)
c:/program files (x86)/atmel/studio/7.0/toolchain/arm/arm-gnu-toolchain/bin/../lib/gcc/arm-none-eabi/5.3.1/../../../../arm-none-eabi/lib/armv7e-m\libm.a(lib_a-s_matherr.o)
                              c:/program files (x86)/atmel/studio/7.0/toolchain/arm/arm-gnu-toolchain/bin/../lib/gcc/arm-none-eabi/5.3.1/../../../../arm-none-eabi/lib/armv7e-m\libm.a(lib_a-w_sqrt.o) (matherr)
c:/program files (x86)/atmel/studio/7.0/toolchain/arm/arm-gnu-toolchain/bin/../lib/gcc/arm-none-eabi/5.3.1/armv7e-m\libgcc.a(_arm_addsubdf3.o)
                              c:/program files (x86)/atmel/studio/7.0/toolchain/arm/arm-gnu-toolchain/bin/../lib/gcc/arm-none-eabi/5.3.1/../../../../arm-none-eabi/lib/armv7e-m\libm.a(lib_a-e_sqrt.o) (__aeabi_dsub)
c:/program files (x86)/atmel/studio/7.0/toolchain/arm/arm-gnu-toolchain/bin/../lib/gcc/arm-none-eabi/5.3.1/armv7e-m\libgcc.a(_arm_muldivdf3.o)
                              src/main.o (__aeabi_dmul)
c:/program files (x86)/atmel/studio/7.0/toolchain/arm/arm-gnu-toolchain/bin/../lib/gcc/arm-none-eabi/5.3.1/armv7e-m\libgcc.a(_arm_cmpdf2.o)
                              c:/program files (x86)/atmel/studio/7.0/toolchain/arm/arm-gnu-toolchain/bin/../lib/gcc/arm-none-eabi/5.3.1/../../../../arm-none-eabi/lib/armv7e-m\libm.a(lib_a-w_sqrt.o) (__aeabi_dcmplt)
c:/program files (x86)/atmel/studio/7.0/toolchain/arm/arm-gnu-toolchain/bin/../lib/gcc/arm-none-eabi/5.3.1/armv7e-m\libgcc.a(_arm_unorddf2.o)
                              c:/program files (x86)/atmel/studio/7.0/toolchain/arm/arm-gnu-toolchain/bin/../lib/gcc/arm-none-eabi/5.3.1/../../../../arm-none-eabi/lib/armv7e-m\libm.a(lib_a-w_sqrt.o) (__aeabi_dcmpun)
c:/program files (x86)/atmel/studio/7.0/toolchain/arm/arm-gnu-toolchain/bin/../lib/gcc/arm-none-eabi/5.3.1/armv7e-m\libgcc.a(_arm_fixdfsi.o)
                              src/main.o (__aeabi_d2iz)
c:/program files (x86)/atmel/studio/7.0/toolchain/arm/arm-gnu-toolchain/bin/../lib/gcc/arm-none-eabi/5.3.1/armv7e-m\libgcc.a(_arm_truncdfsf2.o)
                              src/main.o (__aeabi_d2f)
c:/program files (x86)/atmel/studio/7.0/toolchain/arm/arm-gnu-toolchain/bin/../lib/gcc/arm-none-eabi/5.3.1/../../../../arm-none-eabi/lib/armv7e-m\libc.a(lib_a-errno.o)
                              c:/program files (x86)/atmel/studio/7.0/toolchain/arm/arm-gnu-toolchain/bin/../lib/gcc/arm-none-eabi/5.3.1/../../../../arm-none-eabi/lib/armv7e-m\libm.a(lib_a-w_sqrt.o) (__errno)
c:/program files (x86)/atmel/studio/7.0/toolchain/arm/arm-gnu-toolchain/bin/../lib/gcc/arm-none-eabi/5.3.1/../../../../arm-none-eabi/lib/armv7e-m\libc.a(lib_a-exit.o)
                              c:/program files (x86)/atmel/studio/7.0/toolchain/arm/arm-gnu-toolchain/bin/../lib/gcc/arm-none-eabi/5.3.1/../../../../arm-none-eabi/lib/armv7e-m/crt0.o (exit)
c:/program files (x86)/atmel/studio/7.0/toolchain/arm/arm-gnu-toolchain/bin/../lib/gcc/arm-none-eabi/5.3.1/../../../../arm-none-eabi/lib/armv7e-m\libc.a(lib_a-impure.o)
                              c:/program files (x86)/atmel/studio/7.0/toolchain/arm/arm-gnu-toolchain/bin/../lib/gcc/arm-none-eabi/5.3.1/../../../../arm-none-eabi/lib/armv7e-m\libc.a(lib_a-exit.o) (_global_impure_ptr)
c:/program files (x86)/atmel/studio/7.0/toolchain/arm/arm-gnu-toolchain/bin/../lib/gcc/arm-none-eabi/5.3.1/../../../../arm-none-eabi/lib/armv7e-m\libc.a(lib_a-init.o)
                              c:/program files (x86)/atmel/studio/7.0/toolchain/arm/arm-gnu-toolchain/bin/../lib/gcc/arm-none-eabi/5.3.1/../../../../arm-none-eabi/lib/armv7e-m/crt0.o (__libc_init_array)
c:/program files (x86)/atmel/studio/7.0/toolchain/arm/arm-gnu-toolchain/bin/../lib/gcc/arm-none-eabi/5.3.1/../../../../arm-none-eabi/lib/armv7e-m\libc.a(lib_a-iprintf.o)
                              src/main.o (iprintf)
c:/program files (x86)/atmel/studio/7.0/toolchain/arm/arm-gnu-toolchain/bin/../lib/gcc/arm-none-eabi/5.3.1/../../../../arm-none-eabi/lib/armv7e-m\libc.a(lib_a-memcpy.o)
[...]
Memory Configuration

Name             Origin             Length             Attributes
rom              0x00400000         0x00200000         xr
ram              0x20400000         0x00060000         xrw
*default*        0x00000000         0xffffffff

Linker script and memory map

LOAD c:/program files (x86)/atmel/studio/7.0/toolchain/arm/arm-gnu-toolchain/bin/../lib/gcc/arm-none-eabi/5.3.1/armv7e-m/crti.o
LOAD c:/program files (x86)/atmel/studio/7.0/toolchain/arm/arm-gnu-toolchain/bin/../lib/gcc/arm-none-eabi/5.3.1/armv7e-m/crtbegin.o
LOAD c:/program files (x86)/atmel/studio/7.0/toolchain/arm/arm-gnu-toolchain/bin/../lib/gcc/arm-none-eabi/5.3.1/../../../../arm-none-eabi/lib/armv7e-m/crt0.o
LOAD src/Driver/bluetooth.o
LOAD src/Driver/mcu6050.o
LOAD src/Driver/pio_insper.o
LOAD src/Driver/pmc_insper.o
LOAD src/ASF/common/services/clock/same70/sysclk.o
LOAD src/ASF/common/services/delay/sam/cycle_counter.o
LOAD src/ASF/common/services/serial/usart_serial.o
LOAD src/ASF/common/services/sleepmgr/sam/sleepmgr.o
LOAD src/ASF/common/utils/interrupt/interrupt_sam_nvic.o
LOAD src/ASF/common/utils/stdio/read.o
LOAD src/ASF/common/utils/stdio/write.o
LOAD src/ASF/sam/boards/same70_xplained/init.o
LOAD src/ASF/sam/drivers/matrix/matrix.o
LOAD src/ASF/sam/drivers/mpu/mpu.o
LOAD src/ASF/sam/drivers/pio/pio.o
LOAD src/ASF/sam/drivers/pio/pio_handler.o
LOAD src/ASF/sam/drivers/pmc/pmc.o
LOAD src/ASF/sam/drivers/pmc/sleep.o
LOAD src/ASF/sam/drivers/rtc/rtc.o
LOAD src/ASF/sam/drivers/tc/tc.o
LOAD src/ASF/sam/drivers/twihs/twihs.o
LOAD src/ASF/sam/drivers/uart/uart.o
LOAD src/ASF/sam/drivers/usart/usart.o
LOAD src/ASF/sam/drivers/xdmac/xdmac.o
LOAD src/ASF/sam/utils/cmsis/same70/source/templates/gcc/startup_same70.o
LOAD src/ASF/sam/utils/cmsis/same70/source/templates/system_same70.o
LOAD src/ASF/sam/utils/syscalls/gcc/syscalls.o
LOAD src/main.o
START GROUP
LOAD ../src/ASF/thirdparty/CMSIS/Lib/GCC\libarm_cortexM7lfsp_math_softfp.a
LOAD c:/program files (x86)/atmel/studio/7.0/toolchain/arm/arm-gnu-toolchain/bin/../lib/gcc/arm-none-eabi/5.3.1/../../../../arm-none-eabi/lib/armv7e-m\libm.a
END GROUP
START GROUP
LOAD c:/program files (x86)/atmel/studio/7.0/toolchain/arm/arm-gnu-toolchain/bin/../lib/gcc/arm-none-eabi/5.3.1/armv7e-m\libgcc.a
LOAD c:/program files (x86)/atmel/studio/7.0/toolchain/arm/arm-gnu-toolchain/bin/../lib/gcc/arm-none-eabi/5.3.1/../../../../arm-none-eabi/lib/armv7e-m\libc.a
END GROUP
LOAD c:/program files (x86)/atmel/studio/7.0/toolchain/arm/arm-gnu-toolchain/bin/../lib/gcc/arm-none-eabi/5.3.1/armv7e-m/crtend.o
LOAD c:/program files (x86)/atmel/studio/7.0/toolchain/arm/arm-gnu-toolchain/bin/../lib/gcc/arm-none-eabi/5.3.1/armv7e-m/crtn.o
                0x00002000                STACK_SIZE = DEFINED (STACK_SIZE)?STACK_SIZE:0x2000
                0x2045fffc                __ram_end__ = ((ORIGIN (ram) + LENGTH (ram)) - 0x4)
                0x00000200                HEAP_SIZE = DEFINED (HEAP_SIZE)?HEAP_SIZE:0x200

.text           0x00400000     0x9f78
                0x00400000                . = ALIGN (0x4)
                0x00400000                _sfixed = .
 *(.vectors .vectors.*)
 .vectors       0x00400000      0x140 src/ASF/sam/utils/cmsis/same70/source/templates/gcc/startup_same70.o
                0x00400000                exception_table
 *(.text .text.* .gnu.linkonce.t.*)
 .text          0x00400140       0x5c c:/program files (x86)/atmel/studio/7.0/toolchain/arm/arm-gnu-toolchain/bin/../lib/gcc/arm-none-eabi/5.3.1/armv7e-m/crtbegin.o
 .text.osc_get_rate
                0x0040019c       0x74 src/Driver/bluetooth.o
 .text.sysclk_get_main_hz
                0x00400210       0x20 src/Driver/bluetooth.o
 .text.sysclk_get_peripheral_hz
                0x00400230       0x14 src/Driver/bluetooth.o
 .text.sysclk_enable_peripheral_clock
                0x00400244       0x1c src/Driver/bluetooth.o
 .text.usart_serial_putchar
                0x00400260      0x10c src/Driver/bluetooth.o
 .text.usart_serial_getchar
                0x0040036c      0x108 src/Driver/bluetooth.o
 .text.USART0_init
                0x00400474       0x90 src/Driver/bluetooth.o
                0x00400474                USART0_init
 .text.usart_putString
                0x00400504       0x54 src/Driver/bluetooth.o
                0x00400504                usart_putString
 .text.usart_getString
                0x00400558       0x5c src/Driver/bluetooth.o
                0x00400558                usart_getString
 .text.osc_get_rate
                0x004005b4       0x74 src/Driver/mcu6050.o
 .text.sysclk_get_main_hz
                0x00400628       0x20 src/Driver/mcu6050.o
 .text.sysclk_get_cpu_hz
                0x00400648       0x14 src/Driver/mcu6050.o
 .text.mcu6050_i2c_bus_init
                0x0040065c       0x3c src/Driver/mcu6050.o
                0x0040065c                mcu6050_i2c_bus_init
 .text.mcu6050_i2c_bus_write
                0x00400698       0x54 src/Driver/mcu6050.o
                0x00400698                mcu6050_i2c_bus_write
 .text.mcu6050_i2c_bus_read
                0x004006ec       0x64 src/Driver/mcu6050.o
                0x004006ec                mcu6050_i2c_bus_read
 .text.osc_enable
                0x00400750       0x88 src/ASF/common/services/clock/same70/sysclk.o
 .text.osc_is_ready
                0x004007d8       0x70 src/ASF/common/services/clock/same70/sysclk.o
 .text.osc_get_rate
                0x00400848       0x74 src/ASF/common/services/clock/same70/sysclk.o
 .text.osc_wait_ready
                0x004008bc       0x2c src/ASF/common/services/clock/same70/sysclk.o
 .text.pll_config_init
                0x004008e8       0x6c src/ASF/common/services/clock/same70/sysclk.o
 .text.pll_enable
                0x00400954       0x40 src/ASF/common/services/clock/same70/sysclk.o
 .text.pll_is_locked
                0x00400994       0x2c src/ASF/common/services/clock/same70/sysclk.o
 .text.pll_enable_source
                0x004009c0       0x38 src/ASF/common/services/clock/same70/sysclk.o
 .text.pll_wait_for_lock
                0x004009f8       0x24 src/ASF/common/services/clock/same70/sysclk.o
 .text.sysclk_get_main_hz
                0x00400a1c       0x20 src/ASF/common/services/clock/same70/sysclk.o
 .text.sysclk_get_cpu_hz
                0x00400a3c       0x14 src/ASF/common/services/clock/same70/sysclk.o
 .text.sysclk_init
                0x00400a50       0x7c src/ASF/common/services/clock/same70/sysclk.o
                0x00400a50                sysclk_init
 .text._read    0x00400acc       0x54 src/ASF/common/utils/stdio/read.o
                0x00400acc                _read
 .text._write   0x00400b20       0x6c src/ASF/common/utils/stdio/write.o
                0x00400b20                _write
 .text.SCB_EnableICache
                0x00400b8c       0x38 src/ASF/sam/boards/same70_xplained/init.o
 .text.SCB_EnableDCache
                0x00400bc4       0xa4 src/ASF/sam/boards/same70_xplained/init.o
 .text.sysclk_enable_peripheral_clock
                0x00400c68       0x1c src/ASF/sam/boards/same70_xplained/init.o
 .text.ioport_init
                0x00400c84       0x2c src/ASF/sam/boards/same70_xplained/init.o
 .text.ioport_disable_pin
                0x00400cb0       0x4c src/ASF/sam/boards/same70_xplained/init.o
 .text.ioport_set_pin_mode
                0x00400cfc      0x11c src/ASF/sam/boards/same70_xplained/init.o
 .text.ioport_set_pin_dir
                0x00400e18       0x88 src/ASF/sam/boards/same70_xplained/init.o
 .text.ioport_set_pin_level
                0x00400ea0       0x6c src/ASF/sam/boards/same70_xplained/init.o
 .text.ioport_set_pin_sense_mode
                0x00400f0c       0xd0 src/ASF/sam/boards/same70_xplained/init.o
 .text.tcm_disable
                0x00400fdc       0x44 src/ASF/sam/boards/same70_xplained/init.o
 .text.board_init
                0x00401020       0xd4 src/ASF/sam/boards/same70_xplained/init.o
                0x00401020                board_init
 .text.pio_pull_up
                0x004010f4       0x2c src/ASF/sam/drivers/pio/pio.o
                0x004010f4                pio_pull_up
 .text.pio_set  0x00401120       0x1c src/ASF/sam/drivers/pio/pio.o
                0x00401120                pio_set
 .text.pio_clear
                0x0040113c       0x1c src/ASF/sam/drivers/pio/pio.o
                0x0040113c                pio_clear
 .text.pio_set_peripheral
                0x00401158      0x110 src/ASF/sam/drivers/pio/pio.o
                0x00401158                pio_set_peripheral
 .text.pio_set_input
                0x00401268       0x80 src/ASF/sam/drivers/pio/pio.o
                0x00401268                pio_set_input
 .text.pio_set_output
                0x004012e8       0x64 src/ASF/sam/drivers/pio/pio.o
                0x004012e8                pio_set_output
 .text.pio_get_output_data_status
                0x0040134c       0x28 src/ASF/sam/drivers/pio/pio.o
                0x0040134c                pio_get_output_data_status
 .text.pio_configure_interrupt
                0x00401374       0x6c src/ASF/sam/drivers/pio/pio.o
                0x00401374                pio_configure_interrupt
 .text.pio_enable_interrupt
                0x004013e0       0x1c src/ASF/sam/drivers/pio/pio.o
                0x004013e0                pio_enable_interrupt
 .text.pio_disable_interrupt
                0x004013fc       0x1c src/ASF/sam/drivers/pio/pio.o
                0x004013fc                pio_disable_interrupt
 .text.pio_get_interrupt_status
                0x00401418       0x18 src/ASF/sam/drivers/pio/pio.o
                0x00401418                pio_get_interrupt_status
 .text.pio_get_interrupt_mask
                0x00401430       0x18 src/ASF/sam/drivers/pio/pio.o
                0x00401430                pio_get_interrupt_mask
 .text.pio_handler_process
                0x00401448       0xb4 src/ASF/sam/drivers/pio/pio_handler.o
                0x00401448                pio_handler_process
 .text.pio_handler_set
                0x004014fc       0xa0 src/ASF/sam/drivers/pio/pio_handler.o
                0x004014fc                pio_handler_set
 .text.PIOA_Handler
                0x0040159c       0x18 src/ASF/sam/drivers/pio/pio_handler.o
                0x0040159c                PIOA_Handler
 .text.PIOB_Handler
                0x004015b4       0x18 src/ASF/sam/drivers/pio/pio_handler.o
                0x004015b4                PIOB_Handler
 .text.PIOC_Handler
                0x004015cc       0x18 src/ASF/sam/drivers/pio/pio_handler.o
                0x004015cc                PIOC_Handler
 .text.PIOD_Handler
                0x004015e4       0x18 src/ASF/sam/drivers/pio/pio_handler.o
                0x004015e4                PIOD_Handler
 .text.PIOE_Handler
                0x004015fc       0x18 src/ASF/sam/drivers/pio/pio_handler.o
                0x004015fc                PIOE_Handler
 .text.pmc_mck_set_division
                0x00401614       0x7c src/ASF/sam/drivers/pmc/pmc.o
                0x00401614                pmc_mck_set_division
 .text.pmc_switch_mck_to_pllack
                0x00401690       0x84 src/ASF/sam/drivers/pmc/pmc.o
                0x00401690                pmc_switch_mck_to_pllack
 .text.pmc_switch_sclk_to_32kxtal
                0x00401714       0x38 src/ASF/sam/drivers/pmc/pmc.o
                0x00401714                pmc_switch_sclk_to_32kxtal
 .text.pmc_osc_is_ready_32kxtal
                0x0040174c       0x34 src/ASF/sam/drivers/pmc/pmc.o
                0x0040174c                pmc_osc_is_ready_32kxtal
 .text.pmc_switch_mainck_to_fastrc
                0x00401780       0x70 src/ASF/sam/drivers/pmc/pmc.o
                0x00401780                pmc_switch_mainck_to_fastrc
 .text.pmc_switch_mainck_to_xtal
                0x004017f0       0x78 src/ASF/sam/drivers/pmc/pmc.o
                0x004017f0                pmc_switch_mainck_to_xtal
 .text.pmc_osc_is_ready_mainck
                0x00401868       0x1c src/ASF/sam/drivers/pmc/pmc.o
                0x00401868                pmc_osc_is_ready_mainck
 .text.pmc_disable_pllack
                0x00401884       0x1c src/ASF/sam/drivers/pmc/pmc.o
                0x00401884                pmc_disable_pllack
 .text.pmc_is_locked_pllack
                0x004018a0       0x1c src/ASF/sam/drivers/pmc/pmc.o
                0x004018a0                pmc_is_locked_pllack
 .text.pmc_is_locked_upll
                0x004018bc       0x1c src/ASF/sam/drivers/pmc/pmc.o
                0x004018bc                pmc_is_locked_upll
 .text.pmc_enable_periph_clk
                0x004018d8       0x84 src/ASF/sam/drivers/pmc/pmc.o
                0x004018d8                pmc_enable_periph_clk
 .text.tc_init  0x0040195c       0x3c src/ASF/sam/drivers/tc/tc.o
                0x0040195c                tc_init
 .text.tc_start
                0x00401998       0x24 src/ASF/sam/drivers/tc/tc.o
                0x00401998                tc_start
 .text.tc_write_rc
                0x004019bc       0x28 src/ASF/sam/drivers/tc/tc.o
                0x004019bc                tc_write_rc
 .text.tc_enable_interrupt
                0x004019e4       0x28 src/ASF/sam/drivers/tc/tc.o
                0x004019e4                tc_enable_interrupt
 .text.tc_find_mck_divisor
                0x00401a0c       0xa8 src/ASF/sam/drivers/tc/tc.o
                0x00401a0c                tc_find_mck_divisor
 .text.twihs_enable_master_mode
                0x00401ab4       0x28 src/ASF/sam/drivers/twihs/twihs.o
                0x00401ab4                twihs_enable_master_mode
 .text.twihs_master_init
                0x00401adc       0x58 src/ASF/sam/drivers/twihs/twihs.o
                0x00401adc                twihs_master_init
 .text.twihs_set_speed
                0x00401b34       0xf4 src/ASF/sam/drivers/twihs/twihs.o
                0x00401b34                twihs_set_speed
 .text.twihs_mk_addr
                0x00401c28       0x5c src/ASF/sam/drivers/twihs/twihs.o
 .text.twihs_master_read
                0x00401c84       0xe8 src/ASF/sam/drivers/twihs/twihs.o
                0x00401c84                twihs_master_read
 .text.twihs_master_write
                0x00401d6c       0xdc src/ASF/sam/drivers/twihs/twihs.o
                0x00401d6c                twihs_master_write
 .text.twihs_reset
                0x00401e48       0x20 src/ASF/sam/drivers/twihs/twihs.o
                0x00401e48                twihs_reset
 .text.uart_init
                0x00401e68       0x58 src/ASF/sam/drivers/uart/uart.o
                0x00401e68                uart_init
 .text.uart_is_tx_empty
                0x00401ec0       0x28 src/ASF/sam/drivers/uart/uart.o
                0x00401ec0                uart_is_tx_empty
 .text.uart_write
                0x00401ee8       0x30 src/ASF/sam/drivers/uart/uart.o
                0x00401ee8                uart_write
 .text.uart_read
                0x00401f18       0x34 src/ASF/sam/drivers/uart/uart.o
                0x00401f18                uart_read
 .text.usart_set_async_baudrate
                0x00401f4c       0x8c src/ASF/sam/drivers/usart/usart.o
                0x00401f4c                usart_set_async_baudrate
 .text.usart_reset
                0x00401fd8       0x54 src/ASF/sam/drivers/usart/usart.o
                0x00401fd8                usart_reset
 .text.usart_init_rs232
                0x0040202c       0x84 src/ASF/sam/drivers/usart/usart.o
                0x0040202c                usart_init_rs232
 .text.usart_enable_tx
                0x004020b0       0x1c src/ASF/sam/drivers/usart/usart.o
                0x004020b0                usart_enable_tx
 .text.usart_reset_tx
                0x004020cc       0x1c src/ASF/sam/drivers/usart/usart.o
                0x004020cc                usart_reset_tx
 .text.usart_enable_rx
                0x004020e8       0x1c src/ASF/sam/drivers/usart/usart.o
                0x004020e8                usart_enable_rx
 .text.usart_reset_rx
                0x00402104       0x1c src/ASF/sam/drivers/usart/usart.o
                0x00402104                usart_reset_rx
 .text.usart_get_status
                0x00402120       0x18 src/ASF/sam/drivers/usart/usart.o
                0x00402120                usart_get_status
 .text.usart_reset_status
                0x00402138       0x1c src/ASF/sam/drivers/usart/usart.o
                0x00402138                usart_reset_status
 .text.usart_drive_RTS_pin_high
                0x00402154       0x1c src/ASF/sam/drivers/usart/usart.o
                0x00402154                usart_drive_RTS_pin_high
 .text.usart_write
                0x00402170       0x34 src/ASF/sam/drivers/usart/usart.o
                0x00402170                usart_write
 .text.usart_read
                0x004021a4       0x34 src/ASF/sam/drivers/usart/usart.o
                0x004021a4                usart_read
 .text.usart_disable_writeprotect
                0x004021d8       0x20 src/ASF/sam/drivers/usart/usart.o
                0x004021d8                usart_disable_writeprotect
 .text.cpu_irq_save
                0x004021f8       0x38 src/ASF/sam/utils/cmsis/same70/source/templates/gcc/startup_same70.o
 .text.cpu_irq_is_enabled_flags
                0x00402230       0x20 src/ASF/sam/utils/cmsis/same70/source/templates/gcc/startup_same70.o
 .text.cpu_irq_restore
                0x00402250       0x30 src/ASF/sam/utils/cmsis/same70/source/templates/gcc/startup_same70.o
 .text.Reset_Handler
                0x00402280       0xb0 src/ASF/sam/utils/cmsis/same70/source/templates/gcc/startup_same70.o
                0x00402280                Reset_Handler
 .text.Dummy_Handler
                0x00402330        0x8 src/ASF/sam/utils/cmsis/same70/source/templates/gcc/startup_same70.o
                0x00402330                DACC_Handler
                0x00402330                DebugMon_Handler
                0x00402330                UART3_Handler
                0x00402330                UART2_Handler
                0x00402330                TRNG_Handler
                0x00402330                HardFault_Handler
                0x00402330                TC2_Handler
                0x00402330                SysTick_Handler
                0x00402330                AFEC1_Handler
                0x00402330                PendSV_Handler
                0x00402330                NMI_Handler
                0x00402330                TC7_Handler
                0x00402330                QSPI_Handler
                0x00402330                ISI_Handler
                0x00402330                TC9_Handler
                0x00402330                RSWDT_Handler
                0x00402330                MCAN1_Handler
                0x00402330                USART0_Handler
                0x00402330                RTT_Handler
                0x00402330                USBHS_Handler
                0x00402330                RTC_Handler
                0x00402330                UsageFault_Handler
                0x00402330                TC6_Handler
                0x00402330                WDT_Handler
                0x00402330                TC4_Handler
                0x00402330                HSMCI_Handler
                0x00402330                UART1_Handler
                0x00402330                TC3_Handler
                0x00402330                Dummy_Handler
                0x00402330                TWIHS1_Handler
                0x00402330                XDMAC_Handler
                0x00402330                UART4_Handler
                0x00402330                PWM1_Handler
                0x00402330                PWM0_Handler
                0x00402330                AFEC0_Handler
                0x00402330                TC11_Handler
                0x00402330                SSC_Handler
                0x00402330                ACC_Handler
                0x00402330                PMC_Handler
                0x00402330                GMAC_Handler
                0x00402330                MemManage_Handler
                0x00402330                SUPC_Handler
                0x00402330                SVC_Handler
                0x00402330                TC8_Handler
                0x00402330                EFC_Handler
                0x00402330                USART2_Handler
                0x00402330                SDRAMC_Handler
                0x00402330                SPI1_Handler
                0x00402330                MCAN0_Handler
                0x00402330                TC10_Handler
                0x00402330                TWIHS2_Handler
                0x00402330                UART0_Handler
                0x00402330                BusFault_Handler
                0x00402330                RSTC_Handler
                0x00402330                TC0_Handler
                0x00402330                TC5_Handler
                0x00402330                AES_Handler
                0x00402330                ICM_Handler
                0x00402330                TWIHS0_Handler
                0x00402330                SPI0_Handler
 .text.SystemCoreClockUpdate
                0x00402338      0x16c src/ASF/sam/utils/cmsis/same70/source/templates/system_same70.o
                0x00402338                SystemCoreClockUpdate
 .text.system_init_flash
                0x004024a4       0x98 src/ASF/sam/utils/cmsis/same70/source/templates/system_same70.o
                0x004024a4                system_init_flash
 .text._sbrk    0x0040253c       0x58 src/ASF/sam/utils/syscalls/gcc/syscalls.o
                0x0040253c                _sbrk
 .text._close   0x00402594       0x18 src/ASF/sam/utils/syscalls/gcc/syscalls.o
                0x00402594                _close
 .text._fstat   0x004025ac       0x20 src/ASF/sam/utils/syscalls/gcc/syscalls.o
                0x004025ac                _fstat
 .text._isatty  0x004025cc       0x18 src/ASF/sam/utils/syscalls/gcc/syscalls.o
                0x004025cc                _isatty
 .text._lseek   0x004025e4       0x1c src/ASF/sam/utils/syscalls/gcc/syscalls.o
                0x004025e4                _lseek
 .text.NVIC_EnableIRQ
                0x00402600       0x34 src/main.o
 .text.NVIC_SetPriority
                0x00402634       0x54 src/main.o
 .text.osc_get_rate
                0x00402688       0x74 src/main.o
 .text.sysclk_get_main_hz
                0x004026fc       0x20 src/main.o
 .text.sysclk_get_cpu_hz
                0x0040271c       0x14 src/main.o
 .text.sysclk_get_peripheral_hz
                0x00402730       0x14 src/main.o
 .text.sysclk_enable_peripheral_clock
                0x00402744       0x1c src/main.o
 .text.usart_serial_init
                0x00402760      0x164 src/main.o
 .text.usart_serial_putchar
                0x004028c4      0x10c src/main.o
 .text.usart_serial_getchar
                0x004029d0      0x108 src/main.o
 .text.stdio_serial_init
                0x00402ad8       0x68 src/main.o
 .text.Button1_Handler
                0x00402b40       0x34 src/main.o
 .text.USART1_Handler
                0x00402b74       0x38 src/main.o
                0x00402b74                USART1_Handler
 .text.TC1_Handler
                0x00402bac      0x33c src/main.o
                0x00402bac                TC1_Handler
 .text.pin_toggle
                0x00402ee8       0x40 src/main.o
                0x00402ee8                pin_toggle
 .text.BUT_init
                0x00402f28       0x6c src/main.o
                0x00402f28                BUT_init
 .text.LED_init
                0x00402f94       0x34 src/main.o
                0x00402f94                LED_init
 .text.TC1_init
                0x00402fc8       0x98 src/main.o
                0x00402fc8                TC1_init
 .text.configure_console
                0x00403060       0x80 src/main.o
 .text.main     0x004030e0      0x124 src/main.o
                0x004030e0                main
 .text.sqrt     0x00403204       0xb8 c:/program files (x86)/atmel/studio/7.0/toolchain/arm/arm-gnu-toolchain/bin/../lib/gcc/arm-none-eabi/5.3.1/../../../../arm-none-eabi/lib/armv7e-m\libm.a(lib_a-w_sqrt.o)
                0x00403204                sqrt
 .text.__ieee754_sqrt
                0x004032bc      0x180 c:/program files (x86)/atmel/studio/7.0/toolchain/arm/arm-gnu-toolchain/bin/../lib/gcc/arm-none-eabi/5.3.1/../../../../arm-none-eabi/lib/armv7e-m\libm.a(lib_a-e_sqrt.o)
                0x004032bc                __ieee754_sqrt
 .text.matherr  0x0040343c        0x4 c:/program files (x86)/atmel/studio/7.0/toolchain/arm/arm-gnu-toolchain/bin/../lib/gcc/arm-none-eabi/5.3.1/../../../../arm-none-eabi/lib/armv7e-m\libm.a(lib_a-s_matherr.o)
                0x0040343c                matherr
 .text          0x00403440      0x370 c:/program files (x86)/atmel/studio/7.0/toolchain/arm/arm-gnu-toolchain/bin/../lib/gcc/arm-none-eabi/5.3.1/armv7e-m\libgcc.a(_arm_addsubdf3.o)
                0x00403440                __aeabi_drsub
                0x00403448                __aeabi_dsub
                0x00403448                __subdf3
                0x0040344c                __aeabi_dadd
                0x0040344c                __adddf3
                0x004036c4                __floatunsidf
                0x004036c4                __aeabi_ui2d
                0x004036e4                __floatsidf
                0x004036e4                __aeabi_i2d
                0x00403708                __aeabi_f2d
                0x00403708                __extendsfdf2
                0x00403744                __floatundidf
                0x00403744                __aeabi_ul2d
                0x00403754                __floatdidf
                0x00403754                __aeabi_l2d
 .text          0x004037b0      0x424 c:/program files (x86)/atmel/studio/7.0/toolchain/arm/arm-gnu-toolchain/bin/../lib/gcc/arm-none-eabi/5.3.1/armv7e-m\libgcc.a(_arm_muldivdf3.o)
                0x004037b0                __aeabi_dmul
                0x004037b0                __muldf3
                0x00403a04                __divdf3
                0x00403a04                __aeabi_ddiv
 .text          0x00403bd4      0x110 c:/program files (x86)/atmel/studio/7.0/toolchain/arm/arm-gnu-toolchain/bin/../lib/gcc/arm-none-eabi/5.3.1/armv7e-m\libgcc.a(_arm_cmpdf2.o)
                0x00403bd4                __gtdf2
                0x00403bd4                __gedf2
                0x00403bdc                __ltdf2
                0x00403bdc                __ledf2
                0x00403be4                __nedf2
                0x00403be4                __eqdf2
                0x00403be4                __cmpdf2
                0x00403c60                __aeabi_cdrcmple
                0x00403c70                __aeabi_cdcmpeq
                0x00403c70                __aeabi_cdcmple
                0x00403c80                __aeabi_dcmpeq
                0x00403c94                __aeabi_dcmplt
                0x00403ca8                __aeabi_dcmple
                0x00403cbc                __aeabi_dcmpge
                0x00403cd0                __aeabi_dcmpgt
 .text          0x00403ce4       0x2c c:/program files (x86)/atmel/studio/7.0/toolchain/arm/arm-gnu-toolchain/bin/../lib/gcc/arm-none-eabi/5.3.1/armv7e-m\libgcc.a(_arm_unorddf2.o)
                0x00403ce4                __unorddf2
                0x00403ce4                __aeabi_dcmpun
 .text          0x00403d10       0x50 c:/program files (x86)/atmel/studio/7.0/toolchain/arm/arm-gnu-toolchain/bin/../lib/gcc/arm-none-eabi/5.3.1/armv7e-m\libgcc.a(_arm_fixdfsi.o)
                0x00403d10                __aeabi_d2iz
                0x00403d10                __fixdfsi
 .text          0x00403d60       0xa0 c:/program files (x86)/atmel/studio/7.0/toolchain/arm/arm-gnu-toolchain/bin/../lib/gcc/arm-none-eabi/5.3.1/armv7e-m\libgcc.a(_arm_truncdfsf2.o)
                0x00403d60                __truncdfsf2
                0x00403d60                __aeabi_d2f
 .text.__errno  0x00403e00        0xc c:/program files (x86)/atmel/studio/7.0/toolchain/arm/arm-gnu-toolchain/bin/../lib/gcc/arm-none-eabi/5.3.1/../../../../arm-none-eabi/lib/armv7e-m\libc.a(lib_a-errno.o)
                0x00403e00                __errno
 .text.__libc_init_array
                0x00403e0c       0x50 c:/program files (x86)/atmel/studio/7.0/toolchain/arm/arm-gnu-toolchain/bin/../lib/gcc/arm-none-eabi/5.3.1/../../../../arm-none-eabi/lib/armv7e-m\libc.a(lib_a-init.o)
                0x00403e0c                __libc_init_array
 .text.iprintf  0x00403e5c       0x28 c:/program files (x86)/atmel/studio/7.0/toolchain/arm/arm-gnu-toolchain/bin/../lib/gcc/arm-none-eabi/5.3.1/../../../../arm-none-eabi/lib/armv7e-m\libc.a(lib_a-iprintf.o)
                0x00403e5c                iprintf
 .text          0x00403e84      0x134 c:/program files (x86)/atmel/studio/7.0/toolchain/arm/arm-gnu-toolchain/bin/../lib/gcc/arm-none-eabi/5.3.1/../../../../arm-none-eabi/lib/armv7e-m\libc.a(lib_a-memcpy.o)
                0x00403e84                memcpy
 .text.memset   0x00403fb8       0x9c c:/program files (x86)/atmel/studio/7.0/toolchain/arm/arm-gnu-toolchain/bin/../lib/gcc/arm-none-eabi/5.3.1/../../../../arm-none-eabi/lib/armv7e-m\libc.a(lib_a-memset.o)
                0x00403fb8                memset
 .text.setbuf   0x00404054       0x10 c:/program files (x86)/atmel/studio/7.0/toolchain/arm/arm-gnu-toolchain/bin/../lib/gcc/arm-none-eabi/5.3.1/../../../../arm-none-eabi/lib/armv7e-m\libc.a(lib_a-setbuf.o)
                0x00404054                setbuf
 .text.setvbuf  0x00404064      0x150 c:/program files (x86)/atmel/studio/7.0/toolchain/arm/arm-gnu-toolchain/bin/../lib/gcc/arm-none-eabi/5.3.1/../../../../arm-none-eabi/lib/armv7e-m\libc.a(lib_a-setvbuf.o)
                0x00404064                setvbuf
 .text.sprintf  0x004041b4       0x4c c:/program files (x86)/atmel/studio/7.0/toolchain/arm/arm-gnu-toolchain/bin/../lib/gcc/arm-none-eabi/5.3.1/../../../../arm-none-eabi/lib/armv7e-m\libc.a(lib_a-sprintf.o)
                0x004041b4                sprintf
 .text._svfprintf_r
                0x00404200     0x169c c:/program files (x86)/atmel/studio/7.0/toolchain/arm/arm-gnu-toolchain/bin/../lib/gcc/arm-none-eabi/5.3.1/../../../../arm-none-eabi/lib/armv7e-m\libc.a(lib_a-svfprintf.o)
                0x00404200                _svfprintf_r
 .text.__sprint_r.part.0
                0x0040589c       0x78 c:/program files (x86)/atmel/studio/7.0/toolchain/arm/arm-gnu-toolchain/bin/../lib/gcc/arm-none-eabi/5.3.1/../../../../arm-none-eabi/lib/armv7e-m\libc.a(lib_a-vfiprintf.o)
 .text._vfiprintf_r
                0x00405914      0xdfc c:/program files (x86)/atmel/studio/7.0/toolchain/arm/arm-gnu-toolchain/bin/../lib/gcc/arm-none-eabi/5.3.1/../../../../arm-none-eabi/lib/armv7e-m\libc.a(lib_a-vfiprintf.o)
                0x00405914                _vfiprintf_r
 .text.__sbprintf
                0x00406710       0x6c c:/program files (x86)/atmel/studio/7.0/toolchain/arm/arm-gnu-toolchain/bin/../lib/gcc/arm-none-eabi/5.3.1/../../../../arm-none-eabi/lib/armv7e-m\libc.a(lib_a-vfiprintf.o)
 .text.__swsetup_r
                0x0040677c       0xc8 c:/program files (x86)/atmel/studio/7.0/toolchain/arm/arm-gnu-toolchain/bin/../lib/gcc/arm-none-eabi/5.3.1/../../../../arm-none-eabi/lib/armv7e-m\libc.a(lib_a-wsetup.o)
                0x0040677c                __swsetup_r
 .text.startup.register_fini
                0x00406844       0x14 c:/program files (x86)/atmel/studio/7.0/toolchain/arm/arm-gnu-toolchain/bin/../lib/gcc/arm-none-eabi/5.3.1/../../../../arm-none-eabi/lib/armv7e-m\libc.a(lib_a-__call_atexit.o)
 .text.atexit   0x00406858        0xc c:/program files (x86)/atmel/studio/7.0/toolchain/arm/arm-gnu-toolchain/bin/../lib/gcc/arm-none-eabi/5.3.1/../../../../arm-none-eabi/lib/armv7e-m\libc.a(lib_a-atexit.o)
                0x00406858                atexit
 .text.quorem   0x00406864      0x128 c:/program files (x86)/atmel/studio/7.0/toolchain/arm/arm-gnu-toolchain/bin/../lib/gcc/arm-none-eabi/5.3.1/../../../../arm-none-eabi/lib/armv7e-m\libc.a(lib_a-dtoa.o)
 *fill*         0x0040698c        0x4 
 .text._dtoa_r  0x00406990      0xe58 c:/program files (x86)/atmel/studio/7.0/toolchain/arm/arm-gnu-toolchain/bin/../lib/gcc/arm-none-eabi/5.3.1/../../../../arm-none-eabi/lib/armv7e-m\libc.a(lib_a-dtoa.o)
                0x00406990                _dtoa_r
 .text.__sflush_r
                0x004077e8      0x148 c:/program files (x86)/atmel/studio/7.0/toolchain/arm/arm-gnu-toolchain/bin/../lib/gcc/arm-none-eabi/5.3.1/../../../../arm-none-eabi/lib/armv7e-m\libc.a(lib_a-fflush.o)
                0x004077e8                __sflush_r
 .text._fflush_r
                0x00407930       0x2c c:/program files (x86)/atmel/studio/7.0/toolchain/arm/arm-gnu-toolchain/bin/../lib/gcc/arm-none-eabi/5.3.1/../../../../arm-none-eabi/lib/armv7e-m\libc.a(lib_a-fflush.o)
                0x00407930                _fflush_r
 .text._cleanup_r
                0x0040795c        0xc c:/program files (x86)/atmel/studio/7.0/toolchain/arm/arm-gnu-toolchain/bin/../lib/gcc/arm-none-eabi/5.3.1/../../../../arm-none-eabi/lib/armv7e-m\libc.a(lib_a-findfp.o)
                0x0040795c                _cleanup_r
 .text.__sinit.part.1
                0x00407968       0xf0 c:/program files (x86)/atmel/studio/7.0/toolchain/arm/arm-gnu-toolchain/bin/../lib/gcc/arm-none-eabi/5.3.1/../../../../arm-none-eabi/lib/armv7e-m\libc.a(lib_a-findfp.o)
 .text.__sinit  0x00407a58        0xc c:/program files (x86)/atmel/studio/7.0/toolchain/arm/arm-gnu-toolchain/bin/../lib/gcc/arm-none-eabi/5.3.1/../../../../arm-none-eabi/lib/armv7e-m\libc.a(lib_a-findfp.o)
                0x00407a58                __sinit
 .text.__sfp_lock_acquire
                0x00407a64        0x4 c:/program files (x86)/atmel/studio/7.0/toolchain/arm/arm-gnu-toolchain/bin/../lib/gcc/arm-none-eabi/5.3.1/../../../../arm-none-eabi/lib/armv7e-m\libc.a(lib_a-findfp.o)
                0x00407a64                __sfp_lock_acquire
 .text.__sfp_lock_release
                0x00407a68        0x4 c:/program files (x86)/atmel/studio/7.0/toolchain/arm/arm-gnu-toolchain/bin/../lib/gcc/arm-none-eabi/5.3.1/../../../../arm-none-eabi/lib/armv7e-m\libc.a(lib_a-findfp.o)
                0x00407a68                __sfp_lock_release
 .text.__libc_fini_array
                0x00407a6c       0x28 c:/program files (x86)/atmel/studio/7.0/toolchain/arm/arm-gnu-toolchain/bin/../lib/gcc/arm-none-eabi/5.3.1/../../../../arm-none-eabi/lib/armv7e-m\libc.a(lib_a-fini.o)
                0x00407a6c                __libc_fini_array
 .text.__fputwc
                0x00407a94       0x98 c:/program files (x86)/atmel/studio/7.0/toolchain/arm/arm-gnu-toolchain/bin/../lib/gcc/arm-none-eabi/5.3.1/../../../../arm-none-eabi/lib/armv7e-m\libc.a(lib_a-fputwc.o)
                0x00407a94                __fputwc
 .text._fputwc_r
                0x00407b2c       0x24 c:/program files (x86)/atmel/studio/7.0/toolchain/arm/arm-gnu-toolchain/bin/../lib/gcc/arm-none-eabi/5.3.1/../../../../arm-none-eabi/lib/armv7e-m\libc.a(lib_a-fputwc.o)
                0x00407b2c                _fputwc_r
 .text._malloc_trim_r
                0x00407b50       0x9c c:/program files (x86)/atmel/studio/7.0/toolchain/arm/arm-gnu-toolchain/bin/../lib/gcc/arm-none-eabi/5.3.1/../../../../arm-none-eabi/lib/armv7e-m\libc.a(lib_a-freer.o)
                0x00407b50                _malloc_trim_r
 .text._free_r  0x00407bec      0x1d0 c:/program files (x86)/atmel/studio/7.0/toolchain/arm/arm-gnu-toolchain/bin/../lib/gcc/arm-none-eabi/5.3.1/../../../../arm-none-eabi/lib/armv7e-m\libc.a(lib_a-freer.o)
                0x00407bec                _free_r
 .text.__sfvwrite_r
                0x00407dbc      0x304 c:/program files (x86)/atmel/studio/7.0/toolchain/arm/arm-gnu-toolchain/bin/../lib/gcc/arm-none-eabi/5.3.1/../../../../arm-none-eabi/lib/armv7e-m\libc.a(lib_a-fvwrite.o)
                0x00407dbc                __sfvwrite_r
 .text._fwalk_reent
                0x004080c0       0x54 c:/program files (x86)/atmel/studio/7.0/toolchain/arm/arm-gnu-toolchain/bin/../lib/gcc/arm-none-eabi/5.3.1/../../../../arm-none-eabi/lib/armv7e-m\libc.a(lib_a-fwalk.o)
                0x004080c0                _fwalk_reent
 .text.__locale_charset
                0x00408114        0x8 c:/program files (x86)/atmel/studio/7.0/toolchain/arm/arm-gnu-toolchain/bin/../lib/gcc/arm-none-eabi/5.3.1/../../../../arm-none-eabi/lib/armv7e-m\libc.a(lib_a-locale.o)
                0x00408114                __locale_charset
 .text.__locale_mb_cur_max
                0x0040811c        0xc c:/program files (x86)/atmel/studio/7.0/toolchain/arm/arm-gnu-toolchain/bin/../lib/gcc/arm-none-eabi/5.3.1/../../../../arm-none-eabi/lib/armv7e-m\libc.a(lib_a-locale.o)
                0x0040811c                __locale_mb_cur_max
 .text._localeconv_r
                0x00408128        0x8 c:/program files (x86)/atmel/studio/7.0/toolchain/arm/arm-gnu-toolchain/bin/../lib/gcc/arm-none-eabi/5.3.1/../../../../arm-none-eabi/lib/armv7e-m\libc.a(lib_a-locale.o)
                0x00408128                _localeconv_r
 .text.__swhatbuf_r
                0x00408130       0x60 c:/program files (x86)/atmel/studio/7.0/toolchain/arm/arm-gnu-toolchain/bin/../lib/gcc/arm-none-eabi/5.3.1/../../../../arm-none-eabi/lib/armv7e-m\libc.a(lib_a-makebuf.o)
                0x00408130                __swhatbuf_r
 .text.__smakebuf_r
                0x00408190       0x88 c:/program files (x86)/atmel/studio/7.0/toolchain/arm/arm-gnu-toolchain/bin/../lib/gcc/arm-none-eabi/5.3.1/../../../../arm-none-eabi/lib/armv7e-m\libc.a(lib_a-makebuf.o)
                0x00408190                __smakebuf_r
 .text.malloc   0x00408218       0x10 c:/program files (x86)/atmel/studio/7.0/toolchain/arm/arm-gnu-toolchain/bin/../lib/gcc/arm-none-eabi/5.3.1/../../../../arm-none-eabi/lib/armv7e-m\libc.a(lib_a-malloc.o)
                0x00408218                malloc
 .text._malloc_r
                0x00408228      0x570 c:/program files (x86)/atmel/studio/7.0/toolchain/arm/arm-gnu-toolchain/bin/../lib/gcc/arm-none-eabi/5.3.1/../../../../arm-none-eabi/lib/armv7e-m\libc.a(lib_a-mallocr.o)
                0x00408228                _malloc_r
 *fill*         0x00408798        0x8 
 .text          0x004087a0       0xa0 c:/program files (x86)/atmel/studio/7.0/toolchain/arm/arm-gnu-toolchain/bin/../lib/gcc/arm-none-eabi/5.3.1/../../../../arm-none-eabi/lib/armv7e-m\libc.a(lib_a-memchr.o)
                0x004087a0                memchr
 .text.memmove  0x00408840       0xc8 c:/program files (x86)/atmel/studio/7.0/toolchain/arm/arm-gnu-toolchain/bin/../lib/gcc/arm-none-eabi/5.3.1/../../../../arm-none-eabi/lib/armv7e-m\libc.a(lib_a-memmove.o)
                0x00408840                memmove
 .text.__malloc_lock
                0x00408908        0x4 c:/program files (x86)/atmel/studio/7.0/toolchain/arm/arm-gnu-toolchain/bin/../lib/gcc/arm-none-eabi/5.3.1/../../../../arm-none-eabi/lib/armv7e-m\libc.a(lib_a-mlock.o)
                0x00408908                __malloc_lock
 .text.__malloc_unlock
                0x0040890c        0x4 c:/program files (x86)/atmel/studio/7.0/toolchain/arm/arm-gnu-toolchain/bin/../lib/gcc/arm-none-eabi/5.3.1/../../../../arm-none-eabi/lib/armv7e-m\libc.a(lib_a-mlock.o)
                0x0040890c                __malloc_unlock
 .text._Balloc  0x00408910       0x4c c:/program files (x86)/atmel/studio/7.0/toolchain/arm/arm-gnu-toolchain/bin/../lib/gcc/arm-none-eabi/5.3.1/../../../../arm-none-eabi/lib/armv7e-m\libc.a(lib_a-mprec.o)
                0x00408910                _Balloc
 .text._Bfree   0x0040895c       0x14 c:/program files (x86)/atmel/studio/7.0/toolchain/arm/arm-gnu-toolchain/bin/../lib/gcc/arm-none-eabi/5.3.1/../../../../arm-none-eabi/lib/armv7e-m\libc.a(lib_a-mprec.o)
                0x0040895c                _Bfree
 .text.__multadd
                0x00408970       0x80 c:/program files (x86)/atmel/studio/7.0/toolchain/arm/arm-gnu-toolchain/bin/../lib/gcc/arm-none-eabi/5.3.1/../../../../arm-none-eabi/lib/armv7e-m\libc.a(lib_a-mprec.o)
                0x00408970                __multadd
 .text.__hi0bits
                0x004089f0       0x40 c:/program files (x86)/atmel/studio/7.0/toolchain/arm/arm-gnu-toolchain/bin/../lib/gcc/arm-none-eabi/5.3.1/../../../../arm-none-eabi/lib/armv7e-m\libc.a(lib_a-mprec.o)
                0x004089f0                __hi0bits
 .text.__lo0bits
                0x00408a30       0x5c c:/program files (x86)/atmel/studio/7.0/toolchain/arm/arm-gnu-toolchain/bin/../lib/gcc/arm-none-eabi/5.3.1/../../../../arm-none-eabi/lib/armv7e-m\libc.a(lib_a-mprec.o)
                0x00408a30                __lo0bits
 .text.__i2b    0x00408a8c       0x14 c:/program files (x86)/atmel/studio/7.0/toolchain/arm/arm-gnu-toolchain/bin/../lib/gcc/arm-none-eabi/5.3.1/../../../../arm-none-eabi/lib/armv7e-m\libc.a(lib_a-mprec.o)
                0x00408a8c                __i2b
 .text.__multiply
                0x00408aa0      0x130 c:/program files (x86)/atmel/studio/7.0/toolchain/arm/arm-gnu-toolchain/bin/../lib/gcc/arm-none-eabi/5.3.1/../../../../arm-none-eabi/lib/armv7e-m\libc.a(lib_a-mprec.o)
                0x00408aa0                __multiply
 .text.__pow5mult
                0x00408bd0       0xa0 c:/program files (x86)/atmel/studio/7.0/toolchain/arm/arm-gnu-toolchain/bin/../lib/gcc/arm-none-eabi/5.3.1/../../../../arm-none-eabi/lib/armv7e-m\libc.a(lib_a-mprec.o)
                0x00408bd0                __pow5mult
 .text.__lshift
                0x00408c70       0xb0 c:/program files (x86)/atmel/studio/7.0/toolchain/arm/arm-gnu-toolchain/bin/../lib/gcc/arm-none-eabi/5.3.1/../../../../arm-none-eabi/lib/armv7e-m\libc.a(lib_a-mprec.o)
                0x00408c70                __lshift
 .text.__mcmp   0x00408d20       0x40 c:/program files (x86)/atmel/studio/7.0/toolchain/arm/arm-gnu-toolchain/bin/../lib/gcc/arm-none-eabi/5.3.1/../../../../arm-none-eabi/lib/armv7e-m\libc.a(lib_a-mprec.o)
                0x00408d20                __mcmp
 .text.__mdiff  0x00408d60      0x114 c:/program files (x86)/atmel/studio/7.0/toolchain/arm/arm-gnu-toolchain/bin/../lib/gcc/arm-none-eabi/5.3.1/../../../../arm-none-eabi/lib/armv7e-m\libc.a(lib_a-mprec.o)
                0x00408d60                __mdiff
 .text.__d2b    0x00408e74       0xb8 c:/program files (x86)/atmel/studio/7.0/toolchain/arm/arm-gnu-toolchain/bin/../lib/gcc/arm-none-eabi/5.3.1/../../../../arm-none-eabi/lib/armv7e-m\libc.a(lib_a-mprec.o)
                0x00408e74                __d2b
 .text._realloc_r
                0x00408f2c      0x3e0 c:/program files (x86)/atmel/studio/7.0/toolchain/arm/arm-gnu-toolchain/bin/../lib/gcc/arm-none-eabi/5.3.1/../../../../arm-none-eabi/lib/armv7e-m\libc.a(lib_a-reallocr.o)
                0x00408f2c                _realloc_r
 .text._sbrk_r  0x0040930c       0x24 c:/program files (x86)/atmel/studio/7.0/toolchain/arm/arm-gnu-toolchain/bin/../lib/gcc/arm-none-eabi/5.3.1/../../../../arm-none-eabi/lib/armv7e-m\libc.a(lib_a-sbrkr.o)
                0x0040930c                _sbrk_r
 .text.__sread  0x00409330       0x24 c:/program files (x86)/atmel/studio/7.0/toolchain/arm/arm-gnu-toolchain/bin/../lib/gcc/arm-none-eabi/5.3.1/../../../../arm-none-eabi/lib/armv7e-m\libc.a(lib_a-stdio.o)
                0x00409330                __sread
 .text.__swrite
                0x00409354       0x3c c:/program files (x86)/atmel/studio/7.0/toolchain/arm/arm-gnu-toolchain/bin/../lib/gcc/arm-none-eabi/5.3.1/../../../../arm-none-eabi/lib/armv7e-m\libc.a(lib_a-stdio.o)
                0x00409354                __swrite
 .text.__sseek  0x00409390       0x20 c:/program files (x86)/atmel/studio/7.0/toolchain/arm/arm-gnu-toolchain/bin/../lib/gcc/arm-none-eabi/5.3.1/../../../../arm-none-eabi/lib/armv7e-m\libc.a(lib_a-stdio.o)
                0x00409390                __sseek
 .text.__sclose
                0x004093b0        0x8 c:/program files (x86)/atmel/studio/7.0/toolchain/arm/arm-gnu-toolchain/bin/../lib/gcc/arm-none-eabi/5.3.1/../../../../arm-none-eabi/lib/armv7e-m\libc.a(lib_a-stdio.o)
                0x004093b0                __sclose
 *fill*         0x004093b8        0x8 
 .text          0x004093c0       0xdc c:/program files (x86)/atmel/studio/7.0/toolchain/arm/arm-gnu-toolchain/bin/../lib/gcc/arm-none-eabi/5.3.1/../../../../arm-none-eabi/lib/armv7e-m\libc.a(lib_a-strlen.o)
                0x004093c0                strlen
 .text.__ssprint_r
                0x0040949c      0x100 c:/program files (x86)/atmel/studio/7.0/toolchain/arm/arm-gnu-toolchain/bin/../lib/gcc/arm-none-eabi/5.3.1/../../../../arm-none-eabi/lib/armv7e-m\libc.a(lib_a-svfiprintf.o)
                0x0040949c                __ssprint_r
 .text.__swbuf_r
                0x0040959c       0xac c:/program files (x86)/atmel/studio/7.0/toolchain/arm/arm-gnu-toolchain/bin/../lib/gcc/arm-none-eabi/5.3.1/../../../../arm-none-eabi/lib/armv7e-m\libc.a(lib_a-wbuf.o)
                0x0040959c                __swbuf_r
 .text._wcrtomb_r
                0x00409648       0x54 c:/program files (x86)/atmel/studio/7.0/toolchain/arm/arm-gnu-toolchain/bin/../lib/gcc/arm-none-eabi/5.3.1/../../../../arm-none-eabi/lib/armv7e-m\libc.a(lib_a-wcrtomb.o)
                0x00409648                _wcrtomb_r
 .text.__ascii_wctomb
                0x0040969c       0x1c c:/program files (x86)/atmel/studio/7.0/toolchain/arm/arm-gnu-toolchain/bin/../lib/gcc/arm-none-eabi/5.3.1/../../../../arm-none-eabi/lib/armv7e-m\libc.a(lib_a-wctomb_r.o)
                0x0040969c                __ascii_wctomb
 .text._write_r
                0x004096b8       0x2c c:/program files (x86)/atmel/studio/7.0/toolchain/arm/arm-gnu-toolchain/bin/../lib/gcc/arm-none-eabi/5.3.1/../../../../arm-none-eabi/lib/armv7e-m\libc.a(lib_a-writer.o)
                0x004096b8                _write_r
 .text.__register_exitproc
                0x004096e4       0xa4 c:/program files (x86)/atmel/studio/7.0/toolchain/arm/arm-gnu-toolchain/bin/../lib/gcc/arm-none-eabi/5.3.1/../../../../arm-none-eabi/lib/armv7e-m\libc.a(lib_a-__atexit.o)
                0x004096e4                __register_exitproc
 .text._calloc_r
                0x00409788       0x60 c:/program files (x86)/atmel/studio/7.0/toolchain/arm/arm-gnu-toolchain/bin/../lib/gcc/arm-none-eabi/5.3.1/../../../../arm-none-eabi/lib/armv7e-m\libc.a(lib_a-callocr.o)
                0x00409788                _calloc_r
 .text._close_r
                0x004097e8       0x24 c:/program files (x86)/atmel/studio/7.0/toolchain/arm/arm-gnu-toolchain/bin/../lib/gcc/arm-none-eabi/5.3.1/../../../../arm-none-eabi/lib/armv7e-m\libc.a(lib_a-closer.o)
                0x004097e8                _close_r
 .text._fclose_r
                0x0040980c       0x84 c:/program files (x86)/atmel/studio/7.0/toolchain/arm/arm-gnu-toolchain/bin/../lib/gcc/arm-none-eabi/5.3.1/../../../../arm-none-eabi/lib/armv7e-m\libc.a(lib_a-fclose.o)
                0x0040980c                _fclose_r
 .text._fstat_r
                0x00409890       0x28 c:/program files (x86)/atmel/studio/7.0/toolchain/arm/arm-gnu-toolchain/bin/../lib/gcc/arm-none-eabi/5.3.1/../../../../arm-none-eabi/lib/armv7e-m\libc.a(lib_a-fstatr.o)
                0x00409890                _fstat_r
 .text._isatty_r
                0x004098b8       0x24 c:/program files (x86)/atmel/studio/7.0/toolchain/arm/arm-gnu-toolchain/bin/../lib/gcc/arm-none-eabi/5.3.1/../../../../arm-none-eabi/lib/armv7e-m\libc.a(lib_a-isattyr.o)
                0x004098b8                _isatty_r
 .text._lseek_r
                0x004098dc       0x2c c:/program files (x86)/atmel/studio/7.0/toolchain/arm/arm-gnu-toolchain/bin/../lib/gcc/arm-none-eabi/5.3.1/../../../../arm-none-eabi/lib/armv7e-m\libc.a(lib_a-lseekr.o)
                0x004098dc                _lseek_r
 .text._read_r  0x00409908       0x2c c:/program files (x86)/atmel/studio/7.0/toolchain/arm/arm-gnu-toolchain/bin/../lib/gcc/arm-none-eabi/5.3.1/../../../../arm-none-eabi/lib/armv7e-m\libc.a(lib_a-readr.o)
                0x00409908                _read_r
 .text          0x00409934       0x30 c:/program files (x86)/atmel/studio/7.0/toolchain/arm/arm-gnu-toolchain/bin/../lib/gcc/arm-none-eabi/5.3.1/armv7e-m\libgcc.a(_aeabi_uldivmod.o)
                0x00409934                __aeabi_uldivmod
 .text          0x00409964      0x2e4 c:/program files (x86)/atmel/studio/7.0/toolchain/arm/arm-gnu-toolchain/bin/../lib/gcc/arm-none-eabi/5.3.1/armv7e-m\libgcc.a(_udivmoddi4.o)
                0x00409964                __udivmoddi4
 .text          0x00409c48        0x4 c:/program files (x86)/atmel/studio/7.0/toolchain/arm/arm-gnu-toolchain/bin/../lib/gcc/arm-none-eabi/5.3.1/armv7e-m\libgcc.a(_dvmd_tls.o)
                0x00409c48                __aeabi_idiv0
                0x00409c48                __aeabi_ldiv0
 *(.glue_7t)
 .glue_7t       0x00409c4c        0x0 linker stubs
 *(.glue_7)
 .glue_7        0x00409c4c        0x0 linker stubs
 *(.rodata .rodata* .gnu.linkonce.r.*)
 .rodata        0x00409c4c      0x157 src/main.o
 *fill*         0x00409da3        0x1 
 .rodata.str1.4
                0x00409da4        0x5 c:/program files (x86)/atmel/studio/7.0/toolchain/arm/arm-gnu-toolchain/bin/../lib/gcc/arm-none-eabi/5.3.1/../../../../arm-none-eabi/lib/armv7e-m\libm.a(lib_a-w_sqrt.o)
 *fill*         0x00409da9        0x3 
 .rodata.str1.4
                0x00409dac        0x2 c:/program files (x86)/atmel/studio/7.0/toolchain/arm/arm-gnu-toolchain/bin/../lib/gcc/arm-none-eabi/5.3.1/../../../../arm-none-eabi/lib/armv7e-m\libc.a(lib_a-impure.o)
 *fill*         0x00409dae        0x2 
 .rodata._global_impure_ptr
                0x00409db0        0x4 c:/program files (x86)/atmel/studio/7.0/toolchain/arm/arm-gnu-toolchain/bin/../lib/gcc/arm-none-eabi/5.3.1/../../../../arm-none-eabi/lib/armv7e-m\libc.a(lib_a-impure.o)
                0x00409db0                _global_impure_ptr
 .rodata.zeroes.7035
                0x00409db4       0x10 c:/program files (x86)/atmel/studio/7.0/toolchain/arm/arm-gnu-toolchain/bin/../lib/gcc/arm-none-eabi/5.3.1/../../../../arm-none-eabi/lib/armv7e-m\libc.a(lib_a-svfprintf.o)
 .rodata.str1.4
                0x00409dc4       0x42 c:/program files (x86)/atmel/studio/7.0/toolchain/arm/arm-gnu-toolchain/bin/../lib/gcc/arm-none-eabi/5.3.1/../../../../arm-none-eabi/lib/armv7e-m\libc.a(lib_a-svfprintf.o)
 *fill*         0x00409e06        0x2 
 .rodata.blanks.7034
                0x00409e08       0x10 c:/program files (x86)/atmel/studio/7.0/toolchain/arm/arm-gnu-toolchain/bin/../lib/gcc/arm-none-eabi/5.3.1/../../../../arm-none-eabi/lib/armv7e-m\libc.a(lib_a-svfprintf.o)
 .rodata.zeroes.6993
                0x00409e18       0x10 c:/program files (x86)/atmel/studio/7.0/toolchain/arm/arm-gnu-toolchain/bin/../lib/gcc/arm-none-eabi/5.3.1/../../../../arm-none-eabi/lib/armv7e-m\libc.a(lib_a-vfiprintf.o)
 .rodata.str1.4
                0x00409e28       0x2f c:/program files (x86)/atmel/studio/7.0/toolchain/arm/arm-gnu-toolchain/bin/../lib/gcc/arm-none-eabi/5.3.1/../../../../arm-none-eabi/lib/armv7e-m\libc.a(lib_a-vfiprintf.o)
 .rodata.blanks.6992
                0x00409e28       0x10 c:/program files (x86)/atmel/studio/7.0/toolchain/arm/arm-gnu-toolchain/bin/../lib/gcc/arm-none-eabi/5.3.1/../../../../arm-none-eabi/lib/armv7e-m\libc.a(lib_a-vfiprintf.o)
 .rodata.str1.4
                0x00409e38       0x10 c:/program files (x86)/atmel/studio/7.0/toolchain/arm/arm-gnu-toolchain/bin/../lib/gcc/arm-none-eabi/5.3.1/../../../../arm-none-eabi/lib/armv7e-m\libc.a(lib_a-dtoa.o)
                                 0x12 (size before relaxing)
 .rodata.str1.4
                0x00409e48        0xc c:/program files (x86)/atmel/studio/7.0/toolchain/arm/arm-gnu-toolchain/bin/../lib/gcc/arm-none-eabi/5.3.1/../../../../arm-none-eabi/lib/armv7e-m\libc.a(lib_a-locale.o)
                                 0x12 (size before relaxing)
 *fill*         0x00409e54        0x4 
 .rodata.__mprec_tens
                0x00409e58       0xc8 c:/program files (x86)/atmel/studio/7.0/toolchain/arm/arm-gnu-toolchain/bin/../lib/gcc/arm-none-eabi/5.3.1/../../../../arm-none-eabi/lib/armv7e-m\libc.a(lib_a-mprec.o)
                0x00409e58                __mprec_tens
 .rodata.__mprec_bigtens
                0x00409f20       0x28 c:/program files (x86)/atmel/studio/7.0/toolchain/arm/arm-gnu-toolchain/bin/../lib/gcc/arm-none-eabi/5.3.1/../../../../arm-none-eabi/lib/armv7e-m\libc.a(lib_a-mprec.o)
                0x00409f20                __mprec_bigtens
 .rodata.p05.5373
                0x00409f48        0xc c:/program files (x86)/atmel/studio/7.0/toolchain/arm/arm-gnu-toolchain/bin/../lib/gcc/arm-none-eabi/5.3.1/../../../../arm-none-eabi/lib/armv7e-m\libc.a(lib_a-mprec.o)
 *(.ARM.extab* .gnu.linkonce.armextab.*)
                0x00409f54                . = ALIGN (0x4)
 *(.init)
 .init          0x00409f54        0x4 c:/program files (x86)/atmel/studio/7.0/toolchain/arm/arm-gnu-toolchain/bin/../lib/gcc/arm-none-eabi/5.3.1/armv7e-m/crti.o
                0x00409f54                _init
 .init          0x00409f58        0x8 c:/program files (x86)/atmel/studio/7.0/toolchain/arm/arm-gnu-toolchain/bin/../lib/gcc/arm-none-eabi/5.3.1/armv7e-m/crtn.o
                0x00409f60                . = ALIGN (0x4)
                0x00409f60                __preinit_array_start = .
 *(.preinit_array)
                0x00409f60                __preinit_array_end = .
                0x00409f60                . = ALIGN (0x4)
                0x00409f60                __init_array_start = .
 *(SORT(.init_array.*))
 .init_array.00000
                0x00409f60        0x4 c:/program files (x86)/atmel/studio/7.0/toolchain/arm/arm-gnu-toolchain/bin/../lib/gcc/arm-none-eabi/5.3.1/../../../../arm-none-eabi/lib/armv7e-m\libc.a(lib_a-__call_atexit.o)
 *(.init_array)
 .init_array    0x00409f64        0x4 c:/program files (x86)/atmel/studio/7.0/toolchain/arm/arm-gnu-toolchain/bin/../lib/gcc/arm-none-eabi/5.3.1/armv7e-m/crtbegin.o
                0x00409f68                __init_array_end = .
                0x00409f68                . = ALIGN (0x4)
 *crtbegin.o(.ctors)
 *(EXCLUDE_FILE(*crtend.o) .ctors)
 *(SORT(.ctors.*))
 *crtend.o(.ctors)
                0x00409f68                . = ALIGN (0x4)
 *(.fini)
 .fini          0x00409f68        0x4 c:/program files (x86)/atmel/studio/7.0/toolchain/arm/arm-gnu-toolchain/bin/../lib/gcc/arm-none-eabi/5.3.1/armv7e-m/crti.o
                0x00409f68                _fini
 .fini          0x00409f6c        0x8 c:/program files (x86)/atmel/studio/7.0/toolchain/arm/arm-gnu-toolchain/bin/../lib/gcc/arm-none-eabi/5.3.1/armv7e-m/crtn.o
                0x00409f74                . = ALIGN (0x4)
                0x00409f74                __fini_array_start = .
 *(.fini_array)
 .fini_array    0x00409f74        0x4 c:/program files (x86)/atmel/studio/7.0/toolchain/arm/arm-gnu-toolchain/bin/../lib/gcc/arm-none-eabi/5.3.1/armv7e-m/crtbegin.o
 *(SORT(.fini_array.*))
                0x00409f78                __fini_array_end = .
 *crtbegin.o(.dtors)
 *(EXCLUDE_FILE(*crtend.o) .dtors)
 *(SORT(.dtors.*))
 *crtend.o(.dtors)
                0x00409f78                . = ALIGN (0x4)
                0x00409f78                _efixed = .
                [!provide]                PROVIDE (__exidx_start, .)

.vfp11_veneer   0x00409f78        0x0
 .vfp11_veneer  0x00409f78        0x0 linker stubs

.v4_bx          0x00409f78        0x0
 .v4_bx         0x00409f78        0x0 linker stubs

.iplt           0x00409f78        0x0
 .iplt          0x00409f78        0x0 c:/program files (x86)/atmel/studio/7.0/toolchain/arm/arm-gnu-toolchain/bin/../lib/gcc/arm-none-eabi/5.3.1/armv7e-m/crtbegin.o

.ARM.exidx      0x00409f78        0x8
 *(.ARM.exidx* .gnu.linkonce.armexidx.*)
 .ARM.exidx     0x00409f78        0x8 c:/program files (x86)/atmel/studio/7.0/toolchain/arm/arm-gnu-toolchain/bin/../lib/gcc/arm-none-eabi/5.3.1/armv7e-m\libgcc.a(_udivmoddi4.o)
                [!provide]                PROVIDE (__exidx_end, .)

.eh_frame       0x00409f80        0x0
 .eh_frame      0x00409f80        0x0 c:/program files (x86)/atmel/studio/7.0/toolchain/arm/arm-gnu-toolchain/bin/../lib/gcc/arm-none-eabi/5.3.1/armv7e-m/crtbegin.o

.rel.dyn        0x00409f80        0x0
 .rel.iplt      0x00409f80        0x0 c:/program files (x86)/atmel/studio/7.0/toolchain/arm/arm-gnu-toolchain/bin/../lib/gcc/arm-none-eabi/5.3.1/armv7e-m/crtbegin.o

.jcr            0x00409f80        0x0
 .jcr           0x00409f80        0x0 c:/program files (x86)/atmel/studio/7.0/toolchain/arm/arm-gnu-toolchain/bin/../lib/gcc/arm-none-eabi/5.3.1/armv7e-m/crtbegin.o

.igot.plt       0x00409f80        0x0
 .igot.plt      0x00409f80        0x0 c:/program files (x86)/atmel/studio/7.0/toolchain/arm/arm-gnu-toolchain/bin/../lib/gcc/arm-none-eabi/5.3.1/armv7e-m/crtbegin.o
                0x00409f80                . = ALIGN (0x4)
                0x00409f80                _etext = .

.relocate       0x20400000      0x8ac load address 0x00409f80
                0x20400000                . = ALIGN (0x4)
                0x20400000                _srelocate = .
 *(.ramfunc .ramfunc.*)
 *(.data .data.*)
 .data.g_interrupt_enabled
                0x20400000        0x1 src/ASF/common/utils/interrupt/interrupt_sam_nvic.o
                0x20400000                g_interrupt_enabled
 *fill*         0x20400001        0x3 
 .data.SystemCoreClock
                0x20400004        0x4 src/ASF/sam/utils/cmsis/same70/source/templates/system_same70.o
                0x20400004                SystemCoreClock
 .data.__fdlib_version
                0x20400008        0x1 c:/program files (x86)/atmel/studio/7.0/toolchain/arm/arm-gnu-toolchain/bin/../lib/gcc/arm-none-eabi/5.3.1/../../../../arm-none-eabi/lib/armv7e-m\libm.a(lib_a-s_lib_ver.o)
                0x20400008                __fdlib_version
 *fill*         0x20400009        0x7 
 .data.impure_data
                0x20400010      0x428 c:/program files (x86)/atmel/studio/7.0/toolchain/arm/arm-gnu-toolchain/bin/../lib/gcc/arm-none-eabi/5.3.1/../../../../arm-none-eabi/lib/armv7e-m\libc.a(lib_a-impure.o)
 .data._impure_ptr
                0x20400438        0x4 c:/program files (x86)/atmel/studio/7.0/toolchain/arm/arm-gnu-toolchain/bin/../lib/gcc/arm-none-eabi/5.3.1/../../../../arm-none-eabi/lib/armv7e-m\libc.a(lib_a-impure.o)
                0x20400438                _impure_ptr
 .data.lconv    0x2040043c       0x38 c:/program files (x86)/atmel/studio/7.0/toolchain/arm/arm-gnu-toolchain/bin/../lib/gcc/arm-none-eabi/5.3.1/../../../../arm-none-eabi/lib/armv7e-m\libc.a(lib_a-locale.o)
 .data.lc_ctype_charset
                0x20400474       0x20 c:/program files (x86)/atmel/studio/7.0/toolchain/arm/arm-gnu-toolchain/bin/../lib/gcc/arm-none-eabi/5.3.1/../../../../arm-none-eabi/lib/armv7e-m\libc.a(lib_a-locale.o)
 .data.__mb_cur_max
                0x20400494        0x4 c:/program files (x86)/atmel/studio/7.0/toolchain/arm/arm-gnu-toolchain/bin/../lib/gcc/arm-none-eabi/5.3.1/../../../../arm-none-eabi/lib/armv7e-m\libc.a(lib_a-locale.o)
                0x20400494                __mb_cur_max
 .data.__malloc_av_
                0x20400498      0x408 c:/program files (x86)/atmel/studio/7.0/toolchain/arm/arm-gnu-toolchain/bin/../lib/gcc/arm-none-eabi/5.3.1/../../../../arm-none-eabi/lib/armv7e-m\libc.a(lib_a-mallocr.o)
                0x20400498                __malloc_av_
 .data.__malloc_trim_threshold
                0x204008a0        0x4 c:/program files (x86)/atmel/studio/7.0/toolchain/arm/arm-gnu-toolchain/bin/../lib/gcc/arm-none-eabi/5.3.1/../../../../arm-none-eabi/lib/armv7e-m\libc.a(lib_a-mallocr.o)
                0x204008a0                __malloc_trim_threshold
 .data.__malloc_sbrk_base
                0x204008a4        0x4 c:/program files (x86)/atmel/studio/7.0/toolchain/arm/arm-gnu-toolchain/bin/../lib/gcc/arm-none-eabi/5.3.1/../../../../arm-none-eabi/lib/armv7e-m\libc.a(lib_a-mallocr.o)
                0x204008a4                __malloc_sbrk_base
 .data.__wctomb
                0x204008a8        0x4 c:/program files (x86)/atmel/studio/7.0/toolchain/arm/arm-gnu-toolchain/bin/../lib/gcc/arm-none-eabi/5.3.1/../../../../arm-none-eabi/lib/armv7e-m\libc.a(lib_a-wctomb_r.o)
                0x204008a8                __wctomb
                0x204008ac                . = ALIGN (0x4)
                0x204008ac                _erelocate = .

.bss            0x204008ac      0x284 load address 0x0040a82c
                0x204008ac                . = ALIGN (0x4)
                0x204008ac                _sbss = .
                0x204008ac                _szero = .
 *(.bss .bss.*)
 .bss           0x204008ac       0x1c c:/program files (x86)/atmel/studio/7.0/toolchain/arm/arm-gnu-toolchain/bin/../lib/gcc/arm-none-eabi/5.3.1/armv7e-m/crtbegin.o
 .bss.gs_interrupt_sources
                0x204008c8       0x70 src/ASF/sam/drivers/pio/pio_handler.o
 .bss.gs_ul_nb_sources
                0x20400938        0x4 src/ASF/sam/drivers/pio/pio_handler.o
 .bss.ul_reg_val.8198
                0x2040093c        0x4 src/ASF/sam/drivers/usart/usart.o
 .bss.heap.5289
                0x20400940        0x4 src/ASF/sam/utils/syscalls/gcc/syscalls.o
 .bss.new_mesuarement
                0x20400944       0xb8 src/main.o
                0x20400944                new_mesuarement
 .bss.soma      0x204009fc        0x4 src/main.o
                0x204009fc                soma
 .bss.__malloc_max_total_mem
                0x20400a00        0x4 c:/program files (x86)/atmel/studio/7.0/toolchain/arm/arm-gnu-toolchain/bin/../lib/gcc/arm-none-eabi/5.3.1/../../../../arm-none-eabi/lib/armv7e-m\libc.a(lib_a-mallocr.o)
                0x20400a00                __malloc_max_total_mem
 .bss.__malloc_max_sbrked_mem
                0x20400a04        0x4 c:/program files (x86)/atmel/studio/7.0/toolchain/arm/arm-gnu-toolchain/bin/../lib/gcc/arm-none-eabi/5.3.1/../../../../arm-none-eabi/lib/armv7e-m\libc.a(lib_a-mallocr.o)
                0x20400a04                __malloc_max_sbrked_mem
 .bss.__malloc_top_pad
                0x20400a08        0x4 c:/program files (x86)/atmel/studio/7.0/toolchain/arm/arm-gnu-toolchain/bin/../lib/gcc/arm-none-eabi/5.3.1/../../../../arm-none-eabi/lib/armv7e-m\libc.a(lib_a-mallocr.o)
                0x20400a08                __malloc_top_pad
 .bss.__malloc_current_mallinfo
                0x20400a0c       0x28 c:/program files (x86)/atmel/studio/7.0/toolchain/arm/arm-gnu-toolchain/bin/../lib/gcc/arm-none-eabi/5.3.1/../../../../arm-none-eabi/lib/armv7e-m\libc.a(lib_a-mallocr.o)
                0x20400a0c                __malloc_current_mallinfo
 *(COMMON)
 COMMON         0x20400a34        0x4 src/ASF/common/utils/stdio/read.o
                0x20400a34                ptr_get
 COMMON         0x20400a38        0x8 src/ASF/common/utils/stdio/write.o
                0x20400a38                ptr_put
                0x20400a3c                stdio_base
 COMMON         0x20400a40       0xec src/main.o
                0x20400a40                accYLow
                0x20400a44                new_accX
                0x20400a48                rangePerDigit
                0x20400a4c                accZHigh
                0x20400a4e                accZ
                0x20400a50                new_accY
                0x20400a54                accYHigh
                0x20400a55                rtn
                0x20400a56                accXLow
                0x20400a57                accZLow
                0x20400a58                bufferRX
                0x20400abc                accXHigh
                0x20400ac0                bufferTX
                0x20400b24                accY
                0x20400b26                accX
                0x20400b28                new_accZ
 COMMON         0x20400b2c        0x4 c:/program files (x86)/atmel/studio/7.0/toolchain/arm/arm-gnu-toolchain/bin/../lib/gcc/arm-none-eabi/5.3.1/../../../../arm-none-eabi/lib/armv7e-m\libc.a(lib_a-reent.o)
                0x20400b2c                errno
                0x20400b30                . = ALIGN (0x4)
                0x20400b30                _ebss = .
                0x20400b30                _ezero = .

.stack          0x20400b30     0x2000 load address 0x0040aab0
                0x20400b30                . = ALIGN (0x8)
                0x20400b30                _sstack = .
                0x20402b30                . = (. + STACK_SIZE)
 *fill*         0x20400b30     0x2000 
                0x20402b30                . = ALIGN (0x8)
                0x20402b30                _estack = .

.heap           0x20402b30      0x200 load address 0x0040cab0
                0x20402b30                . = ALIGN (0x8)
                0x20402b30                _sheap = .
                0x20402d30                . = (. + HEAP_SIZE)
 *fill*         0x20402b30      0x200 
                0x20402d30                . = ALIGN (0x8)
                0x20402d30                _eheap = .
                0x20402d30                . = ALIGN (0x4)
                0x20402d30                _end = .
                0x2045ffff                _ram_end_ = ((ORIGIN (ram) + LENGTH (ram)) - 0x1)
OUTPUT(REPS.elf elf32-littlearm)

.ARM.attributes
                0x00000000       0x2e
 .ARM.attributes
                0x00000000       0x1e c:/program files (x86)/atmel/studio/7.0/toolchain/arm/arm-gnu-toolchain/bin/../lib/gcc/arm-none-eabi/5.3.1/armv7e-m/crti.o
 .ARM.attributes
                0x0000001e       0x2e c:/program files (x86)/atmel/studio/7.0/toolchain/arm/arm-gnu-toolchain/bin/../lib/gcc/arm-none-eabi/5.3.1/armv7e-m/crtbegin.o
 .ARM.attributes
                0x0000004c       0x37 src/Driver/bluetooth.o
 .ARM.attributes
                0x00000083       0x37 src/Driver/mcu6050.o
 .ARM.attributes
                0x000000ba       0x37 src/ASF/common/services/clock/same70/sysclk.o
 .ARM.attributes
                0x000000f1       0x37 src/ASF/common/utils/interrupt/interrupt_sam_nvic.o
 .ARM.attributes
                0x00000128       0x37 src/ASF/common/utils/stdio/read.o
 .ARM.attributes
                0x0000015f       0x37 src/ASF/common/utils/stdio/write.o
 .ARM.attributes
                0x00000196       0x37 src/ASF/sam/boards/same70_xplained/init.o
 .ARM.attributes
                0x000001cd       0x37 src/ASF/sam/drivers/pio/pio.o
 .ARM.attributes
                0x00000204       0x37 src/ASF/sam/drivers/pio/pio_handler.o
 .ARM.attributes
                0x0000023b       0x37 src/ASF/sam/drivers/pmc/pmc.o
 .ARM.attributes
                0x00000272       0x37 src/ASF/sam/drivers/tc/tc.o
 .ARM.attributes
                0x000002a9       0x37 src/ASF/sam/drivers/twihs/twihs.o
 .ARM.attributes
                0x000002e0       0x37 src/ASF/sam/drivers/uart/uart.o
 .ARM.attributes
                0x00000317       0x37 src/ASF/sam/drivers/usart/usart.o
 .ARM.attributes
                0x0000034e       0x37 src/ASF/sam/utils/cmsis/same70/source/templates/gcc/startup_same70.o
 .ARM.attributes
                0x00000385       0x37 src/ASF/sam/utils/cmsis/same70/source/templates/system_same70.o
 .ARM.attributes
                0x000003bc       0x37 src/ASF/sam/utils/syscalls/gcc/syscalls.o
 .ARM.attributes
                0x000003f3       0x37 src/main.o
 .ARM.attributes
                0x0000042a       0x2e c:/program files (x86)/atmel/studio/7.0/toolchain/arm/arm-gnu-toolchain/bin/../lib/gcc/arm-none-eabi/5.3.1/../../../../arm-none-eabi/lib/armv7e-m\libm.a(lib_a-w_sqrt.o)
 .ARM.attributes
                0x00000458       0x2e c:/program files (x86)/atmel/studio/7.0/toolchain/arm/arm-gnu-toolchain/bin/../lib/gcc/arm-none-eabi/5.3.1/../../../../arm-none-eabi/lib/armv7e-m\libm.a(lib_a-e_sqrt.o)
 .ARM.attributes
                0x00000486       0x2e c:/program files (x86)/atmel/studio/7.0/toolchain/arm/arm-gnu-toolchain/bin/../lib/gcc/arm-none-eabi/5.3.1/../../../../arm-none-eabi/lib/armv7e-m\libm.a(lib_a-s_lib_ver.o)
 .ARM.attributes
                0x000004b4       0x2e c:/program files (x86)/atmel/studio/7.0/toolchain/arm/arm-gnu-toolchain/bin/../lib/gcc/arm-none-eabi/5.3.1/../../../../arm-none-eabi/lib/armv7e-m\libm.a(lib_a-s_matherr.o)
 .ARM.attributes
                0x000004e2       0x1e c:/program files (x86)/atmel/studio/7.0/toolchain/arm/arm-gnu-toolchain/bin/../lib/gcc/arm-none-eabi/5.3.1/armv7e-m\libgcc.a(_arm_addsubdf3.o)
 .ARM.attributes
                0x00000500       0x1e c:/program files (x86)/atmel/studio/7.0/toolchain/arm/arm-gnu-toolchain/bin/../lib/gcc/arm-none-eabi/5.3.1/armv7e-m\libgcc.a(_arm_muldivdf3.o)
 .ARM.attributes
                0x0000051e       0x1e c:/program files (x86)/atmel/studio/7.0/toolchain/arm/arm-gnu-toolchain/bin/../lib/gcc/arm-none-eabi/5.3.1/armv7e-m\libgcc.a(_arm_cmpdf2.o)
 .ARM.attributes
                0x0000053c       0x1e c:/program files (x86)/atmel/studio/7.0/toolchain/arm/arm-gnu-toolchain/bin/../lib/gcc/arm-none-eabi/5.3.1/armv7e-m\libgcc.a(_arm_unorddf2.o)
 .ARM.attributes
                0x0000055a       0x1e c:/program files (x86)/atmel/studio/7.0/toolchain/arm/arm-gnu-toolchain/bin/../lib/gcc/arm-none-eabi/5.3.1/armv7e-m\libgcc.a(_arm_fixdfsi.o)
 .ARM.attributes
                0x00000578       0x1e c:/program files (x86)/atmel/studio/7.0/toolchain/arm/arm-gnu-toolchain/bin/../lib/gcc/arm-none-eabi/5.3.1/armv7e-m\libgcc.a(_arm_truncdfsf2.o)
 .ARM.attributes
                0x00000596       0x2e c:/program files (x86)/atmel/studio/7.0/toolchain/arm/arm-gnu-toolchain/bin/../lib/gcc/arm-none-eabi/5.3.1/../../../../arm-none-eabi/lib/armv7e-m\libc.a(lib_a-errno.o)
 .ARM.attributes
                0x000005c4       0x2e c:/program files (x86)/atmel/studio/7.0/toolchain/arm/arm-gnu-toolchain/bin/../lib/gcc/arm-none-eabi/5.3.1/../../../../arm-none-eabi/lib/armv7e-m\libc.a(lib_a-impure.o)
 .ARM.attributes
                0x000005f2       0x2e c:/program files (x86)/atmel/studio/7.0/toolchain/arm/arm-gnu-toolchain/bin/../lib/gcc/arm-none-eabi/5.3.1/../../../../arm-none-eabi/lib/armv7e-m\libc.a(lib_a-init.o)
 .ARM.attributes
                0x00000620       0x2e c:/program files (x86)/atmel/studio/7.0/toolchain/arm/arm-gnu-toolchain/bin/../lib/gcc/arm-none-eabi/5.3.1/../../../../arm-none-eabi/lib/armv7e-m\libc.a(lib_a-iprintf.o)
 .ARM.attributes
                0x0000064e       0x1c c:/program files (x86)/atmel/studio/7.0/toolchain/arm/arm-gnu-toolchain/bin/../lib/gcc/arm-none-eabi/5.3.1/../../../../arm-none-eabi/lib/armv7e-m\libc.a(lib_a-memcpy.o)
 .ARM.attributes
                0x0000066a       0x2e c:/program files (x86)/atmel/studio/7.0/toolchain/arm/arm-gnu-toolchain/bin/../lib/gcc/arm-none-eabi/5.3.1/../../../../arm-none-eabi/lib/armv7e-m\libc.a(lib_a-memset.o)
 .ARM.attributes
                0x00000698       0x2e c:/program files (x86)/atmel/studio/7.0/toolchain/arm/arm-gnu-toolchain/bin/../lib/gcc/arm-none-eabi/5.3.1/../../../../arm-none-eabi/lib/armv7e-m\libc.a(lib_a-setbuf.o)
 .ARM.attributes
                0x000006c6       0x2e c:/program files (x86)/atmel/studio/7.0/toolchain/arm/arm-gnu-toolchain/bin/../lib/gcc/arm-none-eabi/5.3.1/../../../../arm-none-eabi/lib/armv7e-m\libc.a(lib_a-setvbuf.o)
 .ARM.attributes
                0x000006f4       0x2e c:/program files (x86)/atmel/studio/7.0/toolchain/arm/arm-gnu-toolchain/bin/../lib/gcc/arm-none-eabi/5.3.1/../../../../arm-none-eabi/lib/armv7e-m\libc.a(lib_a-sprintf.o)
 .ARM.attributes
                0x00000722       0x2e c:/program files (x86)/atmel/studio/7.0/toolchain/arm/arm-gnu-toolchain/bin/../lib/gcc/arm-none-eabi/5.3.1/../../../../arm-none-eabi/lib/armv7e-m\libc.a(lib_a-svfprintf.o)
 .ARM.attributes
                0x00000750       0x2e c:/program files (x86)/atmel/studio/7.0/toolchain/arm/arm-gnu-toolchain/bin/../lib/gcc/arm-none-eabi/5.3.1/../../../../arm-none-eabi/lib/armv7e-m\libc.a(lib_a-vfiprintf.o)
 .ARM.attributes
                0x0000077e       0x2e c:/program files (x86)/atmel/studio/7.0/toolchain/arm/arm-gnu-toolchain/bin/../lib/gcc/arm-none-eabi/5.3.1/../../../../arm-none-eabi/lib/armv7e-m\libc.a(lib_a-wsetup.o)
 .ARM.attributes
                0x000007ac       0x2e c:/program files (x86)/atmel/studio/7.0/toolchain/arm/arm-gnu-toolchain/bin/../lib/gcc/arm-none-eabi/5.3.1/../../../../arm-none-eabi/lib/armv7e-m\libc.a(lib_a-__call_atexit.o)
 .ARM.attributes
                0x000007da       0x2e c:/program files (x86)/atmel/studio/7.0/toolchain/arm/arm-gnu-toolchain/bin/../lib/gcc/arm-none-eabi/5.3.1/../../../../arm-none-eabi/lib/armv7e-m\libc.a(lib_a-atexit.o)
 .ARM.attributes
                0x00000808       0x2e c:/program files (x86)/atmel/studio/7.0/toolchain/arm/arm-gnu-toolchain/bin/../lib/gcc/arm-none-eabi/5.3.1/../../../../arm-none-eabi/lib/armv7e-m\libc.a(lib_a-dtoa.o)
 .ARM.attributes
                0x00000836       0x2e c:/program files (x86)/atmel/studio/7.0/toolchain/arm/arm-gnu-toolchain/bin/../lib/gcc/arm-none-eabi/5.3.1/../../../../arm-none-eabi/lib/armv7e-m\libc.a(lib_a-fflush.o)
 .ARM.attributes
                0x00000864       0x2e c:/program files (x86)/atmel/studio/7.0/toolchain/arm/arm-gnu-toolchain/bin/../lib/gcc/arm-none-eabi/5.3.1/../../../../arm-none-eabi/lib/armv7e-m\libc.a(lib_a-findfp.o)
 .ARM.attributes
                0x00000892       0x2e c:/program files (x86)/atmel/studio/7.0/toolchain/arm/arm-gnu-toolchain/bin/../lib/gcc/arm-none-eabi/5.3.1/../../../../arm-none-eabi/lib/armv7e-m\libc.a(lib_a-fini.o)
 .ARM.attributes
                0x000008c0       0x2e c:/program files (x86)/atmel/studio/7.0/toolchain/arm/arm-gnu-toolchain/bin/../lib/gcc/arm-none-eabi/5.3.1/../../../../arm-none-eabi/lib/armv7e-m\libc.a(lib_a-fputwc.o)
 .ARM.attributes
                0x000008ee       0x2e c:/program files (x86)/atmel/studio/7.0/toolchain/arm/arm-gnu-toolchain/bin/../lib/gcc/arm-none-eabi/5.3.1/../../../../arm-none-eabi/lib/armv7e-m\libc.a(lib_a-freer.o)
 .ARM.attributes
                0x0000091c       0x2e c:/program files (x86)/atmel/studio/7.0/toolchain/arm/arm-gnu-toolchain/bin/../lib/gcc/arm-none-eabi/5.3.1/../../../../arm-none-eabi/lib/armv7e-m\libc.a(lib_a-fvwrite.o)
 .ARM.attributes
                0x0000094a       0x2e c:/program files (x86)/atmel/studio/7.0/toolchain/arm/arm-gnu-toolchain/bin/../lib/gcc/arm-none-eabi/5.3.1/../../../../arm-none-eabi/lib/armv7e-m\libc.a(lib_a-fwalk.o)
 .ARM.attributes
                0x00000978       0x2e c:/program files (x86)/atmel/studio/7.0/toolchain/arm/arm-gnu-toolchain/bin/../lib/gcc/arm-none-eabi/5.3.1/../../../../arm-none-eabi/lib/armv7e-m\libc.a(lib_a-locale.o)
 .ARM.attributes
                0x000009a6       0x2e c:/program files (x86)/atmel/studio/7.0/toolchain/arm/arm-gnu-toolchain/bin/../lib/gcc/arm-none-eabi/5.3.1/../../../../arm-none-eabi/lib/armv7e-m\libc.a(lib_a-makebuf.o)
 .ARM.attributes
                0x000009d4       0x2e c:/program files (x86)/atmel/studio/7.0/toolchain/arm/arm-gnu-toolchain/bin/../lib/gcc/arm-none-eabi/5.3.1/../../../../arm-none-eabi/lib/armv7e-m\libc.a(lib_a-malloc.o)
 .ARM.attributes
                0x00000a02       0x2e c:/program files (x86)/atmel/studio/7.0/toolchain/arm/arm-gnu-toolchain/bin/../lib/gcc/arm-none-eabi/5.3.1/../../../../arm-none-eabi/lib/armv7e-m\libc.a(lib_a-mallocr.o)
 .ARM.attributes
                0x00000a30       0x1c c:/program files (x86)/atmel/studio/7.0/toolchain/arm/arm-gnu-toolchain/bin/../lib/gcc/arm-none-eabi/5.3.1/../../../../arm-none-eabi/lib/armv7e-m\libc.a(lib_a-memchr.o)
 .ARM.attributes
                0x00000a4c       0x2e c:/program files (x86)/atmel/studio/7.0/toolchain/arm/arm-gnu-toolchain/bin/../lib/gcc/arm-none-eabi/5.3.1/../../../../arm-none-eabi/lib/armv7e-m\libc.a(lib_a-memmove.o)
 .ARM.attributes
                0x00000a7a       0x2e c:/program files (x86)/atmel/studio/7.0/toolchain/arm/arm-gnu-toolchain/bin/../lib/gcc/arm-none-eabi/5.3.1/../../../../arm-none-eabi/lib/armv7e-m\libc.a(lib_a-mlock.o)
 .ARM.attributes
                0x00000aa8       0x2e c:/program files (x86)/atmel/studio/7.0/toolchain/arm/arm-gnu-toolchain/bin/../lib/gcc/arm-none-eabi/5.3.1/../../../../arm-none-eabi/lib/armv7e-m\libc.a(lib_a-mprec.o)
 .ARM.attributes
                0x00000ad6       0x2e c:/program files (x86)/atmel/studio/7.0/toolchain/arm/arm-gnu-toolchain/bin/../lib/gcc/arm-none-eabi/5.3.1/../../../../arm-none-eabi/lib/armv7e-m\libc.a(lib_a-reallocr.o)
 .ARM.attributes
                0x00000b04       0x2e c:/program files (x86)/atmel/studio/7.0/toolchain/arm/arm-gnu-toolchain/bin/../lib/gcc/arm-none-eabi/5.3.1/../../../../arm-none-eabi/lib/armv7e-m\libc.a(lib_a-sbrkr.o)
 .ARM.attributes
                0x00000b32       0x2e c:/program files (x86)/atmel/studio/7.0/toolchain/arm/arm-gnu-toolchain/bin/../lib/gcc/arm-none-eabi/5.3.1/../../../../arm-none-eabi/lib/armv7e-m\libc.a(lib_a-stdio.o)
 .ARM.attributes
                0x00000b60       0x1c c:/program files (x86)/atmel/studio/7.0/toolchain/arm/arm-gnu-toolchain/bin/../lib/gcc/arm-none-eabi/5.3.1/../../../../arm-none-eabi/lib/armv7e-m\libc.a(lib_a-strlen.o)
 .ARM.attributes
                0x00000b7c       0x2e c:/program files (x86)/atmel/studio/7.0/toolchain/arm/arm-gnu-toolchain/bin/../lib/gcc/arm-none-eabi/5.3.1/../../../../arm-none-eabi/lib/armv7e-m\libc.a(lib_a-svfiprintf.o)
 .ARM.attributes
                0x00000baa       0x2e c:/program files (x86)/atmel/studio/7.0/toolchain/arm/arm-gnu-toolchain/bin/../lib/gcc/arm-none-eabi/5.3.1/../../../../arm-none-eabi/lib/armv7e-m\libc.a(lib_a-wbuf.o)
 .ARM.attributes
                0x00000bd8       0x2e c:/program files (x86)/atmel/studio/7.0/toolchain/arm/arm-gnu-toolchain/bin/../lib/gcc/arm-none-eabi/5.3.1/../../../../arm-none-eabi/lib/armv7e-m\libc.a(lib_a-wcrtomb.o)
 .ARM.attributes
                0x00000c06       0x2e c:/program files (x86)/atmel/studio/7.0/toolchain/arm/arm-gnu-toolchain/bin/../lib/gcc/arm-none-eabi/5.3.1/../../../../arm-none-eabi/lib/armv7e-m\libc.a(lib_a-wctomb_r.o)
 .ARM.attributes
                0x00000c34       0x2e c:/program files (x86)/atmel/studio/7.0/toolchain/arm/arm-gnu-toolchain/bin/../lib/gcc/arm-none-eabi/5.3.1/../../../../arm-none-eabi/lib/armv7e-m\libc.a(lib_a-writer.o)
 .ARM.attributes
                0x00000c62       0x2e c:/program files (x86)/atmel/studio/7.0/toolchain/arm/arm-gnu-toolchain/bin/../lib/gcc/arm-none-eabi/5.3.1/../../../../arm-none-eabi/lib/armv7e-m\libc.a(lib_a-__atexit.o)
 .ARM.attributes
                0x00000c90       0x2e c:/program files (x86)/atmel/studio/7.0/toolchain/arm/arm-gnu-toolchain/bin/../lib/gcc/arm-none-eabi/5.3.1/../../../../arm-none-eabi/lib/armv7e-m\libc.a(lib_a-callocr.o)
 .ARM.attributes
                0x00000cbe       0x2e c:/program files (x86)/atmel/studio/7.0/toolchain/arm/arm-gnu-toolchain/bin/../lib/gcc/arm-none-eabi/5.3.1/../../../../arm-none-eabi/lib/armv7e-m\libc.a(lib_a-closer.o)
 .ARM.attributes
                0x00000cec       0x2e c:/program files (x86)/atmel/studio/7.0/toolchain/arm/arm-gnu-toolchain/bin/../lib/gcc/arm-none-eabi/5.3.1/../../../../arm-none-eabi/lib/armv7e-m\libc.a(lib_a-fclose.o)
 .ARM.attributes
                0x00000d1a       0x2e c:/program files (x86)/atmel/studio/7.0/toolchain/arm/arm-gnu-toolchain/bin/../lib/gcc/arm-none-eabi/5.3.1/../../../../arm-none-eabi/lib/armv7e-m\libc.a(lib_a-fstatr.o)
 .ARM.attributes
                0x00000d48       0x2e c:/program files (x86)/atmel/studio/7.0/toolchain/arm/arm-gnu-toolchain/bin/../lib/gcc/arm-none-eabi/5.3.1/../../../../arm-none-eabi/lib/armv7e-m\libc.a(lib_a-isattyr.o)
 .ARM.attributes
                0x00000d76       0x2e c:/program files (x86)/atmel/studio/7.0/toolchain/arm/arm-gnu-toolchain/bin/../lib/gcc/arm-none-eabi/5.3.1/../../../../arm-none-eabi/lib/armv7e-m\libc.a(lib_a-lseekr.o)
 .ARM.attributes
                0x00000da4       0x2e c:/program files (x86)/atmel/studio/7.0/toolchain/arm/arm-gnu-toolchain/bin/../lib/gcc/arm-none-eabi/5.3.1/../../../../arm-none-eabi/lib/armv7e-m\libc.a(lib_a-readr.o)
 .ARM.attributes
                0x00000dd2       0x2e c:/program files (x86)/atmel/studio/7.0/toolchain/arm/arm-gnu-toolchain/bin/../lib/gcc/arm-none-eabi/5.3.1/../../../../arm-none-eabi/lib/armv7e-m\libc.a(lib_a-reent.o)
 .ARM.attributes
                0x00000e00       0x1e c:/program files (x86)/atmel/studio/7.0/toolchain/arm/arm-gnu-toolchain/bin/../lib/gcc/arm-none-eabi/5.3.1/armv7e-m\libgcc.a(_aeabi_uldivmod.o)
 .ARM.attributes
                0x00000e1e       0x2e c:/program files (x86)/atmel/studio/7.0/toolchain/arm/arm-gnu-toolchain/bin/../lib/gcc/arm-none-eabi/5.3.1/armv7e-m\libgcc.a(_udivmoddi4.o)
 .ARM.attributes
                0x00000e4c       0x1e c:/program files (x86)/atmel/studio/7.0/toolchain/arm/arm-gnu-toolchain/bin/../lib/gcc/arm-none-eabi/5.3.1/armv7e-m\libgcc.a(_dvmd_tls.o)
 .ARM.attributes
                0x00000e6a       0x1e c:/program files (x86)/atmel/studio/7.0/toolchain/arm/arm-gnu-toolchain/bin/../lib/gcc/arm-none-eabi/5.3.1/armv7e-m/crtn.o

.comment        0x00000000       0x59
 .comment       0x00000000       0x59 src/Driver/bluetooth.o
                                 0x5a (size before relaxing)
 .comment       0x00000059       0x5a src/Driver/mcu6050.o
 .comment       0x00000059       0x5a src/ASF/common/services/clock/same70/sysclk.o
 .comment       0x00000059       0x5a src/ASF/common/utils/interrupt/interrupt_sam_nvic.o
 .comment       0x00000059       0x5a src/ASF/common/utils/stdio/read.o
 .comment       0x00000059       0x5a src/ASF/common/utils/stdio/write.o
 .comment       0x00000059       0x5a src/ASF/sam/boards/same70_xplained/init.o
 .comment       0x00000059       0x5a src/ASF/sam/drivers/pio/pio.o
 .comment       0x00000059       0x5a src/ASF/sam/drivers/pio/pio_handler.o
 .comment       0x00000059       0x5a src/ASF/sam/drivers/pmc/pmc.o
 .comment       0x00000059       0x5a src/ASF/sam/drivers/tc/tc.o
 .comment       0x00000059       0x5a src/ASF/sam/drivers/twihs/twihs.o
 .comment       0x00000059       0x5a src/ASF/sam/drivers/uart/uart.o
 .comment       0x00000059       0x5a src/ASF/sam/drivers/usart/usart.o
 .comment       0x00000059       0x5a src/ASF/sam/utils/cmsis/same70/source/templates/gcc/startup_same70.o
 .comment       0x00000059       0x5a src/ASF/sam/utils/cmsis/same70/source/templates/system_same70.o
 .comment       0x00000059       0x5a src/ASF/sam/utils/syscalls/gcc/syscalls.o
 .comment       0x00000059       0x5a src/main.o

.debug_info     0x00000000     0xea36
 .debug_info    0x00000000     0x14d0 src/Driver/bluetooth.o
 .debug_info    0x000014d0      0xe8b src/Driver/mcu6050.o
 .debug_info    0x0000235b      0x759 src/ASF/common/services/clock/same70/sysclk.o
 .debug_info    0x00002ab4      0x1e9 src/ASF/common/utils/interrupt/interrupt_sam_nvic.o
 .debug_info    0x00002c9d      0x1ae src/ASF/common/utils/stdio/read.o
 .debug_info    0x00002e4b      0x1bc src/ASF/common/utils/stdio/write.o
 .debug_info    0x00003007     0x165b src/ASF/sam/boards/same70_xplained/init.o
 .debug_info    0x00004662     0x12a5 src/ASF/sam/drivers/pio/pio.o
 .debug_info    0x00005907     0x101e src/ASF/sam/drivers/pio/pio_handler.o
 .debug_info    0x00006925     0x148a src/ASF/sam/drivers/pmc/pmc.o
 .debug_info    0x00007daf      0x938 src/ASF/sam/drivers/tc/tc.o
 .debug_info    0x000086e7      0xb0a src/ASF/sam/drivers/twihs/twihs.o
 .debug_info    0x000091f1      0x745 src/ASF/sam/drivers/uart/uart.o
 .debug_info    0x00009936     0x16d8 src/ASF/sam/drivers/usart/usart.o
 .debug_info    0x0000b00e      0xc04 src/ASF/sam/utils/cmsis/same70/source/templates/gcc/startup_same70.o
 .debug_info    0x0000bc12      0x570 src/ASF/sam/utils/cmsis/same70/source/templates/system_same70.o
 .debug_info    0x0000c182      0x435 src/ASF/sam/utils/syscalls/gcc/syscalls.o
 .debug_info    0x0000c5b7     0x247f src/main.o

.debug_abbrev   0x00000000     0x20e5
 .debug_abbrev  0x00000000      0x2af src/Driver/bluetooth.o
 .debug_abbrev  0x000002af      0x22d src/Driver/mcu6050.o
 .debug_abbrev  0x000004dc      0x1c5 src/ASF/common/services/clock/same70/sysclk.o
 .debug_abbrev  0x000006a1       0xef src/ASF/common/utils/interrupt/interrupt_sam_nvic.o
 .debug_abbrev  0x00000790       0xdd src/ASF/common/utils/stdio/read.o
 .debug_abbrev  0x0000086d       0xe6 src/ASF/common/utils/stdio/write.o
 .debug_abbrev  0x00000953      0x34d src/ASF/sam/boards/same70_xplained/init.o
 .debug_abbrev  0x00000ca0      0x1c2 src/ASF/sam/drivers/pio/pio.o
 .debug_abbrev  0x00000e62      0x225 src/ASF/sam/drivers/pio/pio_handler.o
 .debug_abbrev  0x00001087      0x229 src/ASF/sam/drivers/pmc/pmc.o
 .debug_abbrev  0x000012b0      0x158 src/ASF/sam/drivers/tc/tc.o
 .debug_abbrev  0x00001408      0x1fa src/ASF/sam/drivers/twihs/twihs.o
 .debug_abbrev  0x00001602      0x169 src/ASF/sam/drivers/uart/uart.o
 .debug_abbrev  0x0000176b      0x1da src/ASF/sam/drivers/usart/usart.o
 .debug_abbrev  0x00001945      0x214 src/ASF/sam/utils/cmsis/same70/source/templates/gcc/startup_same70.o
 .debug_abbrev  0x00001b59       0xf5 src/ASF/sam/utils/cmsis/same70/source/templates/system_same70.o
 .debug_abbrev  0x00001c4e      0x120 src/ASF/sam/utils/syscalls/gcc/syscalls.o
 .debug_abbrev  0x00001d6e      0x377 src/main.o

.debug_loc      0x00000000     0x7d76
 .debug_loc     0x00000000      0x294 src/Driver/bluetooth.o
 .debug_loc     0x00000294      0x1a4 src/Driver/mcu6050.o
 .debug_loc     0x00000438      0x4a0 src/ASF/common/services/clock/same70/sysclk.o
 .debug_loc     0x000008d8       0xa0 src/ASF/common/utils/interrupt/interrupt_sam_nvic.o
 .debug_loc     0x00000978       0x50 src/ASF/common/utils/stdio/read.o
 .debug_loc     0x000009c8       0x50 src/ASF/common/utils/stdio/write.o
 .debug_loc     0x00000a18      0x358 src/ASF/sam/boards/same70_xplained/init.o
 .debug_loc     0x00000d70     0x1174 src/ASF/sam/drivers/pio/pio.o
 .debug_loc     0x00001ee4      0x38c src/ASF/sam/drivers/pio/pio_handler.o
 .debug_loc     0x00002270     0x1714 src/ASF/sam/drivers/pmc/pmc.o
 .debug_loc     0x00003984      0x844 src/ASF/sam/drivers/tc/tc.o
 .debug_loc     0x000041c8      0x978 src/ASF/sam/drivers/twihs/twihs.o
 .debug_loc     0x00004b40      0x8a0 src/ASF/sam/drivers/uart/uart.o
 .debug_loc     0x000053e0     0x1e4c src/ASF/sam/drivers/usart/usart.o
 .debug_loc     0x0000722c      0x16c src/ASF/sam/utils/cmsis/same70/source/templates/gcc/startup_same70.o
 .debug_loc     0x00007398       0xe4 src/ASF/sam/utils/cmsis/same70/source/templates/system_same70.o
 .debug_loc     0x0000747c      0x324 src/ASF/sam/utils/syscalls/gcc/syscalls.o
 .debug_loc     0x000077a0      0x5d6 src/main.o

.debug_aranges  0x00000000      0xd78
 .debug_aranges
                0x00000000       0x60 src/Driver/bluetooth.o
 .debug_aranges
                0x00000060       0x48 src/Driver/mcu6050.o
 .debug_aranges
                0x000000a8       0x98 src/ASF/common/services/clock/same70/sysclk.o
 .debug_aranges
                0x00000140       0x28 src/ASF/common/utils/interrupt/interrupt_sam_nvic.o
 .debug_aranges
                0x00000168       0x20 src/ASF/common/utils/stdio/read.o
 .debug_aranges
                0x00000188       0x20 src/ASF/common/utils/stdio/write.o
 .debug_aranges
                0x000001a8       0x70 src/ASF/sam/boards/same70_xplained/init.o
 .debug_aranges
                0x00000218      0x1a8 src/ASF/sam/drivers/pio/pio.o
 .debug_aranges
                0x000003c0       0x80 src/ASF/sam/drivers/pio/pio_handler.o
 .debug_aranges
                0x00000440      0x250 src/ASF/sam/drivers/pmc/pmc.o
 .debug_aranges
                0x00000690       0xd0 src/ASF/sam/drivers/tc/tc.o
 .debug_aranges
                0x00000760       0xf0 src/ASF/sam/drivers/twihs/twihs.o
 .debug_aranges
                0x00000850       0xd8 src/ASF/sam/drivers/uart/uart.o
 .debug_aranges
                0x00000928      0x2c8 src/ASF/sam/drivers/usart/usart.o
 .debug_aranges
                0x00000bf0       0x40 src/ASF/sam/utils/cmsis/same70/source/templates/gcc/startup_same70.o
 .debug_aranges
                0x00000c30       0x30 src/ASF/sam/utils/cmsis/same70/source/templates/system_same70.o
 .debug_aranges
                0x00000c60       0x60 src/ASF/sam/utils/syscalls/gcc/syscalls.o
 .debug_aranges
                0x00000cc0       0xb8 src/main.o

.debug_ranges   0x00000000      0xcd0
 .debug_ranges  0x00000000       0x50 src/Driver/bluetooth.o
 .debug_ranges  0x00000050       0x38 src/Driver/mcu6050.o
 .debug_ranges  0x00000088       0x88 src/ASF/common/services/clock/same70/sysclk.o
 .debug_ranges  0x00000110       0x18 src/ASF/common/utils/interrupt/interrupt_sam_nvic.o
 .debug_ranges  0x00000128       0x10 src/ASF/common/utils/stdio/read.o
 .debug_ranges  0x00000138       0x10 src/ASF/common/utils/stdio/write.o
 .debug_ranges  0x00000148       0xd8 src/ASF/sam/boards/same70_xplained/init.o
 .debug_ranges  0x00000220      0x198 src/ASF/sam/drivers/pio/pio.o
 .debug_ranges  0x000003b8       0x70 src/ASF/sam/drivers/pio/pio_handler.o
 .debug_ranges  0x00000428      0x240 src/ASF/sam/drivers/pmc/pmc.o
 .debug_ranges  0x00000668       0xc0 src/ASF/sam/drivers/tc/tc.o
 .debug_ranges  0x00000728       0xe0 src/ASF/sam/drivers/twihs/twihs.o
 .debug_ranges  0x00000808       0xc8 src/ASF/sam/drivers/uart/uart.o
 .debug_ranges  0x000008d0      0x2b8 src/ASF/sam/drivers/usart/usart.o
 .debug_ranges  0x00000b88       0x30 src/ASF/sam/utils/cmsis/same70/source/templates/gcc/startup_same70.o
 .debug_ranges  0x00000bb8       0x20 src/ASF/sam/utils/cmsis/same70/source/templates/system_same70.o
 .debug_ranges  0x00000bd8       0x50 src/ASF/sam/utils/syscalls/gcc/syscalls.o
 .debug_ranges  0x00000c28       0xa8 src/main.o

.debug_macro    0x00000000    0x20d0c
 .debug_macro   0x00000000      0x808 src/Driver/bluetooth.o
 .debug_macro   0x00000808      0x8aa src/Driver/bluetooth.o
 .debug_macro   0x000010b2      0x16d src/Driver/bluetooth.o
 .debug_macro   0x0000121f      0x652 src/Driver/bluetooth.o
 .debug_macro   0x00001871       0x76 src/Driver/bluetooth.o
 .debug_macro   0x000018e7       0x16 src/Driver/bluetooth.o
 .debug_macro   0x000018fd      0x6e4 src/Driver/bluetooth.o
 .debug_macro   0x00001fe1       0x22 src/Driver/bluetooth.o
 .debug_macro   0x00002003       0x87 src/Driver/bluetooth.o
 .debug_macro   0x0000208a       0x44 src/Driver/bluetooth.o
 .debug_macro   0x000020ce       0xfd src/Driver/bluetooth.o
 .debug_macro   0x000021cb       0x22 src/Driver/bluetooth.o
 .debug_macro   0x000021ed      0x1df src/Driver/bluetooth.o
 .debug_macro   0x000023cc       0x4a src/Driver/bluetooth.o
 .debug_macro   0x00002416       0x3b src/Driver/bluetooth.o
 .debug_macro   0x00002451       0x2d src/Driver/bluetooth.o
 .debug_macro   0x0000247e       0x26 src/Driver/bluetooth.o
 .debug_macro   0x000024a4      0xf9a src/Driver/bluetooth.o
 .debug_macro   0x0000343e      0x175 src/Driver/bluetooth.o
 .debug_macro   0x000035b3      0x257 src/Driver/bluetooth.o
 .debug_macro   0x0000380a      0xa0f src/Driver/bluetooth.o
 .debug_macro   0x00004219      0x1b9 src/Driver/bluetooth.o
 .debug_macro   0x000043d2      0x336 src/Driver/bluetooth.o
 .debug_macro   0x00004708      0x15b src/Driver/bluetooth.o
 .debug_macro   0x00004863     0x1851 src/Driver/bluetooth.o
 .debug_macro   0x000060b4       0x1c src/Driver/bluetooth.o
 .debug_macro   0x000060d0      0x68d src/Driver/bluetooth.o
 .debug_macro   0x0000675d      0x31e src/Driver/bluetooth.o
 .debug_macro   0x00006a7b      0x4d4 src/Driver/bluetooth.o
 .debug_macro   0x00006f4f      0x56e src/Driver/bluetooth.o
 .debug_macro   0x000074bd     0x1332 src/Driver/bluetooth.o
 .debug_macro   0x000087ef     0x278d src/Driver/bluetooth.o
 .debug_macro   0x0000af7c     0x102b src/Driver/bluetooth.o
 .debug_macro   0x0000bfa7      0xe01 src/Driver/bluetooth.o
 .debug_macro   0x0000cda8      0x3b1 src/Driver/bluetooth.o
 .debug_macro   0x0000d159       0xa0 src/Driver/bluetooth.o
 .debug_macro   0x0000d1f9       0x76 src/Driver/bluetooth.o
 .debug_macro   0x0000d26f      0x409 src/Driver/bluetooth.o
 .debug_macro   0x0000d678       0x64 src/Driver/bluetooth.o
 .debug_macro   0x0000d6dc      0x284 src/Driver/bluetooth.o
 .debug_macro   0x0000d960      0x1d0 src/Driver/bluetooth.o
 .debug_macro   0x0000db30      0x248 src/Driver/bluetooth.o
 .debug_macro   0x0000dd78      0x524 src/Driver/bluetooth.o
 .debug_macro   0x0000e29c      0x63b src/Driver/bluetooth.o
 .debug_macro   0x0000e8d7      0x6b8 src/Driver/bluetooth.o
 .debug_macro   0x0000ef8f       0x4c src/Driver/bluetooth.o
 .debug_macro   0x0000efdb      0x468 src/Driver/bluetooth.o
 .debug_macro   0x0000f443      0x207 src/Driver/bluetooth.o
 .debug_macro   0x0000f64a      0x866 src/Driver/bluetooth.o
 .debug_macro   0x0000feb0     0x1547 src/Driver/bluetooth.o
 .debug_macro   0x000113f7       0x40 src/Driver/bluetooth.o
 .debug_macro   0x00011437       0x76 src/Driver/bluetooth.o
 .debug_macro   0x000114ad      0xdaf src/Driver/bluetooth.o
 .debug_macro   0x0001225c       0x82 src/Driver/bluetooth.o
 .debug_macro   0x000122de       0x76 src/Driver/bluetooth.o
 .debug_macro   0x00012354       0x4c src/Driver/bluetooth.o
 .debug_macro   0x000123a0      0x135 src/Driver/bluetooth.o
 .debug_macro   0x000124d5      0x135 src/Driver/bluetooth.o
 .debug_macro   0x0001260a      0x135 src/Driver/bluetooth.o
 .debug_macro   0x0001273f       0x6a src/Driver/bluetooth.o
 .debug_macro   0x000127a9       0x6a src/Driver/bluetooth.o
 .debug_macro   0x00012813      0x313 src/Driver/bluetooth.o
 .debug_macro   0x00012b26       0xb2 src/Driver/bluetooth.o
 .debug_macro   0x00012bd8       0xb2 src/Driver/bluetooth.o
 .debug_macro   0x00012c8a       0xb2 src/Driver/bluetooth.o
 .debug_macro   0x00012d3c      0x11d src/Driver/bluetooth.o
 .debug_macro   0x00012e59      0x11d src/Driver/bluetooth.o
 .debug_macro   0x00012f76      0x2cd src/Driver/bluetooth.o
 .debug_macro   0x00013243       0xb8 src/Driver/bluetooth.o
 .debug_macro   0x000132fb       0x5e src/Driver/bluetooth.o
 .debug_macro   0x00013359       0x40 src/Driver/bluetooth.o
 .debug_macro   0x00013399       0x4c src/Driver/bluetooth.o
 .debug_macro   0x000133e5       0xa0 src/Driver/bluetooth.o
 .debug_macro   0x00013485      0x494 src/Driver/bluetooth.o
 .debug_macro   0x00013919      0x135 src/Driver/bluetooth.o
 .debug_macro   0x00013a4e       0x4c src/Driver/bluetooth.o
 .debug_macro   0x00013a9a      0x313 src/Driver/bluetooth.o
 .debug_macro   0x00013dad       0x6a src/Driver/bluetooth.o
 .debug_macro   0x00013e17       0xb8 src/Driver/bluetooth.o
 .debug_macro   0x00013ecf       0x6a src/Driver/bluetooth.o
 .debug_macro   0x00013f39       0x2e src/Driver/bluetooth.o
 .debug_macro   0x00013f67      0x9b1 src/Driver/bluetooth.o
 .debug_macro   0x00014918       0x6a src/Driver/bluetooth.o
 .debug_macro   0x00014982       0x88 src/Driver/bluetooth.o
 .debug_macro   0x00014a0a       0x58 src/Driver/bluetooth.o
 .debug_macro   0x00014a62       0xe2 src/Driver/bluetooth.o
 .debug_macro   0x00014b44       0x16 src/Driver/bluetooth.o
 .debug_macro   0x00014b5a       0xe2 src/Driver/bluetooth.o
 .debug_macro   0x00014c3c       0x4c src/Driver/bluetooth.o
 .debug_macro   0x00014c88       0x16 src/Driver/bluetooth.o
 .debug_macro   0x00014c9e       0x4c src/Driver/bluetooth.o